108.35.164.243 - - [16/Oct/2024:01:48:11 +0000] "GET /media/images/IMG_3923.jpeg HTTP/1.1" 200 685441 "https://spite.fr/?fbclid=PAZXh0bgNhZW0CMTEAAaZiq26dnFXP3S97zO9rCvt11QiQfGsPLOHQ9df0sJca9Trc3SU1SnA4NVA_aem_kyUVqMSnPGvYlvVf8FtoSw" "Mozilla/5.0 (iPhone; CPU iPhone OS 17_6_1 like Mac OS X) AppleWebKit/605.1.15 (KHTML, like Gecko) Mobile/21G93 Instagram 352.2.0.36.89 (iPhone15,3; iOS 17_6_1; en_US; en-US; scale=3.00; 1290x2796; 650375967; IABMV/1)"
108.35.164.243 - - [16/Oct/2024:01:48:17 +0000] "GET /media/images/IMG_3964_mgoDl2k.jpeg HTTP/1.1" 200 3772753 "https://spite.fr/?fbclid=PAZXh0bgNhZW0CMTEAAaZiq26dnFXP3S97zO9rCvt11QiQfGsPLOHQ9df0sJca9Trc3SU1SnA4NVA_aem_kyUVqMSnPGvYlvVf8FtoSw" "Mozilla/5.0 (iPhone; CPU iPhone OS 17_6_1 like Mac OS X) AppleWebKit/605.1.15 (KHTML, like Gecko) Version/17.6 Mobile/15E148 Safari/604.1"
108.35.164.243 - - [16/Oct/2024:01:48:20 +0000] "GET /post/7209/ HTTP/1.1" 200 1882 "https://spite.fr/?fbclid=PAZXh0bgNhZW0CMTEAAaZiq26dnFXP3S97zO9rCvt11QiQfGsPLOHQ9df0sJca9Trc3SU1SnA4NVA_aem_kyUVqMSnPGvYlvVf8FtoSw" "Mozilla/5.0 (iPhone; CPU iPhone OS 17_6_1 like Mac OS X) AppleWebKit/605.1.15 (KHTML, like Gecko) Version/17.6 Mobile/15E148 Safari/604.1"
108.35.164.243 - - [16/Oct/2024:01:48:25 +0000] "GET /post/7206/ HTTP/1.1" 200 1946 "https://spite.fr/?fbclid=PAZXh0bgNhZW0CMTEAAaZiq26dnFXP3S97zO9rCvt11QiQfGsPLOHQ9df0sJca9Trc3SU1SnA4NVA_aem_kyUVqMSnPGvYlvVf8FtoSw" "Mozilla/5.0 (iPhone; CPU iPhone OS 17_6_1 like Mac OS X) AppleWebKit/605.1.15 (KHTML, like Gecko) Version/17.6 Mobile/15E148 Safari/604.1"
108.35.164.243 - - [16/Oct/2024:01:48:28 +0000] "GET /media/images/IMG_3963.jpeg HTTP/1.1" 200 3598158 "https://spite.fr/?fbclid=PAZXh0bgNhZW0CMTEAAaZiq26dnFXP3S97zO9rCvt11QiQfGsPLOHQ9df0sJca9Trc3SU1SnA4NVA_aem_kyUVqMSnPGvYlvVf8FtoSw" "Mozilla/5.0 (iPhone; CPU iPhone OS 17_6_1 like Mac OS X) AppleWebKit/605.1.15 (KHTML, like Gecko) Version/17.6 Mobile/15E148 Safari/604.1"
174.109.131.12 - - [16/Oct/2024:01:48:29 +0000] "GET /media/images/IMG_3964_mgoDl2k.jpeg HTTP/1.1" 304 0 "https://spite.fr/" "Mozilla/5.0 (iPhone; CPU iPhone OS 17_6_1 like Mac OS X) AppleWebKit/605.1.15 (KHTML, like Gecko) Version/17.6 Mobile/15E148 Safari/604.1"
108.35.164.243 - - [16/Oct/2024:01:48:30 +0000] "GET /media/images/IMG_3962.jpeg HTTP/1.1" 200 1545652 "https://spite.fr/?fbclid=PAZXh0bgNhZW0CMTEAAaZiq26dnFXP3S97zO9rCvt11QiQfGsPLOHQ9df0sJca9Trc3SU1SnA4NVA_aem_kyUVqMSnPGvYlvVf8FtoSw" "Mozilla/5.0 (iPhone; CPU iPhone OS 17_6_1 like Mac OS X) AppleWebKit/605.1.15 (KHTML, like Gecko) Version/17.6 Mobile/15E148 Safari/604.1"
108.35.164.243 - - [16/Oct/2024:01:48:33 +0000] "GET /media/images/IMG_3961.jpeg HTTP/1.1" 200 2701565 "https://spite.fr/?fbclid=PAZXh0bgNhZW0CMTEAAaZiq26dnFXP3S97zO9rCvt11QiQfGsPLOHQ9df0sJca9Trc3SU1SnA4NVA_aem_kyUVqMSnPGvYlvVf8FtoSw" "Mozilla/5.0 (iPhone; CPU iPhone OS 17_6_1 like Mac OS X) AppleWebKit/605.1.15 (KHTML, like Gecko) Version/17.6 Mobile/15E148 Safari/604.1"
108.35.164.243 - - [16/Oct/2024:01:48:33 +0000] "GET /media/images/IMG_3959.jpeg HTTP/1.1" 200 2093342 "https://spite.fr/?fbclid=PAZXh0bgNhZW0CMTEAAaZiq26dnFXP3S97zO9rCvt11QiQfGsPLOHQ9df0sJca9Trc3SU1SnA4NVA_aem_kyUVqMSnPGvYlvVf8FtoSw" "Mozilla/5.0 (iPhone; CPU iPhone OS 17_6_1 like Mac OS X) AppleWebKit/605.1.15 (KHTML, like Gecko) Version/17.6 Mobile/15E148 Safari/604.1"
66.249.79.32 - - [16/Oct/2024:01:48:34 +0000] "GET /post/7208/reply/ HTTP/1.1" 200 2475 "-" "Mozilla/5.0 (Linux; Android 6.0.1; Nexus 5X Build/MMB29P) AppleWebKit/537.36 (KHTML, like Gecko) Chrome/129.0.6668.89 Mobile Safari/537.36 (compatible; Googlebot/2.1; +http://www.google.com/bot.html)"
108.35.164.243 - - [16/Oct/2024:01:48:35 +0000] "GET /media/images/IMG_2708_eO61LoK.jpeg HTTP/1.1" 200 6085067 "https://spite.fr/?fbclid=PAZXh0bgNhZW0CMTEAAaZiq26dnFXP3S97zO9rCvt11QiQfGsPLOHQ9df0sJca9Trc3SU1SnA4NVA_aem_kyUVqMSnPGvYlvVf8FtoSw" "Mozilla/5.0 (iPhone; CPU iPhone OS 17_6_1 like Mac OS X) AppleWebKit/605.1.15 (KHTML, like Gecko) Version/17.6 Mobile/15E148 Safari/604.1"
108.35.164.243 - - [16/Oct/2024:01:48:36 +0000] "GET /media/images/IMG_2708.jpeg HTTP/1.1" 200 6085067 "https://spite.fr/?fbclid=PAZXh0bgNhZW0CMTEAAaZiq26dnFXP3S97zO9rCvt11QiQfGsPLOHQ9df0sJca9Trc3SU1SnA4NVA_aem_kyUVqMSnPGvYlvVf8FtoSw" "Mozilla/5.0 (iPhone; CPU iPhone OS 17_6_1 like Mac OS X) AppleWebKit/605.1.15 (KHTML, like Gecko) Version/17.6 Mobile/15E148 Safari/604.1"
107.116.89.44 - - [16/Oct/2024:01:48:47 +0000] "GET / HTTP/1.1" 200 8786 "https://spite.fr/post/new" "Mozilla/5.0 (Android 13; Mobile; rv:131.0) Gecko/131.0 Firefox/131.0"
107.116.89.44 - - [16/Oct/2024:01:48:47 +0000] "GET /static/css/styles.css HTTP/1.1" 200 7777 "https://spite.fr/" "Mozilla/5.0 (Android 13; Mobile; rv:131.0) Gecko/131.0 Firefox/131.0"
107.116.89.44 - - [16/Oct/2024:01:48:47 +0000] "GET /static/js/load_more.js HTTP/1.1" 200 1287 "https://spite.fr/" "Mozilla/5.0 (Android 13; Mobile; rv:131.0) Gecko/131.0 Firefox/131.0"
107.116.89.44 - - [16/Oct/2024:01:48:47 +0000] "GET /static/media/spite-logo.png HTTP/1.1" 200 19027 "https://spite.fr/" "Mozilla/5.0 (Android 13; Mobile; rv:131.0) Gecko/131.0 Firefox/131.0"
107.116.89.44 - - [16/Oct/2024:01:48:47 +0000] "GET /static/media/anon.jpg HTTP/1.1" 200 9983 "https://spite.fr/" "Mozilla/5.0 (Android 13; Mobile; rv:131.0) Gecko/131.0 Firefox/131.0"
107.116.89.44 - - [16/Oct/2024:01:48:48 +0000] "GET /static/favicon.ico HTTP/1.1" 404 134 "-" "Mozilla/5.0 (Android 13; Mobile; rv:131.0) Gecko/131.0 Firefox/131.0"
107.116.89.44 - - [16/Oct/2024:01:48:48 +0000] "GET /static/media/spitemagazine.gif HTTP/1.1" 200 849136 "https://spite.fr/" "Mozilla/5.0 (Android 13; Mobile; rv:131.0) Gecko/131.0 Firefox/131.0"
107.116.89.44 - - [16/Oct/2024:01:48:48 +0000] "GET /media/images/IMG_3962.jpeg HTTP/1.1" 200 1545652 "https://spite.fr/" "Mozilla/5.0 (Android 13; Mobile; rv:131.0) Gecko/131.0 Firefox/131.0"
107.116.89.44 - - [16/Oct/2024:01:48:48 +0000] "GET /media/images/IMG_3964_mgoDl2k.jpeg HTTP/1.1" 200 3772753 "https://spite.fr/" "Mozilla/5.0 (Android 13; Mobile; rv:131.0) Gecko/131.0 Firefox/131.0"
107.116.89.44 - - [16/Oct/2024:01:48:48 +0000] "GET /media/images/IMG_3923.jpeg HTTP/1.1" 200 685441 "https://spite.fr/" "Mozilla/5.0 (Android 13; Mobile; rv:131.0) Gecko/131.0 Firefox/131.0"
107.116.89.44 - - [16/Oct/2024:01:48:48 +0000] "GET /media/images/IMG_3963.jpeg HTTP/1.1" 200 3598158 "https://spite.fr/" "Mozilla/5.0 (Android 13; Mobile; rv:131.0) Gecko/131.0 Firefox/131.0"
107.116.89.44 - - [16/Oct/2024:01:48:50 +0000] "GET /media/images/IMG_3961.jpeg HTTP/1.1" 200 2701565 "https://spite.fr/" "Mozilla/5.0 (Android 13; Mobile; rv:131.0) Gecko/131.0 Firefox/131.0"
66.249.79.32 - - [16/Oct/2024:01:48:58 +0000] "GET /post/7194/reply/ HTTP/1.1" 200 2476 "-" "Mozilla/5.0 (Linux; Android 6.0.1; Nexus 5X Build/MMB29P) AppleWebKit/537.36 (KHTML, like Gecko) Chrome/129.0.6668.89 Mobile Safari/537.36 (compatible; Googlebot/2.1; +http://www.google.com/bot.html)"
72.231.28.79 - - [16/Oct/2024:01:49:02 +0000] "GET / HTTP/1.1" 200 8786 "https://spite.fr/post/new" "Mozilla/5.0 (Windows NT 10.0; Win64; x64) AppleWebKit/537.36 (KHTML, like Gecko) Chrome/128.0.0.0 Safari/537.36 OPR/114.0.0.0"
72.231.28.79 - - [16/Oct/2024:01:49:02 +0000] "GET /static/css/styles.css HTTP/1.1" 304 0 "https://spite.fr/" "Mozilla/5.0 (Windows NT 10.0; Win64; x64) AppleWebKit/537.36 (KHTML, like Gecko) Chrome/128.0.0.0 Safari/537.36 OPR/114.0.0.0"
72.231.28.79 - - [16/Oct/2024:01:49:03 +0000] "GET /media/images/IMG_3964_mgoDl2k.jpeg HTTP/1.1" 304 0 "https://spite.fr/" "Mozilla/5.0 (Windows NT 10.0; Win64; x64) AppleWebKit/537.36 (KHTML, like Gecko) Chrome/128.0.0.0 Safari/537.36 OPR/114.0.0.0"
72.231.28.79 - - [16/Oct/2024:01:49:03 +0000] "GET /media/images/IMG_3963.jpeg HTTP/1.1" 304 0 "https://spite.fr/" "Mozilla/5.0 (Windows NT 10.0; Win64; x64) AppleWebKit/537.36 (KHTML, like Gecko) Chrome/128.0.0.0 Safari/537.36 OPR/114.0.0.0"
72.231.28.79 - - [16/Oct/2024:01:49:03 +0000] "GET /media/images/IMG_3962.jpeg HTTP/1.1" 304 0 "https://spite.fr/" "Mozilla/5.0 (Windows NT 10.0; Win64; x64) AppleWebKit/537.36 (KHTML, like Gecko) Chrome/128.0.0.0 Safari/537.36 OPR/114.0.0.0"
66.249.79.34 - - [16/Oct/2024:01:49:29 +0000] "GET /post/7206/reply/ HTTP/1.1" 200 2477 "-" "Mozilla/5.0 (Linux; Android 6.0.1; Nexus 5X Build/MMB29P) AppleWebKit/537.36 (KHTML, like Gecko) Chrome/129.0.6668.89 Mobile Safari/537.36 (compatible; Googlebot/2.1; +http://www.google.com/bot.html)"
66.249.79.32 - - [16/Oct/2024:01:49:46 +0000] "GET /post/7195/reply/ HTTP/1.1" 200 2478 "-" "Mozilla/5.0 (Linux; Android 6.0.1; Nexus 5X Build/MMB29P) AppleWebKit/537.36 (KHTML, like Gecko) Chrome/129.0.6668.89 Mobile Safari/537.36 (compatible; Googlebot/2.1; +http://www.google.com/bot.html)"
66.249.79.33 - - [16/Oct/2024:01:50:09 +0000] "GET /post/7209/reply/ HTTP/1.1" 200 2475 "-" "Mozilla/5.0 (Linux; Android 6.0.1; Nexus 5X Build/MMB29P) AppleWebKit/537.36 (KHTML, like Gecko) Chrome/129.0.6668.89 Mobile Safari/537.36 (compatible; Googlebot/2.1; +http://www.google.com/bot.html)"
66.249.79.33 - - [16/Oct/2024:01:50:40 +0000] "GET /post/7212/reply/ HTTP/1.1" 200 2475 "-" "Mozilla/5.0 (Linux; Android 6.0.1; Nexus 5X Build/MMB29P) AppleWebKit/537.36 (KHTML, like Gecko) Chrome/129.0.6668.89 Mobile Safari/537.36 (compatible; Googlebot/2.1; +http://www.google.com/bot.html)"
69.254.138.18 - - [16/Oct/2024:01:51:34 +0000] "GET /?page=1 HTTP/1.1" 200 8707 "-" "Mozilla/5.0 (Windows NT 10.0; Win64; x64) AppleWebKit/537.36 (KHTML, like Gecko) Chrome/129.0.0.0 Safari/537.36"
69.254.138.18 - - [16/Oct/2024:01:51:34 +0000] "GET /media/images/IMG_3923.jpeg HTTP/1.1" 304 0 "https://spite.fr/?page=1" "Mozilla/5.0 (Windows NT 10.0; Win64; x64) AppleWebKit/537.36 (KHTML, like Gecko) Chrome/129.0.0.0 Safari/537.36"
172.56.162.66 - - [16/Oct/2024:01:51:51 +0000] "GET /?fbclid=PAZXh0bgNhZW0CMTEAAaaP5jkMuZEzcNGATXTxLXBcomBFKku1AS1ZGqQBCMK2Hzz53_P4PFYNKu0_aem_9-zYvpCu4KL5MXCspZcrew HTTP/1.1" 200 8713 "https://l.instagram.com/" "Mozilla/5.0 (iPhone; CPU iPhone OS 17_6_1 like Mac OS X) AppleWebKit/605.1.15 (KHTML, like Gecko) Mobile/21G93 Instagram 351.0.1.35.98 (iPhone13,2; iOS 17_6_1; en_US; en; scale=3.00; 1170x2532; 647722782) NW/3"
69.254.138.18 - - [16/Oct/2024:01:51:57 +0000] "GET /media/images/IMG_3964_mgoDl2k.jpeg HTTP/1.1" 200 3772753 "https://spite.fr/?page=1" "Mozilla/5.0 (Windows NT 10.0; Win64; x64) AppleWebKit/537.36 (KHTML, like Gecko) Chrome/129.0.0.0 Safari/537.36"
69.254.138.18 - - [16/Oct/2024:01:52:39 +0000] "GET /media/images/IMG_3963.jpeg HTTP/1.1" 200 3598158 "https://spite.fr/?page=1" "Mozilla/5.0 (Windows NT 10.0; Win64; x64) AppleWebKit/537.36 (KHTML, like Gecko) Chrome/129.0.0.0 Safari/537.36"
66.249.79.33 - - [16/Oct/2024:01:52:45 +0000] "GET /post/1654/ HTTP/1.1" 200 1877 "-" "Mozilla/5.0 (Linux; Android 6.0.1; Nexus 5X Build/MMB29P) AppleWebKit/537.36 (KHTML, like Gecko) Chrome/129.0.6668.89 Mobile Safari/537.36 (compatible; Googlebot/2.1; +http://www.google.com/bot.html)"
69.254.138.18 - - [16/Oct/2024:01:52:46 +0000] "GET /media/images/IMG_3962.jpeg HTTP/1.1" 200 1545652 "https://spite.fr/?page=1" "Mozilla/5.0 (Windows NT 10.0; Win64; x64) AppleWebKit/537.36 (KHTML, like Gecko) Chrome/129.0.0.0 Safari/537.36"
174.109.131.12 - - [16/Oct/2024:01:52:57 +0000] "GET /post/new HTTP/1.1" 499 0 "https://spite.fr/" "Mozilla/5.0 (iPhone; CPU iPhone OS 17_6_1 like Mac OS X) AppleWebKit/605.1.15 (KHTML, like Gecko) Version/17.6 Mobile/15E148 Safari/604.1"
174.109.131.12 - - [16/Oct/2024:01:53:04 +0000] "GET /post/new HTTP/1.1" 499 0 "https://spite.fr/" "Mozilla/5.0 (iPhone; CPU iPhone OS 17_6_1 like Mac OS X) AppleWebKit/605.1.15 (KHTML, like Gecko) Version/17.6 Mobile/15E148 Safari/604.1"
174.109.131.12 - - [16/Oct/2024:01:53:04 +0000] "GET / HTTP/1.1" 200 8786 "-" "Mozilla/5.0 (iPhone; CPU iPhone OS 17_6_1 like Mac OS X) AppleWebKit/605.1.15 (KHTML, like Gecko) Version/17.6 Mobile/15E148 Safari/604.1"
172.56.162.110 - - [16/Oct/2024:01:53:10 +0000] "GET / HTTP/1.1" 200 8786 "https://spite.fr/post/new" "Mozilla/5.0 (iPhone; CPU iPhone OS 17_6_1 like Mac OS X) AppleWebKit/605.1.15 (KHTML, like Gecko) Version/17.6 Mobile/15E148 Safari/604.1"
104.28.125.3 - - [16/Oct/2024:01:56:17 +0000] "GET /post/new HTTP/1.1" 200 2449 "https://spite.fr/" "Mozilla/5.0 (iPhone; CPU iPhone OS 17_6_1 like Mac OS X) AppleWebKit/605.1.15 (KHTML, like Gecko) Version/17.6 Mobile/15E148 Safari/604.1"
69.254.138.18 - - [16/Oct/2024:01:57:20 +0000] "GET /media/images/IMG_3961.jpeg HTTP/1.1" 200 2701565 "https://spite.fr/?page=1" "Mozilla/5.0 (Windows NT 10.0; Win64; x64) AppleWebKit/537.36 (KHTML, like Gecko) Chrome/129.0.0.0 Safari/537.36"
69.254.138.18 - - [16/Oct/2024:01:57:21 +0000] "GET /media/images/IMG_3959.jpeg HTTP/1.1" 200 2093342 "https://spite.fr/?page=1" "Mozilla/5.0 (Windows NT 10.0; Win64; x64) AppleWebKit/537.36 (KHTML, like Gecko) Chrome/129.0.0.0 Safari/537.36"
72.231.28.79 - - [16/Oct/2024:01:57:29 +0000] "GET / HTTP/1.1" 200 8786 "https://spite.fr/post/new" "Mozilla/5.0 (Windows NT 10.0; Win64; x64) AppleWebKit/537.36 (KHTML, like Gecko) Chrome/128.0.0.0 Safari/537.36 OPR/114.0.0.0"
104.28.125.3 - - [16/Oct/2024:01:57:35 +0000] "POST /post/new HTTP/1.1" 302 0 "https://spite.fr/post/new" "Mozilla/5.0 (iPhone; CPU iPhone OS 17_6_1 like Mac OS X) AppleWebKit/605.1.15 (KHTML, like Gecko) Version/17.6 Mobile/15E148 Safari/604.1"
72.231.28.79 - - [16/Oct/2024:01:57:36 +0000] "GET /media/images/IMG_3964_mgoDl2k.jpeg HTTP/1.1" 304 0 "https://spite.fr/" "Mozilla/5.0 (Windows NT 10.0; Win64; x64) AppleWebKit/537.36 (KHTML, like Gecko) Chrome/128.0.0.0 Safari/537.36 OPR/114.0.0.0"
104.28.125.3 - - [16/Oct/2024:01:57:46 +0000] "GET / HTTP/1.1" 200 8900 "https://spite.fr/post/new" "Mozilla/5.0 (iPhone; CPU iPhone OS 17_6_1 like Mac OS X) AppleWebKit/605.1.15 (KHTML, like Gecko) Version/17.6 Mobile/15E148 Safari/604.1"
69.254.138.18 - - [16/Oct/2024:01:57:49 +0000] "GET /media/images/IMG_2708_eO61LoK.jpeg HTTP/1.1" 200 6085067 "https://spite.fr/?page=1" "Mozilla/5.0 (Windows NT 10.0; Win64; x64) AppleWebKit/537.36 (KHTML, like Gecko) Chrome/129.0.0.0 Safari/537.36"
69.254.138.18 - - [16/Oct/2024:01:58:06 +0000] "GET /media/images/IMG_2708.jpeg HTTP/1.1" 200 3718913 "https://spite.fr/?page=1" "Mozilla/5.0 (Windows NT 10.0; Win64; x64) AppleWebKit/537.36 (KHTML, like Gecko) Chrome/129.0.0.0 Safari/537.36"
14.200.134.87 - - [16/Oct/2024:02:00:13 +0000] "GET / HTTP/1.1" 301 178 "-" "Mozilla/5.0 (Macintosh; Intel Mac OS X 10.15; rv:128.0) Gecko/20100101 Firefox/128.0"
14.200.134.87 - - [16/Oct/2024:02:00:14 +0000] "GET / HTTP/1.1" 200 8900 "-" "Mozilla/5.0 (Macintosh; Intel Mac OS X 10.15; rv:128.0) Gecko/20100101 Firefox/128.0"
14.200.134.87 - - [16/Oct/2024:02:00:15 +0000] "GET /static/css/styles.css HTTP/1.1" 200 7777 "https://spite.fr/" "Mozilla/5.0 (Macintosh; Intel Mac OS X 10.15; rv:128.0) Gecko/20100101 Firefox/128.0"
14.200.134.87 - - [16/Oct/2024:02:00:15 +0000] "GET /static/js/load_more.js HTTP/1.1" 200 1287 "https://spite.fr/" "Mozilla/5.0 (Macintosh; Intel Mac OS X 10.15; rv:128.0) Gecko/20100101 Firefox/128.0"
14.200.134.87 - - [16/Oct/2024:02:00:15 +0000] "GET /static/media/spite-logo.png HTTP/1.1" 200 19027 "https://spite.fr/" "Mozilla/5.0 (Macintosh; Intel Mac OS X 10.15; rv:128.0) Gecko/20100101 Firefox/128.0"
14.200.134.87 - - [16/Oct/2024:02:00:15 +0000] "GET /static/media/anon.jpg HTTP/1.1" 200 9983 "https://spite.fr/" "Mozilla/5.0 (Macintosh; Intel Mac OS X 10.15; rv:128.0) Gecko/20100101 Firefox/128.0"
14.200.134.87 - - [16/Oct/2024:02:00:16 +0000] "GET /static/favicon.ico HTTP/1.1" 404 134 "https://spite.fr/" "Mozilla/5.0 (Macintosh; Intel Mac OS X 10.15; rv:128.0) Gecko/20100101 Firefox/128.0"
14.200.134.87 - - [16/Oct/2024:02:00:16 +0000] "GET /static/media/spitemagazine.gif HTTP/1.1" 200 849136 "https://spite.fr/" "Mozilla/5.0 (Macintosh; Intel Mac OS X 10.15; rv:128.0) Gecko/20100101 Firefox/128.0"
14.200.134.87 - - [16/Oct/2024:02:00:17 +0000] "GET /media/images/IMG_3923.jpeg HTTP/1.1" 200 685441 "https://spite.fr/" "Mozilla/5.0 (Macintosh; Intel Mac OS X 10.15; rv:128.0) Gecko/20100101 Firefox/128.0"
14.200.134.87 - - [16/Oct/2024:02:00:26 +0000] "GET /media/images/IMG_3964_mgoDl2k.jpeg HTTP/1.1" 200 3772753 "https://spite.fr/" "Mozilla/5.0 (Macintosh; Intel Mac OS X 10.15; rv:128.0) Gecko/20100101 Firefox/128.0"
14.200.134.87 - - [16/Oct/2024:02:00:37 +0000] "GET /media/images/IMG_3963.jpeg HTTP/1.1" 200 3598158 "https://spite.fr/" "Mozilla/5.0 (Macintosh; Intel Mac OS X 10.15; rv:128.0) Gecko/20100101 Firefox/128.0"
93.174.93.12 - - [16/Oct/2024:02:00:44 +0000] "GET / HTTP/1.0" 200 612 "-" "Googlebot-Video/1.0"
14.200.134.87 - - [16/Oct/2024:02:00:45 +0000] "GET /media/images/IMG_3962.jpeg HTTP/1.1" 200 1545652 "https://spite.fr/" "Mozilla/5.0 (Macintosh; Intel Mac OS X 10.15; rv:128.0) Gecko/20100101 Firefox/128.0"
14.200.134.87 - - [16/Oct/2024:02:00:48 +0000] "GET /media/images/IMG_3961.jpeg HTTP/1.1" 200 2701565 "https://spite.fr/" "Mozilla/5.0 (Macintosh; Intel Mac OS X 10.15; rv:128.0) Gecko/20100101 Firefox/128.0"
14.200.134.87 - - [16/Oct/2024:02:00:54 +0000] "GET /media/images/IMG_3959.jpeg HTTP/1.1" 200 2093342 "https://spite.fr/" "Mozilla/5.0 (Macintosh; Intel Mac OS X 10.15; rv:128.0) Gecko/20100101 Firefox/128.0"
206.53.90.198 - - [16/Oct/2024:02:00:57 +0000] "GET / HTTP/1.1" 200 8900 "https://spite.fr/?page=355" "Mozilla/5.0 (Windows NT 10.0; Win64; x64; rv:131.0) Gecko/20100101 Firefox/131.0"
206.53.90.198 - - [16/Oct/2024:02:00:57 +0000] "GET /media/images/IMG_3964_mgoDl2k.jpeg HTTP/1.1" 304 0 "https://spite.fr/" "Mozilla/5.0 (Windows NT 10.0; Win64; x64; rv:131.0) Gecko/20100101 Firefox/131.0"
206.53.90.198 - - [16/Oct/2024:02:00:57 +0000] "GET /media/images/IMG_3963.jpeg HTTP/1.1" 304 0 "https://spite.fr/" "Mozilla/5.0 (Windows NT 10.0; Win64; x64; rv:131.0) Gecko/20100101 Firefox/131.0"
206.53.90.198 - - [16/Oct/2024:02:00:57 +0000] "GET /media/images/IMG_3962.jpeg HTTP/1.1" 304 0 "https://spite.fr/" "Mozilla/5.0 (Windows NT 10.0; Win64; x64; rv:131.0) Gecko/20100101 Firefox/131.0"
206.53.90.198 - - [16/Oct/2024:02:00:57 +0000] "GET /media/images/IMG_3961.jpeg HTTP/1.1" 304 0 "https://spite.fr/" "Mozilla/5.0 (Windows NT 10.0; Win64; x64; rv:131.0) Gecko/20100101 Firefox/131.0"
206.53.90.198 - - [16/Oct/2024:02:00:57 +0000] "GET /media/images/IMG_3959.jpeg HTTP/1.1" 304 0 "https://spite.fr/" "Mozilla/5.0 (Windows NT 10.0; Win64; x64; rv:131.0) Gecko/20100101 Firefox/131.0"
206.53.90.198 - - [16/Oct/2024:02:00:57 +0000] "GET /media/images/IMG_2708_eO61LoK.jpeg HTTP/1.1" 304 0 "https://spite.fr/" "Mozilla/5.0 (Windows NT 10.0; Win64; x64; rv:131.0) Gecko/20100101 Firefox/131.0"
14.200.134.87 - - [16/Oct/2024:02:01:21 +0000] "GET /media/images/IMG_2708_eO61LoK.jpeg HTTP/1.1" 200 6085067 "https://spite.fr/" "Mozilla/5.0 (Macintosh; Intel Mac OS X 10.15; rv:128.0) Gecko/20100101 Firefox/128.0"
14.200.134.87 - - [16/Oct/2024:02:01:35 +0000] "GET /?page=2 HTTP/1.1" 200 8252 "https://spite.fr/" "Mozilla/5.0 (Macintosh; Intel Mac OS X 10.15; rv:128.0) Gecko/20100101 Firefox/128.0"
5.255.231.116 - - [16/Oct/2024:02:01:39 +0000] "GET /robots.txt HTTP/1.1" 404 179 "-" "Mozilla/5.0 (compatible; YandexBot/3.0; +http://yandex.com/bots)"
5.255.231.196 - - [16/Oct/2024:02:01:40 +0000] "GET /post/2425/reply/ HTTP/1.1" 200 2477 "-" "Mozilla/5.0 (compatible; YandexBot/3.0; +http://yandex.com/bots)"
14.200.134.87 - - [16/Oct/2024:02:02:35 +0000] "GET /media/images/IMG_2708.jpeg HTTP/1.1" 200 6085067 "https://spite.fr/?page=2" "Mozilla/5.0 (Macintosh; Intel Mac OS X 10.15; rv:128.0) Gecko/20100101 Firefox/128.0"
14.200.134.87 - - [16/Oct/2024:02:02:35 +0000] "GET /media/images/1000026953.png HTTP/1.1" 200 525965 "https://spite.fr/?page=2" "Mozilla/5.0 (Macintosh; Intel Mac OS X 10.15; rv:128.0) Gecko/20100101 Firefox/128.0"
14.200.134.87 - - [16/Oct/2024:02:02:45 +0000] "GET /media/images/IMG_3957.jpeg HTTP/1.1" 200 2343026 "https://spite.fr/?page=2" "Mozilla/5.0 (Macintosh; Intel Mac OS X 10.15; rv:128.0) Gecko/20100101 Firefox/128.0"
14.200.134.87 - - [16/Oct/2024:02:03:12 +0000] "GET /media/images/IMG_2213.jpeg HTTP/1.1" 200 1651858 "https://spite.fr/?page=2" "Mozilla/5.0 (Macintosh; Intel Mac OS X 10.15; rv:128.0) Gecko/20100101 Firefox/128.0"
14.200.134.87 - - [16/Oct/2024:02:03:20 +0000] "GET /media/images/1000026900_xD0BF66.jpg HTTP/1.1" 200 22429 "https://spite.fr/?page=2" "Mozilla/5.0 (Macintosh; Intel Mac OS X 10.15; rv:128.0) Gecko/20100101 Firefox/128.0"
14.200.134.87 - - [16/Oct/2024:02:03:25 +0000] "GET /media/images/d0d816af0cd349959c90a1a02bb3f3dc.webp HTTP/1.1" 200 107622 "https://spite.fr/?page=2" "Mozilla/5.0 (Macintosh; Intel Mac OS X 10.15; rv:128.0) Gecko/20100101 Firefox/128.0"
172.56.35.99 - - [16/Oct/2024:02:03:33 +0000] "GET / HTTP/1.1" 200 8900 "-" "Mozilla/5.0 (iPhone; CPU iPhone OS 17_4_1 like Mac OS X) AppleWebKit/605.1.15 (KHTML, like Gecko) Version/17.4.1 Mobile/15E148 Safari/604.1"
172.56.35.99 - - [16/Oct/2024:02:03:33 +0000] "GET /static/css/styles.css HTTP/1.1" 304 0 "https://spite.fr/" "Mozilla/5.0 (iPhone; CPU iPhone OS 17_4_1 like Mac OS X) AppleWebKit/605.1.15 (KHTML, like Gecko) Version/17.4.1 Mobile/15E148 Safari/604.1"
172.56.35.99 - - [16/Oct/2024:02:03:34 +0000] "GET /static/media/anon.jpg HTTP/1.1" 200 9983 "https://spite.fr/" "Mozilla/5.0 (iPhone; CPU iPhone OS 17_4_1 like Mac OS X) AppleWebKit/605.1.15 (KHTML, like Gecko) Version/17.4.1 Mobile/15E148 Safari/604.1"
172.56.35.99 - - [16/Oct/2024:02:03:34 +0000] "GET /apple-touch-icon-120x120-precomposed.png HTTP/1.1" 404 159 "-" "MobileSafari/8618.1.15.10.15 CFNetwork/1494.0.7 Darwin/23.4.0"
172.56.35.99 - - [16/Oct/2024:02:03:34 +0000] "GET /apple-touch-icon-120x120.png HTTP/1.1" 404 159 "-" "MobileSafari/8618.1.15.10.15 CFNetwork/1494.0.7 Darwin/23.4.0"
172.56.35.99 - - [16/Oct/2024:02:03:34 +0000] "GET /apple-touch-icon-precomposed.png HTTP/1.1" 404 159 "-" "MobileSafari/8618.1.15.10.15 CFNetwork/1494.0.7 Darwin/23.4.0"
172.56.35.99 - - [16/Oct/2024:02:03:34 +0000] "GET /apple-touch-icon.png HTTP/1.1" 404 159 "-" "MobileSafari/8618.1.15.10.15 CFNetwork/1494.0.7 Darwin/23.4.0"
172.56.35.99 - - [16/Oct/2024:02:03:34 +0000] "GET /static/favicon.ico HTTP/1.1" 404 134 "-" "MobileSafari/8618.1.15.10.15 CFNetwork/1494.0.7 Darwin/23.4.0"
14.200.134.87 - - [16/Oct/2024:02:03:46 +0000] "GET /?page=3 HTTP/1.1" 499 0 "https://spite.fr/?page=2" "Mozilla/5.0 (Macintosh; Intel Mac OS X 10.15; rv:128.0) Gecko/20100101 Firefox/128.0"
172.56.35.99 - - [16/Oct/2024:02:03:52 +0000] "GET /media/images/IMG_3964_mgoDl2k.jpeg HTTP/1.1" 200 3772753 "https://spite.fr/" "Mozilla/5.0 (iPhone; CPU iPhone OS 17_4_1 like Mac OS X) AppleWebKit/605.1.15 (KHTML, like Gecko) Version/17.4.1 Mobile/15E148 Safari/604.1"
104.28.125.2 - - [16/Oct/2024:02:03:53 +0000] "GET / HTTP/1.1" 200 8900 "https://spite.fr/post/new" "Mozilla/5.0 (iPhone; CPU iPhone OS 17_6_1 like Mac OS X) AppleWebKit/605.1.15 (KHTML, like Gecko) Version/17.6 Mobile/15E148 Safari/604.1"
104.28.125.2 - - [16/Oct/2024:02:03:57 +0000] "GET / HTTP/1.1" 200 8900 "https://spite.fr/post/new" "Mozilla/5.0 (iPhone; CPU iPhone OS 17_6_1 like Mac OS X) AppleWebKit/605.1.15 (KHTML, like Gecko) Version/17.6 Mobile/15E148 Safari/604.1"
104.28.125.2 - - [16/Oct/2024:02:03:57 +0000] "GET / HTTP/1.1" 200 8900 "https://spite.fr/post/new" "Mozilla/5.0 (iPhone; CPU iPhone OS 17_6_1 like Mac OS X) AppleWebKit/605.1.15 (KHTML, like Gecko) Version/17.6 Mobile/15E148 Safari/604.1"
14.200.134.87 - - [16/Oct/2024:02:03:59 +0000] "GET /?page=3 HTTP/1.1" 200 8084 "https://spite.fr/?page=2" "Mozilla/5.0 (Macintosh; Intel Mac OS X 10.15; rv:128.0) Gecko/20100101 Firefox/128.0"
14.200.134.87 - - [16/Oct/2024:02:04:19 +0000] "GET /media/images/1000026950.webp HTTP/1.1" 200 63048 "https://spite.fr/?page=3" "Mozilla/5.0 (Macintosh; Intel Mac OS X 10.15; rv:128.0) Gecko/20100101 Firefox/128.0"
14.200.134.87 - - [16/Oct/2024:02:04:50 +0000] "GET /media/images/nicki.jpg HTTP/1.1" 200 2275445 "https://spite.fr/?page=3" "Mozilla/5.0 (Macintosh; Intel Mac OS X 10.15; rv:128.0) Gecko/20100101 Firefox/128.0"
14.200.134.87 - - [16/Oct/2024:02:04:57 +0000] "GET /media/images/1000026900_OhgEpKW.jpg HTTP/1.1" 200 22429 "https://spite.fr/?page=3" "Mozilla/5.0 (Macintosh; Intel Mac OS X 10.15; rv:128.0) Gecko/20100101 Firefox/128.0"
14.200.134.87 - - [16/Oct/2024:02:04:59 +0000] "GET /media/images/1000026944.jpg HTTP/1.1" 200 256896 "https://spite.fr/?page=3" "Mozilla/5.0 (Macintosh; Intel Mac OS X 10.15; rv:128.0) Gecko/20100101 Firefox/128.0"
14.200.134.87 - - [16/Oct/2024:02:05:19 +0000] "GET /?page=4 HTTP/1.1" 200 8547 "https://spite.fr/?page=3" "Mozilla/5.0 (Macintosh; Intel Mac OS X 10.15; rv:128.0) Gecko/20100101 Firefox/128.0"
14.200.134.87 - - [16/Oct/2024:02:06:20 +0000] "GET /media/images/43F5BC3F-35AC-4138-BF2E-2DFE6162C5A8.png HTTP/1.1" 200 243147 "https://spite.fr/?page=4" "Mozilla/5.0 (Macintosh; Intel Mac OS X 10.15; rv:128.0) Gecko/20100101 Firefox/128.0"
14.200.134.87 - - [16/Oct/2024:02:06:21 +0000] "GET /media/images/1000026930.jpg HTTP/1.1" 200 278074 "https://spite.fr/?page=4" "Mozilla/5.0 (Macintosh; Intel Mac OS X 10.15; rv:128.0) Gecko/20100101 Firefox/128.0"
14.200.134.87 - - [16/Oct/2024:02:06:21 +0000] "GET /media/images/1000026934.png HTTP/1.1" 200 1507264 "https://spite.fr/?page=4" "Mozilla/5.0 (Macintosh; Intel Mac OS X 10.15; rv:128.0) Gecko/20100101 Firefox/128.0"
14.200.134.87 - - [16/Oct/2024:02:06:21 +0000] "GET /media/images/75711BD8-B0BD-49AA-916B-A9EF05138652.png HTTP/1.1" 200 2692311 "https://spite.fr/?page=4" "Mozilla/5.0 (Macintosh; Intel Mac OS X 10.15; rv:128.0) Gecko/20100101 Firefox/128.0"
14.200.134.87 - - [16/Oct/2024:02:06:22 +0000] "GET /media/images/1000026900_pHcgKgO.jpg HTTP/1.1" 200 22429 "https://spite.fr/?page=4" "Mozilla/5.0 (Macintosh; Intel Mac OS X 10.15; rv:128.0) Gecko/20100101 Firefox/128.0"
14.200.134.87 - - [16/Oct/2024:02:06:25 +0000] "GET /media/images/1000006207.jpg HTTP/1.1" 200 21225 "https://spite.fr/?page=4" "Mozilla/5.0 (Macintosh; Intel Mac OS X 10.15; rv:128.0) Gecko/20100101 Firefox/128.0"
14.200.134.87 - - [16/Oct/2024:02:06:26 +0000] "GET /media/images/IMG_1737_tz43oBW.webp HTTP/1.1" 200 273966 "https://spite.fr/?page=4" "Mozilla/5.0 (Macintosh; Intel Mac OS X 10.15; rv:128.0) Gecko/20100101 Firefox/128.0"
166.198.21.100 - - [16/Oct/2024:02:06:54 +0000] "GET /search/?csrfmiddlewaretoken=G4AjV6A4YTpweCUi890RSfmIBNbSAsqGltATKzM56CjFWA0DA34hzAtbGvxpTJvu&query=Anabel HTTP/1.1" 200 11734 "https://spite.fr/search/?csrfmiddlewaretoken=0YGudCNYHJwhZKyRrlDP2oM7UICweeXSFnG425ZZPsqqHIEcTfHfJJTAZqY3xv2G&query=Confessions" "Mozilla/5.0 (iPhone; CPU iPhone OS 17_6_1 like Mac OS X) AppleWebKit/605.1.15 (KHTML, like Gecko) Version/17.6 Mobile/15E148 Safari/604.1"
166.198.21.100 - - [16/Oct/2024:02:07:18 +0000] "GET /search/?csrfmiddlewaretoken=3OTl2QMPPxIIR1ca1CvZo5uNmmVGORVfIdTVRjYQXgCRzZivtwzp5qBgr4hd7803&query=Annabel HTTP/1.1" 200 12449 "https://spite.fr/search/?csrfmiddlewaretoken=G4AjV6A4YTpweCUi890RSfmIBNbSAsqGltATKzM56CjFWA0DA34hzAtbGvxpTJvu&query=Anabel" "Mozilla/5.0 (iPhone; CPU iPhone OS 17_6_1 like Mac OS X) AppleWebKit/605.1.15 (KHTML, like Gecko) Version/17.6 Mobile/15E148 Safari/604.1"
166.198.21.100 - - [16/Oct/2024:02:07:19 +0000] "GET /media/images/inbound2028146463607133133.jpg HTTP/1.1" 200 4712047 "https://spite.fr/search/?csrfmiddlewaretoken=3OTl2QMPPxIIR1ca1CvZo5uNmmVGORVfIdTVRjYQXgCRzZivtwzp5qBgr4hd7803&query=Annabel" "Mozilla/5.0 (iPhone; CPU iPhone OS 17_6_1 like Mac OS X) AppleWebKit/605.1.15 (KHTML, like Gecko) Version/17.6 Mobile/15E148 Safari/604.1"
166.198.21.100 - - [16/Oct/2024:02:07:20 +0000] "GET /media/images/inbound2028146463607133133_Xw43A3e.jpg HTTP/1.1" 200 4712047 "https://spite.fr/search/?csrfmiddlewaretoken=3OTl2QMPPxIIR1ca1CvZo5uNmmVGORVfIdTVRjYQXgCRzZivtwzp5qBgr4hd7803&query=Annabel" "Mozilla/5.0 (iPhone; CPU iPhone OS 17_6_1 like Mac OS X) AppleWebKit/605.1.15 (KHTML, like Gecko) Version/17.6 Mobile/15E148 Safari/604.1"
206.53.90.198 - - [16/Oct/2024:02:08:38 +0000] "GET /static/media/anon.jpg HTTP/1.1" 200 9983 "https://spite.fr/?page=3" "Mozilla/5.0 (Android 14; Mobile; rv:131.0) Gecko/131.0 Firefox/131.0"
206.53.90.198 - - [16/Oct/2024:02:08:38 +0000] "GET /static/favicon.ico HTTP/1.1" 404 134 "-" "Mozilla/5.0 (Android 14; Mobile; rv:131.0) Gecko/131.0 Firefox/131.0"
14.200.134.87 - - [16/Oct/2024:02:08:41 +0000] "GET / HTTP/1.1" 200 8900 "https://spite.fr/" "Mozilla/5.0 (Macintosh; Intel Mac OS X 10.15; rv:128.0) Gecko/20100101 Firefox/128.0"
66.249.79.33 - - [16/Oct/2024:02:10:07 +0000] "GET /post/99/?page=2 HTTP/1.1" 200 2402 "-" "Mozilla/5.0 (Linux; Android 6.0.1; Nexus 5X Build/MMB29P) AppleWebKit/537.36 (KHTML, like Gecko) Chrome/129.0.6668.89 Mobile Safari/537.36 (compatible; Googlebot/2.1; +http://www.google.com/bot.html)"
14.200.134.87 - - [16/Oct/2024:02:10:14 +0000] "GET / HTTP/1.1" 200 8900 "https://spite.fr/" "Mozilla/5.0 (Macintosh; Intel Mac OS X 10.15; rv:128.0) Gecko/20100101 Firefox/128.0"
216.39.249.133 - - [16/Oct/2024:02:10:53 +0000] "GET / HTTP/1.1" 200 8900 "-" "Mozilla/5.0 (iPhone; CPU iPhone OS 17_7 like Mac OS X) AppleWebKit/605.1.15 (KHTML, like Gecko) Version/17.7 Mobile/15E148 Safari/604.1"
174.109.131.12 - - [16/Oct/2024:02:10:57 +0000] "GET / HTTP/1.1" 200 8900 "-" "Mozilla/5.0 (iPhone; CPU iPhone OS 17_6_1 like Mac OS X) AppleWebKit/605.1.15 (KHTML, like Gecko) Version/17.6 Mobile/15E148 Safari/604.1"
216.39.249.133 - - [16/Oct/2024:02:11:27 +0000] "GET /post/new HTTP/1.1" 200 2450 "https://spite.fr/" "Mozilla/5.0 (iPhone; CPU iPhone OS 17_7 like Mac OS X) AppleWebKit/605.1.15 (KHTML, like Gecko) Version/17.7 Mobile/15E148 Safari/604.1"
172.58.109.252 - - [16/Oct/2024:02:11:50 +0000] "GET /?fbclid=PAZXh0bgNhZW0CMTEAAaYpDaN0DUvVnXR_8aOYymmj1PWxA-VlViG_x_XxpKrVO7uZ6yEJ59LhJKQ_aem_Kxp-UtdgCFn9nf61Mvst8A HTTP/1.1" 301 178 "https://l.instagram.com/" "Mozilla/5.0 (iPhone; CPU iPhone OS 17_6_1 like Mac OS X) AppleWebKit/605.1.15 (KHTML, like Gecko) Mobile/21G93 Instagram 352.2.0.36.89 (iPhone14,6; iOS 17_6_1; en_US; en-US; scale=2.00; 750x1334; 650375967; IABMV/1)"
172.58.109.252 - - [16/Oct/2024:02:11:56 +0000] "GET /?fbclid=PAZXh0bgNhZW0CMTEAAaYpDaN0DUvVnXR_8aOYymmj1PWxA-VlViG_x_XxpKrVO7uZ6yEJ59LhJKQ_aem_Kxp-UtdgCFn9nf61Mvst8A HTTP/1.1" 200 8911 "https://l.instagram.com/" "Mozilla/5.0 (iPhone; CPU iPhone OS 17_6_1 like Mac OS X) AppleWebKit/605.1.15 (KHTML, like Gecko) Mobile/21G93 Instagram 352.2.0.36.89 (iPhone14,6; iOS 17_6_1; en_US; en-US; scale=2.00; 750x1334; 650375967; IABMV/1)"
172.58.109.252 - - [16/Oct/2024:02:11:59 +0000] "GET /static/media/spitemagazine.gif HTTP/1.1" 200 849136 "https://spite.fr/?fbclid=PAZXh0bgNhZW0CMTEAAaYpDaN0DUvVnXR_8aOYymmj1PWxA-VlViG_x_XxpKrVO7uZ6yEJ59LhJKQ_aem_Kxp-UtdgCFn9nf61Mvst8A" "Mozilla/5.0 (iPhone; CPU iPhone OS 17_6_1 like Mac OS X) AppleWebKit/605.1.15 (KHTML, like Gecko) Mobile/21G93 Instagram 352.2.0.36.89 (iPhone14,6; iOS 17_6_1; en_US; en-US; scale=2.00; 750x1334; 650375967; IABMV/1)"
172.58.109.252 - - [16/Oct/2024:02:12:16 +0000] "GET /post/new HTTP/1.1" 200 2448 "https://spite.fr/?fbclid=PAZXh0bgNhZW0CMTEAAaYpDaN0DUvVnXR_8aOYymmj1PWxA-VlViG_x_XxpKrVO7uZ6yEJ59LhJKQ_aem_Kxp-UtdgCFn9nf61Mvst8A" "Mozilla/5.0 (iPhone; CPU iPhone OS 17_6_1 like Mac OS X) AppleWebKit/605.1.15 (KHTML, like Gecko) Mobile/21G93 Instagram 352.2.0.36.89 (iPhone14,6; iOS 17_6_1; en_US; en-US; scale=2.00; 750x1334; 650375967; IABMV/1)"
172.58.109.252 - - [16/Oct/2024:02:12:43 +0000] "POST /post/new HTTP/1.1" 302 0 "https://spite.fr/post/new" "Mozilla/5.0 (iPhone; CPU iPhone OS 17_6_1 like Mac OS X) AppleWebKit/605.1.15 (KHTML, like Gecko) Mobile/21G93 Instagram 352.2.0.36.89 (iPhone14,6; iOS 17_6_1; en_US; en-US; scale=2.00; 750x1334; 650375967; IABMV/1)"
14.200.134.87 - - [16/Oct/2024:02:13:11 +0000] "GET / HTTP/1.1" 200 8866 "https://spite.fr/" "Mozilla/5.0 (Macintosh; Intel Mac OS X 10.15; rv:128.0) Gecko/20100101 Firefox/128.0"
172.58.109.252 - - [16/Oct/2024:02:13:11 +0000] "GET / HTTP/1.1" 200 8865 "https://spite.fr/post/new" "Mozilla/5.0 (iPhone; CPU iPhone OS 17_6_1 like Mac OS X) AppleWebKit/605.1.15 (KHTML, like Gecko) Mobile/21G93 Instagram 352.2.0.36.89 (iPhone14,6; iOS 17_6_1; en_US; en-US; scale=2.00; 750x1334; 650375967; IABMV/1)"
216.39.249.133 - - [16/Oct/2024:02:13:13 +0000] "POST /post/new HTTP/1.1" 302 0 "https://spite.fr/post/new" "Mozilla/5.0 (iPhone; CPU iPhone OS 17_7 like Mac OS X) AppleWebKit/605.1.15 (KHTML, like Gecko) Version/17.7 Mobile/15E148 Safari/604.1"
174.229.46.60 - - [16/Oct/2024:02:13:25 +0000] "GET /?page=1 HTTP/1.1" 200 8922 "-" "Mozilla/5.0 (iPhone; CPU iPhone OS 17_6 like Mac OS X) AppleWebKit/605.1.15 (KHTML, like Gecko) CriOS/129.0.6668.69 Mobile/15E148 Safari/604.1"
216.39.249.133 - - [16/Oct/2024:02:13:30 +0000] "GET / HTTP/1.1" 200 8927 "https://spite.fr/post/new" "Mozilla/5.0 (iPhone; CPU iPhone OS 17_7 like Mac OS X) AppleWebKit/605.1.15 (KHTML, like Gecko) Version/17.7 Mobile/15E148 Safari/604.1"
66.249.79.34 - - [16/Oct/2024:02:13:56 +0000] "GET /post/3327/ HTTP/1.1" 200 1946 "-" "Mozilla/5.0 (Linux; Android 6.0.1; Nexus 5X Build/MMB29P) AppleWebKit/537.36 (KHTML, like Gecko) Chrome/129.0.6668.89 Mobile Safari/537.36 (compatible; Googlebot/2.1; +http://www.google.com/bot.html)"
66.249.79.33 - - [16/Oct/2024:02:14:01 +0000] "GET /post/3335/reply/ HTTP/1.1" 200 2473 "-" "Mozilla/5.0 (Linux; Android 6.0.1; Nexus 5X Build/MMB29P) AppleWebKit/537.36 (KHTML, like Gecko) Chrome/129.0.6668.89 Mobile Safari/537.36 (compatible; Googlebot/2.1; +http://www.google.com/bot.html)"
66.249.79.32 - - [16/Oct/2024:02:14:06 +0000] "GET /post/1151/ HTTP/1.1" 200 1958 "-" "Mozilla/5.0 (Linux; Android 6.0.1; Nexus 5X Build/MMB29P) AppleWebKit/537.36 (KHTML, like Gecko) Chrome/129.0.6668.89 Mobile Safari/537.36 (compatible; Googlebot/2.1; +http://www.google.com/bot.html)"
66.249.79.32 - - [16/Oct/2024:02:14:11 +0000] "GET /post/4258/ HTTP/1.1" 200 1905 "-" "Mozilla/5.0 (Linux; Android 6.0.1; Nexus 5X Build/MMB29P) AppleWebKit/537.36 (KHTML, like Gecko) Chrome/129.0.6668.89 Mobile Safari/537.36 (compatible; Googlebot/2.1; +http://www.google.com/bot.html)"
66.249.79.32 - - [16/Oct/2024:02:14:15 +0000] "GET /post/3894/reply/ HTTP/1.1" 200 2474 "-" "Mozilla/5.0 (Linux; Android 6.0.1; Nexus 5X Build/MMB29P) AppleWebKit/537.36 (KHTML, like Gecko) Chrome/129.0.6668.89 Mobile Safari/537.36 (compatible; Googlebot/2.1; +http://www.google.com/bot.html)"
174.109.131.12 - - [16/Oct/2024:02:14:19 +0000] "GET / HTTP/1.1" 200 8927 "-" "Mozilla/5.0 (iPhone; CPU iPhone OS 17_6_1 like Mac OS X) AppleWebKit/605.1.15 (KHTML, like Gecko) Version/17.6 Mobile/15E148 Safari/604.1"
66.249.79.32 - - [16/Oct/2024:02:15:27 +0000] "GET /post/1548/?page=13 HTTP/1.1" 200 1957 "-" "Mozilla/5.0 (Linux; Android 6.0.1; Nexus 5X Build/MMB29P) AppleWebKit/537.36 (KHTML, like Gecko) Chrome/129.0.6668.89 Mobile Safari/537.36 (compatible; Googlebot/2.1; +http://www.google.com/bot.html)"
172.58.109.252 - - [16/Oct/2024:02:15:32 +0000] "GET /media/images/IMG_3964_mgoDl2k.jpeg HTTP/1.1" 200 3772753 "https://spite.fr/" "Mozilla/5.0 (iPhone; CPU iPhone OS 17_6_1 like Mac OS X) AppleWebKit/605.1.15 (KHTML, like Gecko) Mobile/21G93 Instagram 352.2.0.36.89 (iPhone14,6; iOS 17_6_1; en_US; en-US; scale=2.00; 750x1334; 650375967; IABMV/1)"
172.58.109.252 - - [16/Oct/2024:02:15:35 +0000] "GET /media/images/IMG_3962.jpeg HTTP/1.1" 200 1545652 "https://spite.fr/" "Mozilla/5.0 (iPhone; CPU iPhone OS 17_6_1 like Mac OS X) AppleWebKit/605.1.15 (KHTML, like Gecko) Mobile/21G93 Instagram 352.2.0.36.89 (iPhone14,6; iOS 17_6_1; en_US; en-US; scale=2.00; 750x1334; 650375967; IABMV/1)"
174.109.131.12 - - [16/Oct/2024:02:15:36 +0000] "GET / HTTP/1.1" 200 8927 "-" "Mozilla/5.0 (iPhone; CPU iPhone OS 17_6_1 like Mac OS X) AppleWebKit/605.1.15 (KHTML, like Gecko) Version/17.6 Mobile/15E148 Safari/604.1"
172.58.109.252 - - [16/Oct/2024:02:15:36 +0000] "GET /media/images/IMG_3963.jpeg HTTP/1.1" 200 3598158 "https://spite.fr/" "Mozilla/5.0 (iPhone; CPU iPhone OS 17_6_1 like Mac OS X) AppleWebKit/605.1.15 (KHTML, like Gecko) Mobile/21G93 Instagram 352.2.0.36.89 (iPhone14,6; iOS 17_6_1; en_US; en-US; scale=2.00; 750x1334; 650375967; IABMV/1)"
14.200.134.87 - - [16/Oct/2024:02:15:42 +0000] "GET / HTTP/1.1" 200 8927 "https://spite.fr/" "Mozilla/5.0 (Macintosh; Intel Mac OS X 10.15; rv:128.0) Gecko/20100101 Firefox/128.0"
98.239.104.91 - - [16/Oct/2024:02:15:48 +0000] "GET /?page=1 HTTP/1.1" 200 8922 "https://spite.fr/?page=135" "Mozilla/5.0 (iPhone; CPU iPhone OS 17_6_1 like Mac OS X) AppleWebKit/605.1.15 (KHTML, like Gecko) Version/17.6 Mobile/15E148 Safari/604.1"
98.239.104.91 - - [16/Oct/2024:02:15:48 +0000] "GET /static/media/anon.jpg HTTP/1.1" 200 9983 "https://spite.fr/?page=1" "Mozilla/5.0 (iPhone; CPU iPhone OS 17_6_1 like Mac OS X) AppleWebKit/605.1.15 (KHTML, like Gecko) Version/17.6 Mobile/15E148 Safari/604.1"
98.239.104.91 - - [16/Oct/2024:02:15:49 +0000] "GET /media/images/IMG_3923.jpeg HTTP/1.1" 200 685441 "https://spite.fr/?page=1" "Mozilla/5.0 (iPhone; CPU iPhone OS 17_6_1 like Mac OS X) AppleWebKit/605.1.15 (KHTML, like Gecko) Version/17.6 Mobile/15E148 Safari/604.1"
98.239.104.91 - - [16/Oct/2024:02:15:53 +0000] "GET /static/media/spitemagazine.gif HTTP/1.1" 200 849136 "https://spite.fr/?page=1" "Mozilla/5.0 (iPhone; CPU iPhone OS 17_6_1 like Mac OS X) AppleWebKit/605.1.15 (KHTML, like Gecko) Version/17.6 Mobile/15E148 Safari/604.1"
14.200.134.87 - - [16/Oct/2024:02:16:02 +0000] "GET /post/new HTTP/1.1" 200 2449 "https://spite.fr/" "Mozilla/5.0 (Macintosh; Intel Mac OS X 10.15; rv:128.0) Gecko/20100101 Firefox/128.0"
13.58.97.162 - - [16/Oct/2024:02:16:08 +0000] "GET / HTTP/1.1" 400 666 "-" "Mozilla/5.0 (Macintosh; Intel Mac OS X 10_15_7) AppleWebKit/537.36 (KHTML, like Gecko) Chrome/126.0.0.0 Safari/537.36"
98.239.104.91 - - [16/Oct/2024:02:16:17 +0000] "GET /media/images/IMG_3964_mgoDl2k.jpeg HTTP/1.1" 304 0 "https://spite.fr/?page=1" "Mozilla/5.0 (iPhone; CPU iPhone OS 17_6_1 like Mac OS X) AppleWebKit/605.1.15 (KHTML, like Gecko) Version/17.6 Mobile/15E148 Safari/604.1"
98.239.104.91 - - [16/Oct/2024:02:16:24 +0000] "GET /?page=1 HTTP/1.1" 200 8922 "https://spite.fr/?page=135" "Mozilla/5.0 (iPhone; CPU iPhone OS 17_6_1 like Mac OS X) AppleWebKit/605.1.15 (KHTML, like Gecko) Version/17.6 Mobile/15E148 Safari/604.1"
66.249.79.32 - - [16/Oct/2024:02:16:39 +0000] "GET /post/3238/ HTTP/1.1" 200 2225 "-" "Mozilla/5.0 (Linux; Android 6.0.1; Nexus 5X Build/MMB29P) AppleWebKit/537.36 (KHTML, like Gecko) Chrome/129.0.6668.89 Mobile Safari/537.36 (compatible; Googlebot/2.1; +http://www.google.com/bot.html)"
14.200.134.87 - - [16/Oct/2024:02:16:45 +0000] "POST /post/new HTTP/1.1" 302 0 "https://spite.fr/post/new" "Mozilla/5.0 (Macintosh; Intel Mac OS X 10.15; rv:128.0) Gecko/20100101 Firefox/128.0"
172.58.109.252 - - [16/Oct/2024:02:16:48 +0000] "GET /media/images/IMG_3959.jpeg HTTP/1.1" 200 2093342 "https://spite.fr/" "Mozilla/5.0 (iPhone; CPU iPhone OS 17_6_1 like Mac OS X) AppleWebKit/605.1.15 (KHTML, like Gecko) Mobile/21G93 Instagram 352.2.0.36.89 (iPhone14,6; iOS 17_6_1; en_US; en-US; scale=2.00; 750x1334; 650375967; IABMV/1)"
172.58.109.252 - - [16/Oct/2024:02:16:53 +0000] "GET /media/images/IMG_3961.jpeg HTTP/1.1" 200 2701565 "https://spite.fr/" "Mozilla/5.0 (iPhone; CPU iPhone OS 17_6_1 like Mac OS X) AppleWebKit/605.1.15 (KHTML, like Gecko) Mobile/21G93 Instagram 352.2.0.36.89 (iPhone14,6; iOS 17_6_1; en_US; en-US; scale=2.00; 750x1334; 650375967; IABMV/1)"
14.200.134.87 - - [16/Oct/2024:02:16:56 +0000] "GET / HTTP/1.1" 200 8983 "https://spite.fr/post/new" "Mozilla/5.0 (Macintosh; Intel Mac OS X 10.15; rv:128.0) Gecko/20100101 Firefox/128.0"
174.109.131.12 - - [16/Oct/2024:02:16:57 +0000] "GET / HTTP/1.1" 200 8983 "-" "Mozilla/5.0 (iPhone; CPU iPhone OS 17_6_1 like Mac OS X) AppleWebKit/605.1.15 (KHTML, like Gecko) Version/17.6 Mobile/15E148 Safari/604.1"
172.58.109.252 - - [16/Oct/2024:02:17:06 +0000] "GET /post/new HTTP/1.1" 200 2451 "https://spite.fr/" "Mozilla/5.0 (iPhone; CPU iPhone OS 17_6_1 like Mac OS X) AppleWebKit/605.1.15 (KHTML, like Gecko) Mobile/21G93 Instagram 352.2.0.36.89 (iPhone14,6; iOS 17_6_1; en_US; en-US; scale=2.00; 750x1334; 650375967; IABMV/1)"
174.109.131.12 - - [16/Oct/2024:02:17:20 +0000] "GET /post/new HTTP/1.1" 200 2449 "https://spite.fr/" "Mozilla/5.0 (iPhone; CPU iPhone OS 17_6_1 like Mac OS X) AppleWebKit/605.1.15 (KHTML, like Gecko) Version/17.6 Mobile/15E148 Safari/604.1"
172.56.165.221 - - [16/Oct/2024:02:17:54 +0000] "GET /search/?csrfmiddlewaretoken=3jg9hYVqssCuphz0EL3ptlghq7h9u9kOELyj1ML2rFZ3a4nHWcYd4FtOxe8roi4B&query=Scat HTTP/1.1" 200 14789 "https://spite.fr/search/?csrfmiddlewaretoken=TcjzJWTzAAqhCWOTgW8jq4vonQVIId8ZeXE8LRaCY1JvbH2wlGMBIdf6IJOyvJyR&query=Scat" "Mozilla/5.0 (iPhone; CPU iPhone OS 17_6_1 like Mac OS X) AppleWebKit/605.1.15 (KHTML, like Gecko) Version/17.6 Mobile/15E148 Safari/604.1"
172.56.165.221 - - [16/Oct/2024:02:17:55 +0000] "GET /static/css/styles.css HTTP/1.1" 200 7777 "https://spite.fr/search/?csrfmiddlewaretoken=3jg9hYVqssCuphz0EL3ptlghq7h9u9kOELyj1ML2rFZ3a4nHWcYd4FtOxe8roi4B&query=Scat" "Mozilla/5.0 (iPhone; CPU iPhone OS 17_6_1 like Mac OS X) AppleWebKit/605.1.15 (KHTML, like Gecko) Version/17.6 Mobile/15E148 Safari/604.1"
172.56.165.221 - - [16/Oct/2024:02:17:55 +0000] "GET /static/media/spite-logo.png HTTP/1.1" 200 19027 "https://spite.fr/search/?csrfmiddlewaretoken=3jg9hYVqssCuphz0EL3ptlghq7h9u9kOELyj1ML2rFZ3a4nHWcYd4FtOxe8roi4B&query=Scat" "Mozilla/5.0 (iPhone; CPU iPhone OS 17_6_1 like Mac OS X) AppleWebKit/605.1.15 (KHTML, like Gecko) Version/17.6 Mobile/15E148 Safari/604.1"
172.56.165.221 - - [16/Oct/2024:02:17:55 +0000] "GET /static/js/load_more.js HTTP/1.1" 200 1287 "https://spite.fr/search/?csrfmiddlewaretoken=3jg9hYVqssCuphz0EL3ptlghq7h9u9kOELyj1ML2rFZ3a4nHWcYd4FtOxe8roi4B&query=Scat" "Mozilla/5.0 (iPhone; CPU iPhone OS 17_6_1 like Mac OS X) AppleWebKit/605.1.15 (KHTML, like Gecko) Version/17.6 Mobile/15E148 Safari/604.1"
172.56.165.221 - - [16/Oct/2024:02:17:55 +0000] "GET /media/images/B123F4AC-2AE8-49BA-A831-CCD4AD965076.webp HTTP/1.1" 200 13964 "https://spite.fr/search/?csrfmiddlewaretoken=3jg9hYVqssCuphz0EL3ptlghq7h9u9kOELyj1ML2rFZ3a4nHWcYd4FtOxe8roi4B&query=Scat" "Mozilla/5.0 (iPhone; CPU iPhone OS 17_6_1 like Mac OS X) AppleWebKit/605.1.15 (KHTML, like Gecko) Version/17.6 Mobile/15E148 Safari/604.1"
172.56.165.221 - - [16/Oct/2024:02:17:55 +0000] "GET /static/favicon.ico HTTP/1.1" 404 134 "https://spite.fr/search/?csrfmiddlewaretoken=3jg9hYVqssCuphz0EL3ptlghq7h9u9kOELyj1ML2rFZ3a4nHWcYd4FtOxe8roi4B&query=Scat" "Mozilla/5.0 (iPhone; CPU iPhone OS 17_6_1 like Mac OS X) AppleWebKit/605.1.15 (KHTML, like Gecko) Version/17.6 Mobile/15E148 Safari/604.1"
172.56.165.221 - - [16/Oct/2024:02:17:56 +0000] "GET /media/images/Screenshot_2024-10-15_at_4.52.32AM.png HTTP/1.1" 200 840726 "https://spite.fr/search/?csrfmiddlewaretoken=3jg9hYVqssCuphz0EL3ptlghq7h9u9kOELyj1ML2rFZ3a4nHWcYd4FtOxe8roi4B&query=Scat" "Mozilla/5.0 (iPhone; CPU iPhone OS 17_6_1 like Mac OS X) AppleWebKit/605.1.15 (KHTML, like Gecko) Version/17.6 Mobile/15E148 Safari/604.1"
172.58.109.252 - - [16/Oct/2024:02:18:24 +0000] "GET /post/new HTTP/1.1" 200 2449 "https://spite.fr/?fbclid=PAZXh0bgNhZW0CMTEAAaYpDaN0DUvVnXR_8aOYymmj1PWxA-VlViG_x_XxpKrVO7uZ6yEJ59LhJKQ_aem_Kxp-UtdgCFn9nf61Mvst8A" "Mozilla/5.0 (iPhone; CPU iPhone OS 17_6_1 like Mac OS X) AppleWebKit/605.1.15 (KHTML, like Gecko) Mobile/21G93 Instagram 352.2.0.36.89 (iPhone14,6; iOS 17_6_1; en_US; en-US; scale=2.00; 750x1334; 650375967; IABMV/1)"
14.200.134.87 - - [16/Oct/2024:02:18:42 +0000] "GET / HTTP/1.1" 200 8983 "https://spite.fr/post/new" "Mozilla/5.0 (Macintosh; Intel Mac OS X 10.15; rv:128.0) Gecko/20100101 Firefox/128.0"
172.58.109.252 - - [16/Oct/2024:02:18:45 +0000] "GET /post/new HTTP/1.1" 200 2448 "https://spite.fr/?fbclid=PAZXh0bgNhZW0CMTEAAaYpDaN0DUvVnXR_8aOYymmj1PWxA-VlViG_x_XxpKrVO7uZ6yEJ59LhJKQ_aem_Kxp-UtdgCFn9nf61Mvst8A" "Mozilla/5.0 (iPhone; CPU iPhone OS 17_6_1 like Mac OS X) AppleWebKit/605.1.15 (KHTML, like Gecko) Mobile/21G93 Instagram 352.2.0.36.89 (iPhone14,6; iOS 17_6_1; en_US; en-US; scale=2.00; 750x1334; 650375967; IABMV/1)"
174.109.131.12 - - [16/Oct/2024:02:19:00 +0000] "POST /post/new HTTP/1.1" 302 0 "https://spite.fr/post/new" "Mozilla/5.0 (iPhone; CPU iPhone OS 17_6_1 like Mac OS X) AppleWebKit/605.1.15 (KHTML, like Gecko) Version/17.6 Mobile/15E148 Safari/604.1"
174.109.131.12 - - [16/Oct/2024:02:19:13 +0000] "GET / HTTP/1.1" 200 9085 "https://spite.fr/post/new" "Mozilla/5.0 (iPhone; CPU iPhone OS 17_6_1 like Mac OS X) AppleWebKit/605.1.15 (KHTML, like Gecko) Version/17.6 Mobile/15E148 Safari/604.1"
14.200.134.87 - - [16/Oct/2024:02:21:27 +0000] "GET / HTTP/1.1" 200 9085 "https://spite.fr/post/new" "Mozilla/5.0 (Macintosh; Intel Mac OS X 10.15; rv:128.0) Gecko/20100101 Firefox/128.0"
174.109.131.12 - - [16/Oct/2024:02:23:15 +0000] "GET / HTTP/1.1" 200 9085 "-" "Mozilla/5.0 (iPhone; CPU iPhone OS 17_6_1 like Mac OS X) AppleWebKit/605.1.15 (KHTML, like Gecko) Version/17.6 Mobile/15E148 Safari/604.1"
14.200.134.87 - - [16/Oct/2024:02:24:45 +0000] "GET / HTTP/1.1" 200 9085 "https://spite.fr/post/new" "Mozilla/5.0 (Macintosh; Intel Mac OS X 10.15; rv:128.0) Gecko/20100101 Firefox/128.0"
174.109.131.12 - - [16/Oct/2024:02:25:07 +0000] "GET / HTTP/1.1" 200 9085 "-" "Mozilla/5.0 (iPhone; CPU iPhone OS 17_6_1 like Mac OS X) AppleWebKit/605.1.15 (KHTML, like Gecko) Version/17.6 Mobile/15E148 Safari/604.1"
174.234.101.16 - - [16/Oct/2024:02:27:50 +0000] "GET /?fbclid=PAZXh0bgNhZW0CMTEAAaZHiNP9YE5ZFUs2G3K7ssZ8mYM5zoXhqR0EEA4KdvJhE44TLEoOLcAvDfM_aem_i3skn55VzLrHWOHUUTPtgA HTTP/1.1" 301 178 "https://l.instagram.com/" "Mozilla/5.0 (iPhone; CPU iPhone OS 17_6_1 like Mac OS X) AppleWebKit/605.1.15 (KHTML, like Gecko) Mobile/21G93 Instagram 352.2.0.36.89 (iPhone14,5; iOS 17_6_1; en_US; en-US; scale=3.00; 1170x2532; 650375967; IABMV/1)"
174.109.131.12 - - [16/Oct/2024:02:28:02 +0000] "GET / HTTP/1.1" 200 9085 "-" "Mozilla/5.0 (iPhone; CPU iPhone OS 17_6_1 like Mac OS X) AppleWebKit/605.1.15 (KHTML, like Gecko) Version/17.6 Mobile/15E148 Safari/604.1"
174.234.101.16 - - [16/Oct/2024:02:28:02 +0000] "GET /?fbclid=PAZXh0bgNhZW0CMTEAAaZHiNP9YE5ZFUs2G3K7ssZ8mYM5zoXhqR0EEA4KdvJhE44TLEoOLcAvDfM_aem_i3skn55VzLrHWOHUUTPtgA HTTP/1.1" 200 9081 "https://l.instagram.com/" "Mozilla/5.0 (iPhone; CPU iPhone OS 17_6_1 like Mac OS X) AppleWebKit/605.1.15 (KHTML, like Gecko) Mobile/21G93 Instagram 352.2.0.36.89 (iPhone14,5; iOS 17_6_1; en_US; en-US; scale=3.00; 1170x2532; 650375967; IABMV/1)"
174.234.101.16 - - [16/Oct/2024:02:28:03 +0000] "GET /static/css/styles.css HTTP/1.1" 200 7777 "https://spite.fr/?fbclid=PAZXh0bgNhZW0CMTEAAaZHiNP9YE5ZFUs2G3K7ssZ8mYM5zoXhqR0EEA4KdvJhE44TLEoOLcAvDfM_aem_i3skn55VzLrHWOHUUTPtgA" "Mozilla/5.0 (iPhone; CPU iPhone OS 17_6_1 like Mac OS X) AppleWebKit/605.1.15 (KHTML, like Gecko) Mobile/21G93 Instagram 352.2.0.36.89 (iPhone14,5; iOS 17_6_1; en_US; en-US; scale=3.00; 1170x2532; 650375967; IABMV/1)"
174.234.101.16 - - [16/Oct/2024:02:28:03 +0000] "GET /static/js/load_more.js HTTP/1.1" 304 0 "https://spite.fr/?fbclid=PAZXh0bgNhZW0CMTEAAaZHiNP9YE5ZFUs2G3K7ssZ8mYM5zoXhqR0EEA4KdvJhE44TLEoOLcAvDfM_aem_i3skn55VzLrHWOHUUTPtgA" "Mozilla/5.0 (iPhone; CPU iPhone OS 17_6_1 like Mac OS X) AppleWebKit/605.1.15 (KHTML, like Gecko) Mobile/21G93 Instagram 352.2.0.36.89 (iPhone14,5; iOS 17_6_1; en_US; en-US; scale=3.00; 1170x2532; 650375967; IABMV/1)"
174.234.101.16 - - [16/Oct/2024:02:28:03 +0000] "GET /media/images/IMG_3923.jpeg HTTP/1.1" 304 0 "https://spite.fr/?fbclid=PAZXh0bgNhZW0CMTEAAaZHiNP9YE5ZFUs2G3K7ssZ8mYM5zoXhqR0EEA4KdvJhE44TLEoOLcAvDfM_aem_i3skn55VzLrHWOHUUTPtgA" "Mozilla/5.0 (iPhone; CPU iPhone OS 17_6_1 like Mac OS X) AppleWebKit/605.1.15 (KHTML, like Gecko) Mobile/21G93 Instagram 352.2.0.36.89 (iPhone14,5; iOS 17_6_1; en_US; en-US; scale=3.00; 1170x2532; 650375967; IABMV/1)"
174.109.131.12 - - [16/Oct/2024:02:28:09 +0000] "GET /post/new HTTP/1.1" 200 2449 "https://spite.fr/" "Mozilla/5.0 (iPhone; CPU iPhone OS 17_6_1 like Mac OS X) AppleWebKit/605.1.15 (KHTML, like Gecko) Version/17.6 Mobile/15E148 Safari/604.1"
174.109.131.12 - - [16/Oct/2024:02:28:23 +0000] "POST /post/new HTTP/1.1" 302 0 "https://spite.fr/post/new" "Mozilla/5.0 (iPhone; CPU iPhone OS 17_6_1 like Mac OS X) AppleWebKit/605.1.15 (KHTML, like Gecko) Version/17.6 Mobile/15E148 Safari/604.1"
174.234.101.16 - - [16/Oct/2024:02:28:30 +0000] "GET /media/images/IMG_3964_mgoDl2k.jpeg HTTP/1.1" 200 3772753 "https://spite.fr/?fbclid=PAZXh0bgNhZW0CMTEAAaZHiNP9YE5ZFUs2G3K7ssZ8mYM5zoXhqR0EEA4KdvJhE44TLEoOLcAvDfM_aem_i3skn55VzLrHWOHUUTPtgA" "Mozilla/5.0 (iPhone; CPU iPhone OS 17_6_1 like Mac OS X) AppleWebKit/605.1.15 (KHTML, like Gecko) Mobile/21G93 Instagram 352.2.0.36.89 (iPhone14,5; iOS 17_6_1; en_US; en-US; scale=3.00; 1170x2532; 650375967; IABMV/1)"
174.109.131.12 - - [16/Oct/2024:02:28:34 +0000] "GET / HTTP/1.1" 200 9039 "https://spite.fr/post/new" "Mozilla/5.0 (iPhone; CPU iPhone OS 17_6_1 like Mac OS X) AppleWebKit/605.1.15 (KHTML, like Gecko) Version/17.6 Mobile/15E148 Safari/604.1"
174.234.101.16 - - [16/Oct/2024:02:28:37 +0000] "GET /media/images/IMG_3963.jpeg HTTP/1.1" 200 3598158 "https://spite.fr/?fbclid=PAZXh0bgNhZW0CMTEAAaZHiNP9YE5ZFUs2G3K7ssZ8mYM5zoXhqR0EEA4KdvJhE44TLEoOLcAvDfM_aem_i3skn55VzLrHWOHUUTPtgA" "Mozilla/5.0 (iPhone; CPU iPhone OS 17_6_1 like Mac OS X) AppleWebKit/605.1.15 (KHTML, like Gecko) Mobile/21G93 Instagram 352.2.0.36.89 (iPhone14,5; iOS 17_6_1; en_US; en-US; scale=3.00; 1170x2532; 650375967; IABMV/1)"
174.234.101.16 - - [16/Oct/2024:02:28:38 +0000] "GET /media/images/IMG_3962.jpeg HTTP/1.1" 200 1545652 "https://spite.fr/?fbclid=PAZXh0bgNhZW0CMTEAAaZHiNP9YE5ZFUs2G3K7ssZ8mYM5zoXhqR0EEA4KdvJhE44TLEoOLcAvDfM_aem_i3skn55VzLrHWOHUUTPtgA" "Mozilla/5.0 (iPhone; CPU iPhone OS 17_6_1 like Mac OS X) AppleWebKit/605.1.15 (KHTML, like Gecko) Mobile/21G93 Instagram 352.2.0.36.89 (iPhone14,5; iOS 17_6_1; en_US; en-US; scale=3.00; 1170x2532; 650375967; IABMV/1)"
