174.193.48.97 - - [16/Oct/2024:00:42:38 +0000] "GET / HTTP/1.1" 504 176 "https://spite.fr/post/new" "Mozilla/5.0 (iPhone; CPU iPhone OS 17_6_1 like Mac OS X) AppleWebKit/605.1.15 (KHTML, like Gecko) Version/17.6 Mobile/15E148 Safari/604.1"
174.109.131.12 - - [16/Oct/2024:00:43:21 +0000] "GET / HTTP/1.1" 504 176 "-" "Mozilla/5.0 (iPhone; CPU iPhone OS 17_6_1 like Mac OS X) AppleWebKit/605.1.15 (KHTML, like Gecko) Version/17.6 Mobile/15E148 Safari/604.1"
174.193.48.97 - - [16/Oct/2024:00:43:50 +0000] "GET / HTTP/1.1" 500 141 "https://spite.fr/post/new" "Mozilla/5.0 (iPhone; CPU iPhone OS 17_6_1 like Mac OS X) AppleWebKit/605.1.15 (KHTML, like Gecko) Version/17.6 Mobile/15E148 Safari/604.1"
72.231.28.79 - - [16/Oct/2024:00:43:58 +0000] "GET / HTTP/1.1" 200 7614 "-" "Mozilla/5.0 (Windows NT 10.0; Win64; x64) AppleWebKit/537.36 (KHTML, like Gecko) Chrome/128.0.0.0 Safari/537.36 OPR/114.0.0.0"
72.231.28.79 - - [16/Oct/2024:00:43:58 +0000] "GET /static/media/spite-logo.png HTTP/1.1" 200 19027 "https://spite.fr/" "Mozilla/5.0 (Windows NT 10.0; Win64; x64) AppleWebKit/537.36 (KHTML, like Gecko) Chrome/128.0.0.0 Safari/537.36 OPR/114.0.0.0"
72.231.28.79 - - [16/Oct/2024:00:43:58 +0000] "GET /static/media/anon.jpg HTTP/1.1" 200 9983 "https://spite.fr/" "Mozilla/5.0 (Windows NT 10.0; Win64; x64) AppleWebKit/537.36 (KHTML, like Gecko) Chrome/128.0.0.0 Safari/537.36 OPR/114.0.0.0"
72.231.28.79 - - [16/Oct/2024:00:43:59 +0000] "GET /media/images/IMG_3923.jpeg HTTP/1.1" 200 685441 "https://spite.fr/" "Mozilla/5.0 (Windows NT 10.0; Win64; x64) AppleWebKit/537.36 (KHTML, like Gecko) Chrome/128.0.0.0 Safari/537.36 OPR/114.0.0.0"
72.231.28.79 - - [16/Oct/2024:00:43:59 +0000] "GET /static/media/spitemagazine.gif HTTP/1.1" 200 849136 "https://spite.fr/" "Mozilla/5.0 (Windows NT 10.0; Win64; x64) AppleWebKit/537.36 (KHTML, like Gecko) Chrome/128.0.0.0 Safari/537.36 OPR/114.0.0.0"
72.231.28.79 - - [16/Oct/2024:00:43:59 +0000] "GET /media/images/IMG_3959.jpeg HTTP/1.1" 200 2093342 "https://spite.fr/" "Mozilla/5.0 (Windows NT 10.0; Win64; x64) AppleWebKit/537.36 (KHTML, like Gecko) Chrome/128.0.0.0 Safari/537.36 OPR/114.0.0.0"
72.231.28.79 - - [16/Oct/2024:00:43:59 +0000] "GET /media/images/1000026953.png HTTP/1.1" 200 525965 "https://spite.fr/" "Mozilla/5.0 (Windows NT 10.0; Win64; x64) AppleWebKit/537.36 (KHTML, like Gecko) Chrome/128.0.0.0 Safari/537.36 OPR/114.0.0.0"
72.231.28.79 - - [16/Oct/2024:00:43:59 +0000] "GET /static/js/load_more.js HTTP/1.1" 200 1287 "https://spite.fr/" "Mozilla/5.0 (Windows NT 10.0; Win64; x64) AppleWebKit/537.36 (KHTML, like Gecko) Chrome/128.0.0.0 Safari/537.36 OPR/114.0.0.0"
72.231.28.79 - - [16/Oct/2024:00:43:59 +0000] "GET /media/images/IMG_2708_eO61LoK.jpeg HTTP/1.1" 200 6085067 "https://spite.fr/" "Mozilla/5.0 (Windows NT 10.0; Win64; x64) AppleWebKit/537.36 (KHTML, like Gecko) Chrome/128.0.0.0 Safari/537.36 OPR/114.0.0.0"
72.231.28.79 - - [16/Oct/2024:00:43:59 +0000] "GET /media/images/IMG_3957.jpeg HTTP/1.1" 200 2343026 "https://spite.fr/" "Mozilla/5.0 (Windows NT 10.0; Win64; x64) AppleWebKit/537.36 (KHTML, like Gecko) Chrome/128.0.0.0 Safari/537.36 OPR/114.0.0.0"
72.231.28.79 - - [16/Oct/2024:00:43:59 +0000] "GET /media/images/IMG_2708.jpeg HTTP/1.1" 200 6085067 "https://spite.fr/" "Mozilla/5.0 (Windows NT 10.0; Win64; x64) AppleWebKit/537.36 (KHTML, like Gecko) Chrome/128.0.0.0 Safari/537.36 OPR/114.0.0.0"
72.231.28.79 - - [16/Oct/2024:00:44:00 +0000] "GET /media/images/IMG_3961.jpeg HTTP/1.1" 200 2701565 "https://spite.fr/" "Mozilla/5.0 (Windows NT 10.0; Win64; x64) AppleWebKit/537.36 (KHTML, like Gecko) Chrome/128.0.0.0 Safari/537.36 OPR/114.0.0.0"
72.231.28.79 - - [16/Oct/2024:00:44:00 +0000] "GET /static/favicon.ico HTTP/1.1" 404 197 "https://spite.fr/" "Mozilla/5.0 (Windows NT 10.0; Win64; x64) AppleWebKit/537.36 (KHTML, like Gecko) Chrome/128.0.0.0 Safari/537.36 OPR/114.0.0.0"
174.193.48.97 - - [16/Oct/2024:00:44:01 +0000] "GET / HTTP/1.1" 200 7614 "https://spite.fr/post/new" "Mozilla/5.0 (iPhone; CPU iPhone OS 17_6_1 like Mac OS X) AppleWebKit/605.1.15 (KHTML, like Gecko) Version/17.6 Mobile/15E148 Safari/604.1"
174.193.48.97 - - [16/Oct/2024:00:44:04 +0000] "GET /media/images/IMG_3961.jpeg HTTP/1.1" 200 2701565 "https://spite.fr/" "Mozilla/5.0 (iPhone; CPU iPhone OS 17_6_1 like Mac OS X) AppleWebKit/605.1.15 (KHTML, like Gecko) Version/17.6 Mobile/15E148 Safari/604.1"
174.193.48.97 - - [16/Oct/2024:00:44:04 +0000] "GET /media/images/IMG_3959.jpeg HTTP/1.1" 200 2093342 "https://spite.fr/" "Mozilla/5.0 (iPhone; CPU iPhone OS 17_6_1 like Mac OS X) AppleWebKit/605.1.15 (KHTML, like Gecko) Version/17.6 Mobile/15E148 Safari/604.1"
174.193.48.97 - - [16/Oct/2024:00:44:12 +0000] "GET /post/new HTTP/1.1" 200 2447 "https://spite.fr/" "Mozilla/5.0 (iPhone; CPU iPhone OS 17_6_1 like Mac OS X) AppleWebKit/605.1.15 (KHTML, like Gecko) Version/17.6 Mobile/15E148 Safari/604.1"
174.109.131.12 - - [16/Oct/2024:00:45:01 +0000] "GET / HTTP/1.1" 200 7614 "-" "Mozilla/5.0 (iPhone; CPU iPhone OS 17_6_1 like Mac OS X) AppleWebKit/605.1.15 (KHTML, like Gecko) Version/17.6 Mobile/15E148 Safari/604.1"
174.109.131.12 - - [16/Oct/2024:00:45:01 +0000] "GET /static/css/styles.css HTTP/1.1" 200 7777 "https://spite.fr/" "Mozilla/5.0 (iPhone; CPU iPhone OS 17_6_1 like Mac OS X) AppleWebKit/605.1.15 (KHTML, like Gecko) Version/17.6 Mobile/15E148 Safari/604.1"
174.109.131.12 - - [16/Oct/2024:00:45:01 +0000] "GET /static/media/spite-logo.png HTTP/1.1" 200 19027 "https://spite.fr/" "Mozilla/5.0 (iPhone; CPU iPhone OS 17_6_1 like Mac OS X) AppleWebKit/605.1.15 (KHTML, like Gecko) Version/17.6 Mobile/15E148 Safari/604.1"
174.109.131.12 - - [16/Oct/2024:00:45:01 +0000] "GET /static/js/load_more.js HTTP/1.1" 200 1287 "https://spite.fr/" "Mozilla/5.0 (iPhone; CPU iPhone OS 17_6_1 like Mac OS X) AppleWebKit/605.1.15 (KHTML, like Gecko) Version/17.6 Mobile/15E148 Safari/604.1"
174.109.131.12 - - [16/Oct/2024:00:45:01 +0000] "GET /static/media/anon.jpg HTTP/1.1" 200 9983 "https://spite.fr/" "Mozilla/5.0 (iPhone; CPU iPhone OS 17_6_1 like Mac OS X) AppleWebKit/605.1.15 (KHTML, like Gecko) Version/17.6 Mobile/15E148 Safari/604.1"
174.109.131.12 - - [16/Oct/2024:00:45:02 +0000] "GET /static/media/spitemagazine.gif HTTP/1.1" 200 849136 "https://spite.fr/" "Mozilla/5.0 (iPhone; CPU iPhone OS 17_6_1 like Mac OS X) AppleWebKit/605.1.15 (KHTML, like Gecko) Version/17.6 Mobile/15E148 Safari/604.1"
174.109.131.12 - - [16/Oct/2024:00:45:02 +0000] "GET /media/images/IMG_3923.jpeg HTTP/1.1" 200 685441 "https://spite.fr/" "Mozilla/5.0 (iPhone; CPU iPhone OS 17_6_1 like Mac OS X) AppleWebKit/605.1.15 (KHTML, like Gecko) Version/17.6 Mobile/15E148 Safari/604.1"
174.109.131.12 - - [16/Oct/2024:00:45:03 +0000] "GET /media/images/IMG_3961.jpeg HTTP/1.1" 304 0 "https://spite.fr/" "Mozilla/5.0 (iPhone; CPU iPhone OS 17_6_1 like Mac OS X) AppleWebKit/605.1.15 (KHTML, like Gecko) Version/17.6 Mobile/15E148 Safari/604.1"
174.109.131.12 - - [16/Oct/2024:00:45:03 +0000] "GET /media/images/IMG_3959.jpeg HTTP/1.1" 304 0 "https://spite.fr/" "Mozilla/5.0 (iPhone; CPU iPhone OS 17_6_1 like Mac OS X) AppleWebKit/605.1.15 (KHTML, like Gecko) Version/17.6 Mobile/15E148 Safari/604.1"
174.109.131.12 - - [16/Oct/2024:00:45:04 +0000] "GET /media/images/IMG_2708_eO61LoK.jpeg HTTP/1.1" 304 0 "https://spite.fr/" "Mozilla/5.0 (iPhone; CPU iPhone OS 17_6_1 like Mac OS X) AppleWebKit/605.1.15 (KHTML, like Gecko) Version/17.6 Mobile/15E148 Safari/604.1"
174.109.131.12 - - [16/Oct/2024:00:45:20 +0000] "GET /post/new HTTP/1.1" 200 2442 "https://spite.fr/" "Mozilla/5.0 (iPhone; CPU iPhone OS 17_6_1 like Mac OS X) AppleWebKit/605.1.15 (KHTML, like Gecko) Version/17.6 Mobile/15E148 Safari/604.1"
174.109.131.12 - - [16/Oct/2024:00:45:39 +0000] "POST /post/new HTTP/1.1" 302 0 "https://spite.fr/post/new" "Mozilla/5.0 (iPhone; CPU iPhone OS 17_6_1 like Mac OS X) AppleWebKit/605.1.15 (KHTML, like Gecko) Version/17.6 Mobile/15E148 Safari/604.1"
174.109.131.12 - - [16/Oct/2024:00:45:50 +0000] "GET / HTTP/1.1" 200 7660 "https://spite.fr/post/new" "Mozilla/5.0 (iPhone; CPU iPhone OS 17_6_1 like Mac OS X) AppleWebKit/605.1.15 (KHTML, like Gecko) Version/17.6 Mobile/15E148 Safari/604.1"
174.109.131.12 - - [16/Oct/2024:00:46:27 +0000] "GET /media/images/IMG_3962.jpeg HTTP/1.1" 200 1545652 "https://spite.fr/" "Mozilla/5.0 (iPhone; CPU iPhone OS 17_6_1 like Mac OS X) AppleWebKit/605.1.15 (KHTML, like Gecko) Version/17.6 Mobile/15E148 Safari/604.1"
174.109.131.12 - - [16/Oct/2024:00:46:31 +0000] "GET /post/new HTTP/1.1" 200 2449 "https://spite.fr/" "Mozilla/5.0 (iPhone; CPU iPhone OS 17_6_1 like Mac OS X) AppleWebKit/605.1.15 (KHTML, like Gecko) Version/17.6 Mobile/15E148 Safari/604.1"
173.68.168.90 - - [16/Oct/2024:00:46:37 +0000] "GET / HTTP/1.1" 200 7660 "https://spite.fr/" "Mozilla/5.0 (iPhone; CPU iPhone OS 17_6_1 like Mac OS X) AppleWebKit/605.1.15 (KHTML, like Gecko) Version/17.6 Mobile/15E148 Safari/604.1"
173.68.168.90 - - [16/Oct/2024:00:46:38 +0000] "GET /static/css/styles.css HTTP/1.1" 200 7777 "https://spite.fr/" "Mozilla/5.0 (iPhone; CPU iPhone OS 17_6_1 like Mac OS X) AppleWebKit/605.1.15 (KHTML, like Gecko) Version/17.6 Mobile/15E148 Safari/604.1"
173.68.168.90 - - [16/Oct/2024:00:46:38 +0000] "GET /static/js/load_more.js HTTP/1.1" 200 1287 "https://spite.fr/" "Mozilla/5.0 (iPhone; CPU iPhone OS 17_6_1 like Mac OS X) AppleWebKit/605.1.15 (KHTML, like Gecko) Version/17.6 Mobile/15E148 Safari/604.1"
173.68.168.90 - - [16/Oct/2024:00:46:38 +0000] "GET /static/media/spite-logo.png HTTP/1.1" 200 19027 "https://spite.fr/" "Mozilla/5.0 (iPhone; CPU iPhone OS 17_6_1 like Mac OS X) AppleWebKit/605.1.15 (KHTML, like Gecko) Version/17.6 Mobile/15E148 Safari/604.1"
173.68.168.90 - - [16/Oct/2024:00:46:38 +0000] "GET /static/media/anon.jpg HTTP/1.1" 200 9983 "https://spite.fr/" "Mozilla/5.0 (iPhone; CPU iPhone OS 17_6_1 like Mac OS X) AppleWebKit/605.1.15 (KHTML, like Gecko) Version/17.6 Mobile/15E148 Safari/604.1"
173.68.168.90 - - [16/Oct/2024:00:46:38 +0000] "GET /media/images/IMG_3923.jpeg HTTP/1.1" 200 685441 "https://spite.fr/" "Mozilla/5.0 (iPhone; CPU iPhone OS 17_6_1 like Mac OS X) AppleWebKit/605.1.15 (KHTML, like Gecko) Version/17.6 Mobile/15E148 Safari/604.1"
173.68.168.90 - - [16/Oct/2024:00:46:38 +0000] "GET /static/favicon.ico HTTP/1.1" 404 134 "https://spite.fr/" "Mozilla/5.0 (iPhone; CPU iPhone OS 17_6_1 like Mac OS X) AppleWebKit/605.1.15 (KHTML, like Gecko) Version/17.6 Mobile/15E148 Safari/604.1"
173.68.168.90 - - [16/Oct/2024:00:46:38 +0000] "GET /static/media/spitemagazine.gif HTTP/1.1" 200 849136 "https://spite.fr/" "Mozilla/5.0 (iPhone; CPU iPhone OS 17_6_1 like Mac OS X) AppleWebKit/605.1.15 (KHTML, like Gecko) Version/17.6 Mobile/15E148 Safari/604.1"
173.68.168.90 - - [16/Oct/2024:00:46:39 +0000] "GET /media/images/1000026953.png HTTP/1.1" 200 525965 "https://spite.fr/" "Mozilla/5.0 (iPhone; CPU iPhone OS 17_6_1 like Mac OS X) AppleWebKit/605.1.15 (KHTML, like Gecko) Version/17.6 Mobile/15E148 Safari/604.1"
173.68.168.90 - - [16/Oct/2024:00:46:39 +0000] "GET /media/images/IMG_2708_eO61LoK.jpeg HTTP/1.1" 200 6085067 "https://spite.fr/" "Mozilla/5.0 (iPhone; CPU iPhone OS 17_6_1 like Mac OS X) AppleWebKit/605.1.15 (KHTML, like Gecko) Version/17.6 Mobile/15E148 Safari/604.1"
173.68.168.90 - - [16/Oct/2024:00:46:39 +0000] "GET /media/images/IMG_2708.jpeg HTTP/1.1" 200 6085067 "https://spite.fr/" "Mozilla/5.0 (iPhone; CPU iPhone OS 17_6_1 like Mac OS X) AppleWebKit/605.1.15 (KHTML, like Gecko) Version/17.6 Mobile/15E148 Safari/604.1"
173.68.168.90 - - [16/Oct/2024:00:46:40 +0000] "GET /media/images/IMG_3959.jpeg HTTP/1.1" 200 2093342 "https://spite.fr/" "Mozilla/5.0 (iPhone; CPU iPhone OS 17_6_1 like Mac OS X) AppleWebKit/605.1.15 (KHTML, like Gecko) Version/17.6 Mobile/15E148 Safari/604.1"
174.109.131.12 - - [16/Oct/2024:00:47:37 +0000] "POST /post/new HTTP/1.1" 302 0 "https://spite.fr/post/new" "Mozilla/5.0 (iPhone; CPU iPhone OS 17_6_1 like Mac OS X) AppleWebKit/605.1.15 (KHTML, like Gecko) Version/17.6 Mobile/15E148 Safari/604.1"
174.193.48.97 - - [16/Oct/2024:00:47:43 +0000] "POST /post/new HTTP/1.1" 302 0 "https://spite.fr/post/new" "Mozilla/5.0 (iPhone; CPU iPhone OS 17_6_1 like Mac OS X) AppleWebKit/605.1.15 (KHTML, like Gecko) Version/17.6 Mobile/15E148 Safari/604.1"
174.109.131.12 - - [16/Oct/2024:00:47:54 +0000] "GET / HTTP/1.1" 200 7949 "https://spite.fr/post/new" "Mozilla/5.0 (iPhone; CPU iPhone OS 17_6_1 like Mac OS X) AppleWebKit/605.1.15 (KHTML, like Gecko) Version/17.6 Mobile/15E148 Safari/604.1"
174.109.131.12 - - [16/Oct/2024:00:47:57 +0000] "GET /media/images/IMG_3962.jpeg HTTP/1.1" 304 0 "https://spite.fr/" "Mozilla/5.0 (iPhone; CPU iPhone OS 17_6_1 like Mac OS X) AppleWebKit/605.1.15 (KHTML, like Gecko) Version/17.6 Mobile/15E148 Safari/604.1"
174.109.131.12 - - [16/Oct/2024:00:47:59 +0000] "GET /media/images/IMG_3961.jpeg HTTP/1.1" 304 0 "https://spite.fr/" "Mozilla/5.0 (iPhone; CPU iPhone OS 17_6_1 like Mac OS X) AppleWebKit/605.1.15 (KHTML, like Gecko) Version/17.6 Mobile/15E148 Safari/604.1"
72.231.28.79 - - [16/Oct/2024:00:47:59 +0000] "GET /?page=2 HTTP/1.1" 200 8923 "https://spite.fr/" "Mozilla/5.0 (Windows NT 10.0; Win64; x64) AppleWebKit/537.36 (KHTML, like Gecko) Chrome/128.0.0.0 Safari/537.36 OPR/114.0.0.0"
174.193.48.97 - - [16/Oct/2024:00:48:00 +0000] "GET / HTTP/1.1" 200 7951 "https://spite.fr/post/new" "Mozilla/5.0 (iPhone; CPU iPhone OS 17_6_1 like Mac OS X) AppleWebKit/605.1.15 (KHTML, like Gecko) Version/17.6 Mobile/15E148 Safari/604.1"
72.231.28.79 - - [16/Oct/2024:00:48:03 +0000] "GET /media/images/IMG_2213.jpeg HTTP/1.1" 200 1651858 "https://spite.fr/?page=2" "Mozilla/5.0 (Windows NT 10.0; Win64; x64) AppleWebKit/537.36 (KHTML, like Gecko) Chrome/128.0.0.0 Safari/537.36 OPR/114.0.0.0"
174.193.48.97 - - [16/Oct/2024:00:48:03 +0000] "GET /media/images/IMG_3962.jpeg HTTP/1.1" 200 1545652 "https://spite.fr/" "Mozilla/5.0 (iPhone; CPU iPhone OS 17_6_1 like Mac OS X) AppleWebKit/605.1.15 (KHTML, like Gecko) Version/17.6 Mobile/15E148 Safari/604.1"
174.193.48.97 - - [16/Oct/2024:00:48:04 +0000] "GET /media/images/IMG_3961.jpeg HTTP/1.1" 304 0 "https://spite.fr/" "Mozilla/5.0 (iPhone; CPU iPhone OS 17_6_1 like Mac OS X) AppleWebKit/605.1.15 (KHTML, like Gecko) Version/17.6 Mobile/15E148 Safari/604.1"
174.193.48.97 - - [16/Oct/2024:00:48:05 +0000] "GET /media/images/IMG_3963.jpeg HTTP/1.1" 200 3598158 "https://spite.fr/" "Mozilla/5.0 (iPhone; CPU iPhone OS 17_6_1 like Mac OS X) AppleWebKit/605.1.15 (KHTML, like Gecko) Version/17.6 Mobile/15E148 Safari/604.1"
174.109.131.12 - - [16/Oct/2024:00:48:05 +0000] "GET /media/images/IMG_3963.jpeg HTTP/1.1" 200 3598158 "https://spite.fr/" "Mozilla/5.0 (iPhone; CPU iPhone OS 17_6_1 like Mac OS X) AppleWebKit/605.1.15 (KHTML, like Gecko) Version/17.6 Mobile/15E148 Safari/604.1"
174.109.131.12 - - [16/Oct/2024:00:48:06 +0000] "GET / HTTP/1.1" 200 7951 "-" "Mozilla/5.0 (iPhone; CPU iPhone OS 17_6_1 like Mac OS X) AppleWebKit/605.1.15 (KHTML, like Gecko) Version/17.6 Mobile/15E148 Safari/604.1"
174.109.131.12 - - [16/Oct/2024:00:48:08 +0000] "GET /media/images/IMG_3963.jpeg HTTP/1.1" 304 0 "https://spite.fr/" "Mozilla/5.0 (iPhone; CPU iPhone OS 17_6_1 like Mac OS X) AppleWebKit/605.1.15 (KHTML, like Gecko) Version/17.6 Mobile/15E148 Safari/604.1"
72.231.28.79 - - [16/Oct/2024:00:48:16 +0000] "GET /media/images/1000026900_xD0BF66.jpg HTTP/1.1" 200 22429 "https://spite.fr/?page=2" "Mozilla/5.0 (Windows NT 10.0; Win64; x64) AppleWebKit/537.36 (KHTML, like Gecko) Chrome/128.0.0.0 Safari/537.36 OPR/114.0.0.0"
72.231.28.79 - - [16/Oct/2024:00:48:22 +0000] "GET /media/images/d0d816af0cd349959c90a1a02bb3f3dc.webp HTTP/1.1" 200 107622 "https://spite.fr/?page=2" "Mozilla/5.0 (Windows NT 10.0; Win64; x64) AppleWebKit/537.36 (KHTML, like Gecko) Chrome/128.0.0.0 Safari/537.36 OPR/114.0.0.0"
72.231.28.79 - - [16/Oct/2024:00:48:23 +0000] "GET /media/images/1000026950.webp HTTP/1.1" 200 63048 "https://spite.fr/?page=2" "Mozilla/5.0 (Windows NT 10.0; Win64; x64) AppleWebKit/537.36 (KHTML, like Gecko) Chrome/128.0.0.0 Safari/537.36 OPR/114.0.0.0"
174.193.48.97 - - [16/Oct/2024:00:48:57 +0000] "GET / HTTP/1.1" 200 7951 "https://spite.fr/post/new" "Mozilla/5.0 (iPhone; CPU iPhone OS 17_6_1 like Mac OS X) AppleWebKit/605.1.15 (KHTML, like Gecko) Version/17.6 Mobile/15E148 Safari/604.1"
174.193.48.97 - - [16/Oct/2024:00:48:57 +0000] "GET /media/images/IMG_3962.jpeg HTTP/1.1" 304 0 "https://spite.fr/" "Mozilla/5.0 (iPhone; CPU iPhone OS 17_6_1 like Mac OS X) AppleWebKit/605.1.15 (KHTML, like Gecko) Version/17.6 Mobile/15E148 Safari/604.1"
174.193.48.97 - - [16/Oct/2024:00:48:58 +0000] "GET /media/images/IMG_3963.jpeg HTTP/1.1" 304 0 "https://spite.fr/" "Mozilla/5.0 (iPhone; CPU iPhone OS 17_6_1 like Mac OS X) AppleWebKit/605.1.15 (KHTML, like Gecko) Version/17.6 Mobile/15E148 Safari/604.1"
174.193.48.97 - - [16/Oct/2024:00:48:58 +0000] "GET /media/images/IMG_2708.jpeg HTTP/1.1" 304 0 "https://spite.fr/" "Mozilla/5.0 (iPhone; CPU iPhone OS 17_6_1 like Mac OS X) AppleWebKit/605.1.15 (KHTML, like Gecko) Version/17.6 Mobile/15E148 Safari/604.1"
174.193.48.97 - - [16/Oct/2024:00:48:58 +0000] "GET /media/images/IMG_2708_eO61LoK.jpeg HTTP/1.1" 304 0 "https://spite.fr/" "Mozilla/5.0 (iPhone; CPU iPhone OS 17_6_1 like Mac OS X) AppleWebKit/605.1.15 (KHTML, like Gecko) Version/17.6 Mobile/15E148 Safari/604.1"
174.193.48.97 - - [16/Oct/2024:00:48:58 +0000] "GET /media/images/IMG_3959.jpeg HTTP/1.1" 304 0 "https://spite.fr/" "Mozilla/5.0 (iPhone; CPU iPhone OS 17_6_1 like Mac OS X) AppleWebKit/605.1.15 (KHTML, like Gecko) Version/17.6 Mobile/15E148 Safari/604.1"
174.109.131.12 - - [16/Oct/2024:00:49:16 +0000] "GET / HTTP/1.1" 200 7951 "-" "Mozilla/5.0 (iPhone; CPU iPhone OS 17_6_1 like Mac OS X) AppleWebKit/605.1.15 (KHTML, like Gecko) Version/17.6 Mobile/15E148 Safari/604.1"
174.109.131.12 - - [16/Oct/2024:00:49:17 +0000] "GET /media/images/IMG_3963.jpeg HTTP/1.1" 304 0 "https://spite.fr/" "Mozilla/5.0 (iPhone; CPU iPhone OS 17_6_1 like Mac OS X) AppleWebKit/605.1.15 (KHTML, like Gecko) Version/17.6 Mobile/15E148 Safari/604.1"
174.109.131.12 - - [16/Oct/2024:00:49:18 +0000] "GET /media/images/IMG_3962.jpeg HTTP/1.1" 304 0 "https://spite.fr/" "Mozilla/5.0 (iPhone; CPU iPhone OS 17_6_1 like Mac OS X) AppleWebKit/605.1.15 (KHTML, like Gecko) Version/17.6 Mobile/15E148 Safari/604.1"
49.213.214.176 - - [16/Oct/2024:00:49:47 +0000] "GET / HTTP/1.0" 200 612 "-" "Mozilla/5.0 (Linux; U; Android 4.0.3; ko-kr; LG-L160L Build/IML74K) AppleWebkit/534.30 (KHTML, like Gecko) Version/4.0 Mobile Safari/534.30"
174.193.48.97 - - [16/Oct/2024:00:50:45 +0000] "GET / HTTP/1.1" 200 7951 "https://spite.fr/post/new" "Mozilla/5.0 (iPhone; CPU iPhone OS 17_6_1 like Mac OS X) AppleWebKit/605.1.15 (KHTML, like Gecko) Version/17.6 Mobile/15E148 Safari/604.1"
174.193.48.97 - - [16/Oct/2024:00:50:45 +0000] "GET /media/images/IMG_3962.jpeg HTTP/1.1" 304 0 "https://spite.fr/" "Mozilla/5.0 (iPhone; CPU iPhone OS 17_6_1 like Mac OS X) AppleWebKit/605.1.15 (KHTML, like Gecko) Version/17.6 Mobile/15E148 Safari/604.1"
174.193.48.97 - - [16/Oct/2024:00:50:45 +0000] "GET /media/images/IMG_3963.jpeg HTTP/1.1" 304 0 "https://spite.fr/" "Mozilla/5.0 (iPhone; CPU iPhone OS 17_6_1 like Mac OS X) AppleWebKit/605.1.15 (KHTML, like Gecko) Version/17.6 Mobile/15E148 Safari/604.1"
107.122.189.111 - - [16/Oct/2024:00:50:48 +0000] "GET /?fbclid=PAZXh0bgNhZW0CMTEAAaYWPG5HabcAWeqXWbQ-_DwSenGaLa9qQVet5aOQ4xSZDJC1-M9Agw6cjIk_aem_eLUI28PI5FHEZF8jt9z4lA HTTP/1.1" 301 178 "https://l.instagram.com/" "Mozilla/5.0 (iPhone; CPU iPhone OS 16_0 like Mac OS X) AppleWebKit/605.1.15 (KHTML, like Gecko) Mobile/20A362 Instagram 352.2.0.36.89 (iPhone14,4; iOS 16_0; en_US; en-US; scale=3.00; 1125x2436; 650375967; IABMV/1)"
107.122.189.111 - - [16/Oct/2024:00:51:00 +0000] "GET /?fbclid=PAZXh0bgNhZW0CMTEAAaYWPG5HabcAWeqXWbQ-_DwSenGaLa9qQVet5aOQ4xSZDJC1-M9Agw6cjIk_aem_eLUI28PI5FHEZF8jt9z4lA HTTP/1.1" 200 7949 "https://l.instagram.com/" "Mozilla/5.0 (iPhone; CPU iPhone OS 16_0 like Mac OS X) AppleWebKit/605.1.15 (KHTML, like Gecko) Mobile/20A362 Instagram 352.2.0.36.89 (iPhone14,4; iOS 16_0; en_US; en-US; scale=3.00; 1125x2436; 650375967; IABMV/1)"
107.122.189.111 - - [16/Oct/2024:00:51:00 +0000] "GET /static/css/styles.css HTTP/1.1" 200 7777 "https://spite.fr/?fbclid=PAZXh0bgNhZW0CMTEAAaYWPG5HabcAWeqXWbQ-_DwSenGaLa9qQVet5aOQ4xSZDJC1-M9Agw6cjIk_aem_eLUI28PI5FHEZF8jt9z4lA" "Mozilla/5.0 (iPhone; CPU iPhone OS 16_0 like Mac OS X) AppleWebKit/605.1.15 (KHTML, like Gecko) Mobile/20A362 Instagram 352.2.0.36.89 (iPhone14,4; iOS 16_0; en_US; en-US; scale=3.00; 1125x2436; 650375967; IABMV/1)"
107.122.189.111 - - [16/Oct/2024:00:51:00 +0000] "GET /static/js/load_more.js HTTP/1.1" 200 1287 "https://spite.fr/?fbclid=PAZXh0bgNhZW0CMTEAAaYWPG5HabcAWeqXWbQ-_DwSenGaLa9qQVet5aOQ4xSZDJC1-M9Agw6cjIk_aem_eLUI28PI5FHEZF8jt9z4lA" "Mozilla/5.0 (iPhone; CPU iPhone OS 16_0 like Mac OS X) AppleWebKit/605.1.15 (KHTML, like Gecko) Mobile/20A362 Instagram 352.2.0.36.89 (iPhone14,4; iOS 16_0; en_US; en-US; scale=3.00; 1125x2436; 650375967; IABMV/1)"
107.122.189.111 - - [16/Oct/2024:00:51:00 +0000] "GET /static/media/spite-logo.png HTTP/1.1" 200 19027 "https://spite.fr/?fbclid=PAZXh0bgNhZW0CMTEAAaYWPG5HabcAWeqXWbQ-_DwSenGaLa9qQVet5aOQ4xSZDJC1-M9Agw6cjIk_aem_eLUI28PI5FHEZF8jt9z4lA" "Mozilla/5.0 (iPhone; CPU iPhone OS 16_0 like Mac OS X) AppleWebKit/605.1.15 (KHTML, like Gecko) Mobile/20A362 Instagram 352.2.0.36.89 (iPhone14,4; iOS 16_0; en_US; en-US; scale=3.00; 1125x2436; 650375967; IABMV/1)"
107.122.189.111 - - [16/Oct/2024:00:51:00 +0000] "GET /static/media/anon.jpg HTTP/1.1" 200 9983 "https://spite.fr/?fbclid=PAZXh0bgNhZW0CMTEAAaYWPG5HabcAWeqXWbQ-_DwSenGaLa9qQVet5aOQ4xSZDJC1-M9Agw6cjIk_aem_eLUI28PI5FHEZF8jt9z4lA" "Mozilla/5.0 (iPhone; CPU iPhone OS 16_0 like Mac OS X) AppleWebKit/605.1.15 (KHTML, like Gecko) Mobile/20A362 Instagram 352.2.0.36.89 (iPhone14,4; iOS 16_0; en_US; en-US; scale=3.00; 1125x2436; 650375967; IABMV/1)"
107.122.189.111 - - [16/Oct/2024:00:51:00 +0000] "GET /static/media/spitemagazine.gif HTTP/1.1" 200 849136 "https://spite.fr/?fbclid=PAZXh0bgNhZW0CMTEAAaYWPG5HabcAWeqXWbQ-_DwSenGaLa9qQVet5aOQ4xSZDJC1-M9Agw6cjIk_aem_eLUI28PI5FHEZF8jt9z4lA" "Mozilla/5.0 (iPhone; CPU iPhone OS 16_0 like Mac OS X) AppleWebKit/605.1.15 (KHTML, like Gecko) Mobile/20A362 Instagram 352.2.0.36.89 (iPhone14,4; iOS 16_0; en_US; en-US; scale=3.00; 1125x2436; 650375967; IABMV/1)"
107.122.189.111 - - [16/Oct/2024:00:51:01 +0000] "GET /?fbclid=PAZXh0bgNhZW0CMTEAAaYWPG5HabcAWeqXWbQ-_DwSenGaLa9qQVet5aOQ4xSZDJC1-M9Agw6cjIk_aem_eLUI28PI5FHEZF8jt9z4lA HTTP/1.1" 200 7949 "https://spite.fr/?fbclid=PAZXh0bgNhZW0CMTEAAaYWPG5HabcAWeqXWbQ-_DwSenGaLa9qQVet5aOQ4xSZDJC1-M9Agw6cjIk_aem_eLUI28PI5FHEZF8jt9z4lA" "Mozilla/5.0 (iPhone; CPU iPhone OS 16_0 like Mac OS X) AppleWebKit/605.1.15 (KHTML, like Gecko) Mobile/20A362 Instagram 352.2.0.36.89 (iPhone14,4; iOS 16_0; en_US; en-US; scale=3.00; 1125x2436; 650375967) NW/1"
107.122.189.111 - - [16/Oct/2024:00:51:01 +0000] "GET /static/js/load_more.js HTTP/1.1" 304 0 "https://spite.fr/?fbclid=PAZXh0bgNhZW0CMTEAAaYWPG5HabcAWeqXWbQ-_DwSenGaLa9qQVet5aOQ4xSZDJC1-M9Agw6cjIk_aem_eLUI28PI5FHEZF8jt9z4lA" "Mozilla/5.0 (iPhone; CPU iPhone OS 16_0 like Mac OS X) AppleWebKit/605.1.15 (KHTML, like Gecko) Mobile/20A362 Instagram 352.2.0.36.89 (iPhone14,4; iOS 16_0; en_US; en-US; scale=3.00; 1125x2436; 650375967) NW/1"
107.122.189.111 - - [16/Oct/2024:00:51:01 +0000] "GET /static/css/styles.css HTTP/1.1" 304 0 "https://spite.fr/?fbclid=PAZXh0bgNhZW0CMTEAAaYWPG5HabcAWeqXWbQ-_DwSenGaLa9qQVet5aOQ4xSZDJC1-M9Agw6cjIk_aem_eLUI28PI5FHEZF8jt9z4lA" "Mozilla/5.0 (iPhone; CPU iPhone OS 16_0 like Mac OS X) AppleWebKit/605.1.15 (KHTML, like Gecko) Mobile/20A362 Instagram 352.2.0.36.89 (iPhone14,4; iOS 16_0; en_US; en-US; scale=3.00; 1125x2436; 650375967) NW/1"
107.122.189.111 - - [16/Oct/2024:00:51:02 +0000] "GET /static/media/spite-logo.png HTTP/1.1" 304 0 "https://spite.fr/?fbclid=PAZXh0bgNhZW0CMTEAAaYWPG5HabcAWeqXWbQ-_DwSenGaLa9qQVet5aOQ4xSZDJC1-M9Agw6cjIk_aem_eLUI28PI5FHEZF8jt9z4lA" "Mozilla/5.0 (iPhone; CPU iPhone OS 16_0 like Mac OS X) AppleWebKit/605.1.15 (KHTML, like Gecko) Mobile/20A362 Instagram 352.2.0.36.89 (iPhone14,4; iOS 16_0; en_US; en-US; scale=3.00; 1125x2436; 650375967) NW/1"
107.122.189.111 - - [16/Oct/2024:00:51:02 +0000] "GET /static/media/spitemagazine.gif HTTP/1.1" 200 849136 "https://spite.fr/?fbclid=PAZXh0bgNhZW0CMTEAAaYWPG5HabcAWeqXWbQ-_DwSenGaLa9qQVet5aOQ4xSZDJC1-M9Agw6cjIk_aem_eLUI28PI5FHEZF8jt9z4lA" "Mozilla/5.0 (iPhone; CPU iPhone OS 16_0 like Mac OS X) AppleWebKit/605.1.15 (KHTML, like Gecko) Mobile/20A362 Instagram 352.2.0.36.89 (iPhone14,4; iOS 16_0; en_US; en-US; scale=3.00; 1125x2436; 650375967) NW/1"
47.230.64.145 - - [16/Oct/2024:00:51:13 +0000] "GET /?fbclid=PAZXh0bgNhZW0CMTEAAaZingUDm-rmTqo3ehdS7qzh5LzbmM-kntLu5p2guQhc3Eg9AAe8fsYr0D8_aem_9rTeY6wPbHUSkTtoAz4fDA HTTP/1.1" 200 7950 "https://l.instagram.com/" "Mozilla/5.0 (iPhone; CPU iPhone OS 17_6_1 like Mac OS X) AppleWebKit/605.1.15 (KHTML, like Gecko) Mobile/21G93 Instagram 352.2.0.36.89 (iPhone15,2; iOS 17_6_1; en_US; en-US; scale=3.00; 1179x2556; 650375967) NW/3"
47.230.64.145 - - [16/Oct/2024:00:51:15 +0000] "GET /media/images/IMG_3963.jpeg HTTP/1.1" 200 3598158 "https://spite.fr/?fbclid=PAZXh0bgNhZW0CMTEAAaZingUDm-rmTqo3ehdS7qzh5LzbmM-kntLu5p2guQhc3Eg9AAe8fsYr0D8_aem_9rTeY6wPbHUSkTtoAz4fDA" "Mozilla/5.0 (iPhone; CPU iPhone OS 17_6_1 like Mac OS X) AppleWebKit/605.1.15 (KHTML, like Gecko) Mobile/21G93 Instagram 352.2.0.36.89 (iPhone15,2; iOS 17_6_1; en_US; en-US; scale=3.00; 1179x2556; 650375967; IABMV/1)"
47.230.64.145 - - [16/Oct/2024:00:51:15 +0000] "GET /media/images/IMG_3962.jpeg HTTP/1.1" 200 1545652 "https://spite.fr/?fbclid=PAZXh0bgNhZW0CMTEAAaZingUDm-rmTqo3ehdS7qzh5LzbmM-kntLu5p2guQhc3Eg9AAe8fsYr0D8_aem_9rTeY6wPbHUSkTtoAz4fDA" "Mozilla/5.0 (iPhone; CPU iPhone OS 17_6_1 like Mac OS X) AppleWebKit/605.1.15 (KHTML, like Gecko) Mobile/21G93 Instagram 352.2.0.36.89 (iPhone15,2; iOS 17_6_1; en_US; en-US; scale=3.00; 1179x2556; 650375967; IABMV/1)"
47.230.64.145 - - [16/Oct/2024:00:51:16 +0000] "GET /media/images/IMG_3961.jpeg HTTP/1.1" 200 2701565 "https://spite.fr/?fbclid=PAZXh0bgNhZW0CMTEAAaZingUDm-rmTqo3ehdS7qzh5LzbmM-kntLu5p2guQhc3Eg9AAe8fsYr0D8_aem_9rTeY6wPbHUSkTtoAz4fDA" "Mozilla/5.0 (iPhone; CPU iPhone OS 17_6_1 like Mac OS X) AppleWebKit/605.1.15 (KHTML, like Gecko) Mobile/21G93 Instagram 352.2.0.36.89 (iPhone15,2; iOS 17_6_1; en_US; en-US; scale=3.00; 1179x2556; 650375967; IABMV/1)"
47.230.64.145 - - [16/Oct/2024:00:51:17 +0000] "GET /media/images/IMG_3959.jpeg HTTP/1.1" 200 2093342 "https://spite.fr/?fbclid=PAZXh0bgNhZW0CMTEAAaZingUDm-rmTqo3ehdS7qzh5LzbmM-kntLu5p2guQhc3Eg9AAe8fsYr0D8_aem_9rTeY6wPbHUSkTtoAz4fDA" "Mozilla/5.0 (iPhone; CPU iPhone OS 17_6_1 like Mac OS X) AppleWebKit/605.1.15 (KHTML, like Gecko) Mobile/21G93 Instagram 352.2.0.36.89 (iPhone15,2; iOS 17_6_1; en_US; en-US; scale=3.00; 1179x2556; 650375967; IABMV/1)"
47.230.64.145 - - [16/Oct/2024:00:51:17 +0000] "GET /media/images/IMG_2708_eO61LoK.jpeg HTTP/1.1" 304 0 "https://spite.fr/?fbclid=PAZXh0bgNhZW0CMTEAAaZingUDm-rmTqo3ehdS7qzh5LzbmM-kntLu5p2guQhc3Eg9AAe8fsYr0D8_aem_9rTeY6wPbHUSkTtoAz4fDA" "Mozilla/5.0 (iPhone; CPU iPhone OS 17_6_1 like Mac OS X) AppleWebKit/605.1.15 (KHTML, like Gecko) Mobile/21G93 Instagram 352.2.0.36.89 (iPhone15,2; iOS 17_6_1; en_US; en-US; scale=3.00; 1179x2556; 650375967; IABMV/1)"
47.230.64.145 - - [16/Oct/2024:00:51:17 +0000] "GET /media/images/IMG_2708.jpeg HTTP/1.1" 304 0 "https://spite.fr/?fbclid=PAZXh0bgNhZW0CMTEAAaZingUDm-rmTqo3ehdS7qzh5LzbmM-kntLu5p2guQhc3Eg9AAe8fsYr0D8_aem_9rTeY6wPbHUSkTtoAz4fDA" "Mozilla/5.0 (iPhone; CPU iPhone OS 17_6_1 like Mac OS X) AppleWebKit/605.1.15 (KHTML, like Gecko) Mobile/21G93 Instagram 352.2.0.36.89 (iPhone15,2; iOS 17_6_1; en_US; en-US; scale=3.00; 1179x2556; 650375967; IABMV/1)"
47.230.64.145 - - [16/Oct/2024:00:51:18 +0000] "GET /media/images/1000026953.png HTTP/1.1" 304 0 "https://spite.fr/?fbclid=PAZXh0bgNhZW0CMTEAAaZingUDm-rmTqo3ehdS7qzh5LzbmM-kntLu5p2guQhc3Eg9AAe8fsYr0D8_aem_9rTeY6wPbHUSkTtoAz4fDA" "Mozilla/5.0 (iPhone; CPU iPhone OS 17_6_1 like Mac OS X) AppleWebKit/605.1.15 (KHTML, like Gecko) Mobile/21G93 Instagram 352.2.0.36.89 (iPhone15,2; iOS 17_6_1; en_US; en-US; scale=3.00; 1179x2556; 650375967; IABMV/1)"
216.39.249.133 - - [16/Oct/2024:00:51:24 +0000] "GET / HTTP/1.1" 200 7951 "https://spite.fr/post/6217/" "Mozilla/5.0 (iPhone; CPU iPhone OS 17_7 like Mac OS X) AppleWebKit/605.1.15 (KHTML, like Gecko) Version/17.7 Mobile/15E148 Safari/604.1"
216.39.249.133 - - [16/Oct/2024:00:51:26 +0000] "GET /media/images/IMG_3963.jpeg HTTP/1.1" 200 3598158 "https://spite.fr/" "Mozilla/5.0 (iPhone; CPU iPhone OS 17_7 like Mac OS X) AppleWebKit/605.1.15 (KHTML, like Gecko) Version/17.7 Mobile/15E148 Safari/604.1"
216.39.249.133 - - [16/Oct/2024:00:51:26 +0000] "GET /media/images/IMG_3962.jpeg HTTP/1.1" 200 1545652 "https://spite.fr/" "Mozilla/5.0 (iPhone; CPU iPhone OS 17_7 like Mac OS X) AppleWebKit/605.1.15 (KHTML, like Gecko) Version/17.7 Mobile/15E148 Safari/604.1"
216.39.249.133 - - [16/Oct/2024:00:51:44 +0000] "GET /media/images/IMG_3961.jpeg HTTP/1.1" 200 2701565 "https://spite.fr/" "Mozilla/5.0 (iPhone; CPU iPhone OS 17_7 like Mac OS X) AppleWebKit/605.1.15 (KHTML, like Gecko) Version/17.7 Mobile/15E148 Safari/604.1"
216.39.249.133 - - [16/Oct/2024:00:51:44 +0000] "GET /media/images/IMG_3959.jpeg HTTP/1.1" 200 2093342 "https://spite.fr/" "Mozilla/5.0 (iPhone; CPU iPhone OS 17_7 like Mac OS X) AppleWebKit/605.1.15 (KHTML, like Gecko) Version/17.7 Mobile/15E148 Safari/604.1"
216.39.249.133 - - [16/Oct/2024:00:51:48 +0000] "GET /media/images/IMG_2708_eO61LoK.jpeg HTTP/1.1" 200 6085067 "https://spite.fr/" "Mozilla/5.0 (iPhone; CPU iPhone OS 17_7 like Mac OS X) AppleWebKit/605.1.15 (KHTML, like Gecko) Version/17.7 Mobile/15E148 Safari/604.1"
216.39.249.133 - - [16/Oct/2024:00:51:48 +0000] "GET /media/images/IMG_2708.jpeg HTTP/1.1" 200 6085067 "https://spite.fr/" "Mozilla/5.0 (iPhone; CPU iPhone OS 17_7 like Mac OS X) AppleWebKit/605.1.15 (KHTML, like Gecko) Version/17.7 Mobile/15E148 Safari/604.1"
216.39.249.133 - - [16/Oct/2024:00:51:49 +0000] "GET /media/images/1000026953.png HTTP/1.1" 200 525965 "https://spite.fr/" "Mozilla/5.0 (iPhone; CPU iPhone OS 17_7 like Mac OS X) AppleWebKit/605.1.15 (KHTML, like Gecko) Version/17.7 Mobile/15E148 Safari/604.1"
174.193.48.97 - - [16/Oct/2024:00:52:00 +0000] "GET / HTTP/1.1" 200 7951 "https://spite.fr/post/new" "Mozilla/5.0 (iPhone; CPU iPhone OS 17_6_1 like Mac OS X) AppleWebKit/605.1.15 (KHTML, like Gecko) Version/17.6 Mobile/15E148 Safari/604.1"
174.193.48.97 - - [16/Oct/2024:00:52:01 +0000] "GET /media/images/IMG_3963.jpeg HTTP/1.1" 304 0 "https://spite.fr/" "Mozilla/5.0 (iPhone; CPU iPhone OS 17_6_1 like Mac OS X) AppleWebKit/605.1.15 (KHTML, like Gecko) Version/17.6 Mobile/15E148 Safari/604.1"
174.193.48.97 - - [16/Oct/2024:00:52:01 +0000] "GET /media/images/IMG_3962.jpeg HTTP/1.1" 304 0 "https://spite.fr/" "Mozilla/5.0 (iPhone; CPU iPhone OS 17_6_1 like Mac OS X) AppleWebKit/605.1.15 (KHTML, like Gecko) Version/17.6 Mobile/15E148 Safari/604.1"
216.39.249.133 - - [16/Oct/2024:00:52:04 +0000] "GET /media/images/IMG_3957.jpeg HTTP/1.1" 200 2343026 "https://spite.fr/" "Mozilla/5.0 (iPhone; CPU iPhone OS 17_7 like Mac OS X) AppleWebKit/605.1.15 (KHTML, like Gecko) Version/17.7 Mobile/15E148 Safari/604.1"
174.193.48.97 - - [16/Oct/2024:00:52:04 +0000] "GET /media/images/IMG_3961.jpeg HTTP/1.1" 304 0 "https://spite.fr/" "Mozilla/5.0 (iPhone; CPU iPhone OS 17_6_1 like Mac OS X) AppleWebKit/605.1.15 (KHTML, like Gecko) Version/17.6 Mobile/15E148 Safari/604.1"
174.193.48.97 - - [16/Oct/2024:00:52:04 +0000] "GET /media/images/IMG_3959.jpeg HTTP/1.1" 304 0 "https://spite.fr/" "Mozilla/5.0 (iPhone; CPU iPhone OS 17_6_1 like Mac OS X) AppleWebKit/605.1.15 (KHTML, like Gecko) Version/17.6 Mobile/15E148 Safari/604.1"
216.39.249.133 - - [16/Oct/2024:00:52:14 +0000] "GET /?page=2 HTTP/1.1" 200 8923 "https://spite.fr/" "Mozilla/5.0 (iPhone; CPU iPhone OS 17_7 like Mac OS X) AppleWebKit/605.1.15 (KHTML, like Gecko) Version/17.7 Mobile/15E148 Safari/604.1"
216.39.249.133 - - [16/Oct/2024:00:52:16 +0000] "GET /media/images/IMG_2213.jpeg HTTP/1.1" 304 0 "https://spite.fr/?page=2" "Mozilla/5.0 (iPhone; CPU iPhone OS 17_7 like Mac OS X) AppleWebKit/605.1.15 (KHTML, like Gecko) Version/17.7 Mobile/15E148 Safari/604.1"
174.193.48.97 - - [16/Oct/2024:00:52:17 +0000] "GET /media/images/1000026953.png HTTP/1.1" 304 0 "https://spite.fr/" "Mozilla/5.0 (iPhone; CPU iPhone OS 17_6_1 like Mac OS X) AppleWebKit/605.1.15 (KHTML, like Gecko) Version/17.6 Mobile/15E148 Safari/604.1"
174.193.48.97 - - [16/Oct/2024:00:52:19 +0000] "GET / HTTP/1.1" 200 7951 "https://spite.fr/post/new" "Mozilla/5.0 (iPhone; CPU iPhone OS 17_6_1 like Mac OS X) AppleWebKit/605.1.15 (KHTML, like Gecko) Version/17.6 Mobile/15E148 Safari/604.1"
174.193.48.97 - - [16/Oct/2024:00:52:19 +0000] "GET /media/images/IMG_3957.jpeg HTTP/1.1" 304 0 "https://spite.fr/" "Mozilla/5.0 (iPhone; CPU iPhone OS 17_6_1 like Mac OS X) AppleWebKit/605.1.15 (KHTML, like Gecko) Version/17.6 Mobile/15E148 Safari/604.1"
216.39.249.133 - - [16/Oct/2024:00:52:20 +0000] "GET /media/images/1000026900_xD0BF66.jpg HTTP/1.1" 304 0 "https://spite.fr/?page=2" "Mozilla/5.0 (iPhone; CPU iPhone OS 17_7 like Mac OS X) AppleWebKit/605.1.15 (KHTML, like Gecko) Version/17.7 Mobile/15E148 Safari/604.1"
216.39.249.133 - - [16/Oct/2024:00:52:22 +0000] "GET /media/images/d0d816af0cd349959c90a1a02bb3f3dc.webp HTTP/1.1" 200 107622 "https://spite.fr/?page=2" "Mozilla/5.0 (iPhone; CPU iPhone OS 17_7 like Mac OS X) AppleWebKit/605.1.15 (KHTML, like Gecko) Version/17.7 Mobile/15E148 Safari/604.1"
216.39.249.133 - - [16/Oct/2024:00:52:23 +0000] "GET /media/images/1000026950.webp HTTP/1.1" 200 63048 "https://spite.fr/?page=2" "Mozilla/5.0 (iPhone; CPU iPhone OS 17_7 like Mac OS X) AppleWebKit/605.1.15 (KHTML, like Gecko) Version/17.7 Mobile/15E148 Safari/604.1"
72.231.28.79 - - [16/Oct/2024:00:52:27 +0000] "GET /media/images/nicki.jpg HTTP/1.1" 200 2275445 "https://spite.fr/?page=2" "Mozilla/5.0 (Windows NT 10.0; Win64; x64) AppleWebKit/537.36 (KHTML, like Gecko) Chrome/128.0.0.0 Safari/537.36 OPR/114.0.0.0"
216.39.249.133 - - [16/Oct/2024:00:52:29 +0000] "GET /media/images/IMG_3962.jpeg HTTP/1.1" 304 0 "https://spite.fr/" "Mozilla/5.0 (iPhone; CPU iPhone OS 17_7 like Mac OS X) AppleWebKit/605.1.15 (KHTML, like Gecko) Version/17.7 Mobile/15E148 Safari/604.1"
216.39.249.133 - - [16/Oct/2024:00:52:29 +0000] "GET /media/images/IMG_3963.jpeg HTTP/1.1" 304 0 "https://spite.fr/" "Mozilla/5.0 (iPhone; CPU iPhone OS 17_7 like Mac OS X) AppleWebKit/605.1.15 (KHTML, like Gecko) Version/17.7 Mobile/15E148 Safari/604.1"
206.53.90.198 - - [16/Oct/2024:00:52:40 +0000] "GET / HTTP/1.1" 200 7951 "https://spite.fr/" "Mozilla/5.0 (Windows NT 10.0; Win64; x64; rv:131.0) Gecko/20100101 Firefox/131.0"
206.53.90.198 - - [16/Oct/2024:00:52:40 +0000] "GET /media/images/IMG_3923.jpeg HTTP/1.1" 304 0 "https://spite.fr/" "Mozilla/5.0 (Windows NT 10.0; Win64; x64; rv:131.0) Gecko/20100101 Firefox/131.0"
206.53.90.198 - - [16/Oct/2024:00:52:40 +0000] "GET /static/favicon.ico HTTP/1.1" 404 134 "https://spite.fr/" "Mozilla/5.0 (Windows NT 10.0; Win64; x64; rv:131.0) Gecko/20100101 Firefox/131.0"
206.53.90.198 - - [16/Oct/2024:00:52:46 +0000] "GET /media/images/IMG_3962.jpeg HTTP/1.1" 200 1545652 "https://spite.fr/" "Mozilla/5.0 (Windows NT 10.0; Win64; x64; rv:131.0) Gecko/20100101 Firefox/131.0"
216.39.249.133 - - [16/Oct/2024:00:52:50 +0000] "GET /post/7203/ HTTP/1.1" 200 2515 "https://spite.fr/" "Mozilla/5.0 (iPhone; CPU iPhone OS 17_7 like Mac OS X) AppleWebKit/605.1.15 (KHTML, like Gecko) Version/17.7 Mobile/15E148 Safari/604.1"
206.53.90.198 - - [16/Oct/2024:00:52:51 +0000] "GET /media/images/IMG_3963.jpeg HTTP/1.1" 200 3598158 "https://spite.fr/" "Mozilla/5.0 (Windows NT 10.0; Win64; x64; rv:131.0) Gecko/20100101 Firefox/131.0"
72.231.28.79 - - [16/Oct/2024:00:53:01 +0000] "GET /?page=3 HTTP/1.1" 200 8197 "https://spite.fr/?page=2" "Mozilla/5.0 (Windows NT 10.0; Win64; x64) AppleWebKit/537.36 (KHTML, like Gecko) Chrome/128.0.0.0 Safari/537.36 OPR/114.0.0.0"
66.249.79.33 - - [16/Oct/2024:00:53:05 +0000] "GET /post/1543/?page=1 HTTP/1.1" 200 1914 "-" "Mozilla/5.0 (Linux; Android 6.0.1; Nexus 5X Build/MMB29P) AppleWebKit/537.36 (KHTML, like Gecko) Chrome/129.0.6668.89 Mobile Safari/537.36 (compatible; Googlebot/2.1; +http://www.google.com/bot.html)"
206.53.90.198 - - [16/Oct/2024:00:53:15 +0000] "GET /media/images/IMG_3961.jpeg HTTP/1.1" 200 2701565 "https://spite.fr/" "Mozilla/5.0 (Windows NT 10.0; Win64; x64; rv:131.0) Gecko/20100101 Firefox/131.0"
206.53.90.198 - - [16/Oct/2024:00:53:17 +0000] "GET /media/images/IMG_3959.jpeg HTTP/1.1" 200 2093342 "https://spite.fr/" "Mozilla/5.0 (Windows NT 10.0; Win64; x64; rv:131.0) Gecko/20100101 Firefox/131.0"
107.122.189.111 - - [16/Oct/2024:00:53:32 +0000] "GET /?fbclid=PAZXh0bgNhZW0CMTEAAab34hoQBx2gpyrhhhVt-GkquVo167QrpKd_5oMyOGT0MWGtBeI8Qnj7mo8_aem_tsVpjKBn6w0tcZX20bfpaw HTTP/1.1" 200 7952 "https://l.instagram.com/" "Mozilla/5.0 (iPhone; CPU iPhone OS 16_0 like Mac OS X) AppleWebKit/605.1.15 (KHTML, like Gecko) Mobile/20A362 Instagram 352.2.0.36.89 (iPhone14,4; iOS 16_0; en_US; en-US; scale=3.00; 1125x2436; 650375967; IABMV/1)"
107.122.189.111 - - [16/Oct/2024:00:53:34 +0000] "GET /media/images/IMG_3923.jpeg HTTP/1.1" 200 685441 "https://spite.fr/?fbclid=PAZXh0bgNhZW0CMTEAAab34hoQBx2gpyrhhhVt-GkquVo167QrpKd_5oMyOGT0MWGtBeI8Qnj7mo8_aem_tsVpjKBn6w0tcZX20bfpaw" "Mozilla/5.0 (iPhone; CPU iPhone OS 16_0 like Mac OS X) AppleWebKit/605.1.15 (KHTML, like Gecko) Mobile/20A362 Instagram 352.2.0.36.89 (iPhone14,4; iOS 16_0; en_US; en-US; scale=3.00; 1125x2436; 650375967; IABMV/1)"
107.122.189.111 - - [16/Oct/2024:00:53:36 +0000] "GET /media/images/IMG_3963.jpeg HTTP/1.1" 200 3598158 "https://spite.fr/?fbclid=PAZXh0bgNhZW0CMTEAAab34hoQBx2gpyrhhhVt-GkquVo167QrpKd_5oMyOGT0MWGtBeI8Qnj7mo8_aem_tsVpjKBn6w0tcZX20bfpaw" "Mozilla/5.0 (iPhone; CPU iPhone OS 16_0 like Mac OS X) AppleWebKit/605.1.15 (KHTML, like Gecko) Mobile/20A362 Instagram 352.2.0.36.89 (iPhone14,4; iOS 16_0; en_US; en-US; scale=3.00; 1125x2436; 650375967; IABMV/1)"
107.122.189.111 - - [16/Oct/2024:00:53:36 +0000] "GET /media/images/IMG_3961.jpeg HTTP/1.1" 200 2701565 "https://spite.fr/?fbclid=PAZXh0bgNhZW0CMTEAAab34hoQBx2gpyrhhhVt-GkquVo167QrpKd_5oMyOGT0MWGtBeI8Qnj7mo8_aem_tsVpjKBn6w0tcZX20bfpaw" "Mozilla/5.0 (iPhone; CPU iPhone OS 16_0 like Mac OS X) AppleWebKit/605.1.15 (KHTML, like Gecko) Mobile/20A362 Instagram 352.2.0.36.89 (iPhone14,4; iOS 16_0; en_US; en-US; scale=3.00; 1125x2436; 650375967; IABMV/1)"
107.122.189.111 - - [16/Oct/2024:00:53:36 +0000] "GET /media/images/IMG_3962.jpeg HTTP/1.1" 200 1545652 "https://spite.fr/?fbclid=PAZXh0bgNhZW0CMTEAAab34hoQBx2gpyrhhhVt-GkquVo167QrpKd_5oMyOGT0MWGtBeI8Qnj7mo8_aem_tsVpjKBn6w0tcZX20bfpaw" "Mozilla/5.0 (iPhone; CPU iPhone OS 16_0 like Mac OS X) AppleWebKit/605.1.15 (KHTML, like Gecko) Mobile/20A362 Instagram 352.2.0.36.89 (iPhone14,4; iOS 16_0; en_US; en-US; scale=3.00; 1125x2436; 650375967; IABMV/1)"
107.122.189.111 - - [16/Oct/2024:00:53:48 +0000] "GET /?fbclid=PAZXh0bgNhZW0CMTEAAab34hoQBx2gpyrhhhVt-GkquVo167QrpKd_5oMyOGT0MWGtBeI8Qnj7mo8_aem_tsVpjKBn6w0tcZX20bfpaw HTTP/1.1" 200 7952 "https://spite.fr/?fbclid=PAZXh0bgNhZW0CMTEAAab34hoQBx2gpyrhhhVt-GkquVo167QrpKd_5oMyOGT0MWGtBeI8Qnj7mo8_aem_tsVpjKBn6w0tcZX20bfpaw" "Mozilla/5.0 (iPhone; CPU iPhone OS 16_0 like Mac OS X) AppleWebKit/605.1.15 (KHTML, like Gecko) Mobile/20A362 Instagram 352.2.0.36.89 (iPhone14,4; iOS 16_0; en_US; en-US; scale=3.00; 1125x2436; 650375967) NW/1"
107.122.189.111 - - [16/Oct/2024:00:53:48 +0000] "GET /static/css/styles.css HTTP/1.1" 304 0 "https://spite.fr/?fbclid=PAZXh0bgNhZW0CMTEAAab34hoQBx2gpyrhhhVt-GkquVo167QrpKd_5oMyOGT0MWGtBeI8Qnj7mo8_aem_tsVpjKBn6w0tcZX20bfpaw" "Mozilla/5.0 (iPhone; CPU iPhone OS 16_0 like Mac OS X) AppleWebKit/605.1.15 (KHTML, like Gecko) Mobile/20A362 Instagram 352.2.0.36.89 (iPhone14,4; iOS 16_0; en_US; en-US; scale=3.00; 1125x2436; 650375967) NW/1"
107.122.189.111 - - [16/Oct/2024:00:53:48 +0000] "GET /static/js/load_more.js HTTP/1.1" 304 0 "https://spite.fr/?fbclid=PAZXh0bgNhZW0CMTEAAab34hoQBx2gpyrhhhVt-GkquVo167QrpKd_5oMyOGT0MWGtBeI8Qnj7mo8_aem_tsVpjKBn6w0tcZX20bfpaw" "Mozilla/5.0 (iPhone; CPU iPhone OS 16_0 like Mac OS X) AppleWebKit/605.1.15 (KHTML, like Gecko) Mobile/20A362 Instagram 352.2.0.36.89 (iPhone14,4; iOS 16_0; en_US; en-US; scale=3.00; 1125x2436; 650375967) NW/1"
107.122.189.111 - - [16/Oct/2024:00:53:48 +0000] "GET /static/media/spite-logo.png HTTP/1.1" 304 0 "https://spite.fr/?fbclid=PAZXh0bgNhZW0CMTEAAab34hoQBx2gpyrhhhVt-GkquVo167QrpKd_5oMyOGT0MWGtBeI8Qnj7mo8_aem_tsVpjKBn6w0tcZX20bfpaw" "Mozilla/5.0 (iPhone; CPU iPhone OS 16_0 like Mac OS X) AppleWebKit/605.1.15 (KHTML, like Gecko) Mobile/20A362 Instagram 352.2.0.36.89 (iPhone14,4; iOS 16_0; en_US; en-US; scale=3.00; 1125x2436; 650375967) NW/1"
107.122.189.111 - - [16/Oct/2024:00:53:49 +0000] "GET /static/media/spitemagazine.gif HTTP/1.1" 200 849136 "https://spite.fr/?fbclid=PAZXh0bgNhZW0CMTEAAab34hoQBx2gpyrhhhVt-GkquVo167QrpKd_5oMyOGT0MWGtBeI8Qnj7mo8_aem_tsVpjKBn6w0tcZX20bfpaw" "Mozilla/5.0 (iPhone; CPU iPhone OS 16_0 like Mac OS X) AppleWebKit/605.1.15 (KHTML, like Gecko) Mobile/20A362 Instagram 352.2.0.36.89 (iPhone14,4; iOS 16_0; en_US; en-US; scale=3.00; 1125x2436; 650375967) NW/1"
107.122.189.111 - - [16/Oct/2024:00:53:49 +0000] "GET /media/images/IMG_3959.jpeg HTTP/1.1" 200 2093342 "https://spite.fr/?fbclid=PAZXh0bgNhZW0CMTEAAab34hoQBx2gpyrhhhVt-GkquVo167QrpKd_5oMyOGT0MWGtBeI8Qnj7mo8_aem_tsVpjKBn6w0tcZX20bfpaw" "Mozilla/5.0 (iPhone; CPU iPhone OS 16_0 like Mac OS X) AppleWebKit/605.1.15 (KHTML, like Gecko) Mobile/20A362 Instagram 352.2.0.36.89 (iPhone14,4; iOS 16_0; en_US; en-US; scale=3.00; 1125x2436; 650375967) NW/1"
107.122.189.111 - - [16/Oct/2024:00:53:49 +0000] "GET /media/images/IMG_2708_eO61LoK.jpeg HTTP/1.1" 200 6085067 "https://spite.fr/?fbclid=PAZXh0bgNhZW0CMTEAAab34hoQBx2gpyrhhhVt-GkquVo167QrpKd_5oMyOGT0MWGtBeI8Qnj7mo8_aem_tsVpjKBn6w0tcZX20bfpaw" "Mozilla/5.0 (iPhone; CPU iPhone OS 16_0 like Mac OS X) AppleWebKit/605.1.15 (KHTML, like Gecko) Mobile/20A362 Instagram 352.2.0.36.89 (iPhone14,4; iOS 16_0; en_US; en-US; scale=3.00; 1125x2436; 650375967) NW/1"
206.53.90.198 - - [16/Oct/2024:00:53:50 +0000] "GET /media/images/IMG_2708.jpeg HTTP/1.1" 200 6085067 "https://spite.fr/" "Mozilla/5.0 (Windows NT 10.0; Win64; x64; rv:131.0) Gecko/20100101 Firefox/131.0"
206.53.90.198 - - [16/Oct/2024:00:53:53 +0000] "GET /media/images/1000026953.png HTTP/1.1" 200 525965 "https://spite.fr/" "Mozilla/5.0 (Windows NT 10.0; Win64; x64; rv:131.0) Gecko/20100101 Firefox/131.0"
206.53.90.198 - - [16/Oct/2024:00:54:06 +0000] "GET /media/images/IMG_2708_eO61LoK.jpeg HTTP/1.1" 200 6085067 "https://spite.fr/" "Mozilla/5.0 (Windows NT 10.0; Win64; x64; rv:131.0) Gecko/20100101 Firefox/131.0"
206.53.90.198 - - [16/Oct/2024:00:54:08 +0000] "GET /media/images/IMG_3957.jpeg HTTP/1.1" 200 2343026 "https://spite.fr/" "Mozilla/5.0 (Windows NT 10.0; Win64; x64; rv:131.0) Gecko/20100101 Firefox/131.0"
107.116.89.44 - - [16/Oct/2024:00:55:11 +0000] "GET / HTTP/1.1" 200 7951 "https://spite.fr/post/new" "Mozilla/5.0 (Android 13; Mobile; rv:131.0) Gecko/131.0 Firefox/131.0"
107.116.89.44 - - [16/Oct/2024:00:55:12 +0000] "GET /static/media/spite-logo.png HTTP/1.1" 200 19027 "https://spite.fr/" "Mozilla/5.0 (Android 13; Mobile; rv:131.0) Gecko/131.0 Firefox/131.0"
107.116.89.44 - - [16/Oct/2024:00:55:12 +0000] "GET /static/js/load_more.js HTTP/1.1" 200 1287 "https://spite.fr/" "Mozilla/5.0 (Android 13; Mobile; rv:131.0) Gecko/131.0 Firefox/131.0"
107.116.89.44 - - [16/Oct/2024:00:55:12 +0000] "GET /static/media/anon.jpg HTTP/1.1" 200 9983 "https://spite.fr/" "Mozilla/5.0 (Android 13; Mobile; rv:131.0) Gecko/131.0 Firefox/131.0"
107.116.89.44 - - [16/Oct/2024:00:55:12 +0000] "GET /static/favicon.ico HTTP/1.1" 404 134 "-" "Mozilla/5.0 (Android 13; Mobile; rv:131.0) Gecko/131.0 Firefox/131.0"
107.116.89.44 - - [16/Oct/2024:00:55:12 +0000] "GET /media/images/IMG_3923.jpeg HTTP/1.1" 200 685441 "https://spite.fr/" "Mozilla/5.0 (Android 13; Mobile; rv:131.0) Gecko/131.0 Firefox/131.0"
107.116.89.44 - - [16/Oct/2024:00:55:12 +0000] "GET /media/images/IMG_3962.jpeg HTTP/1.1" 200 1545652 "https://spite.fr/" "Mozilla/5.0 (Android 13; Mobile; rv:131.0) Gecko/131.0 Firefox/131.0"
107.116.89.44 - - [16/Oct/2024:00:55:12 +0000] "GET /media/images/IMG_3961.jpeg HTTP/1.1" 200 2701565 "https://spite.fr/" "Mozilla/5.0 (Android 13; Mobile; rv:131.0) Gecko/131.0 Firefox/131.0"
107.116.89.44 - - [16/Oct/2024:00:55:12 +0000] "GET /static/media/spitemagazine.gif HTTP/1.1" 200 849136 "https://spite.fr/" "Mozilla/5.0 (Android 13; Mobile; rv:131.0) Gecko/131.0 Firefox/131.0"
107.116.89.44 - - [16/Oct/2024:00:55:12 +0000] "GET /media/images/IMG_3963.jpeg HTTP/1.1" 200 3598158 "https://spite.fr/" "Mozilla/5.0 (Android 13; Mobile; rv:131.0) Gecko/131.0 Firefox/131.0"
107.116.89.44 - - [16/Oct/2024:00:55:12 +0000] "GET /media/images/IMG_3959.jpeg HTTP/1.1" 200 2093342 "https://spite.fr/" "Mozilla/5.0 (Android 13; Mobile; rv:131.0) Gecko/131.0 Firefox/131.0"
107.116.89.44 - - [16/Oct/2024:00:55:12 +0000] "GET /media/images/IMG_2708.jpeg HTTP/1.1" 200 6085067 "https://spite.fr/" "Mozilla/5.0 (Android 13; Mobile; rv:131.0) Gecko/131.0 Firefox/131.0"
107.116.89.44 - - [16/Oct/2024:00:55:12 +0000] "GET /media/images/IMG_2708_eO61LoK.jpeg HTTP/1.1" 200 6085067 "https://spite.fr/" "Mozilla/5.0 (Android 13; Mobile; rv:131.0) Gecko/131.0 Firefox/131.0"
174.193.48.97 - - [16/Oct/2024:00:55:25 +0000] "GET / HTTP/1.1" 200 7951 "https://spite.fr/post/new" "Mozilla/5.0 (iPhone; CPU iPhone OS 17_6_1 like Mac OS X) AppleWebKit/605.1.15 (KHTML, like Gecko) Version/17.6 Mobile/15E148 Safari/604.1"
174.193.48.97 - - [16/Oct/2024:00:55:25 +0000] "GET /media/images/IMG_3962.jpeg HTTP/1.1" 304 0 "https://spite.fr/" "Mozilla/5.0 (iPhone; CPU iPhone OS 17_6_1 like Mac OS X) AppleWebKit/605.1.15 (KHTML, like Gecko) Version/17.6 Mobile/15E148 Safari/604.1"
174.193.48.97 - - [16/Oct/2024:00:55:25 +0000] "GET /media/images/IMG_3963.jpeg HTTP/1.1" 304 0 "https://spite.fr/" "Mozilla/5.0 (iPhone; CPU iPhone OS 17_6_1 like Mac OS X) AppleWebKit/605.1.15 (KHTML, like Gecko) Version/17.6 Mobile/15E148 Safari/604.1"
107.116.89.44 - - [16/Oct/2024:00:55:31 +0000] "GET /media/images/1000026953.png HTTP/1.1" 200 525965 "https://spite.fr/" "Mozilla/5.0 (Android 13; Mobile; rv:131.0) Gecko/131.0 Firefox/131.0"
107.116.89.44 - - [16/Oct/2024:00:56:12 +0000] "GET /post/new HTTP/1.1" 200 2449 "https://spite.fr/" "Mozilla/5.0 (Android 13; Mobile; rv:131.0) Gecko/131.0 Firefox/131.0"
172.58.128.193 - - [16/Oct/2024:00:58:33 +0000] "GET / HTTP/1.1" 200 7951 "-" "Mozilla/5.0 (Linux; Android 10; K) AppleWebKit/537.36 (KHTML, like Gecko) Chrome/129.0.0.0 Mobile Safari/537.36"
172.58.128.193 - - [16/Oct/2024:00:58:36 +0000] "GET /media/images/IMG_3959.jpeg HTTP/1.1" 304 0 "https://spite.fr/" "Mozilla/5.0 (Linux; Android 10; K) AppleWebKit/537.36 (KHTML, like Gecko) Chrome/129.0.0.0 Mobile Safari/537.36"
172.58.128.193 - - [16/Oct/2024:00:58:36 +0000] "GET /media/images/IMG_2708_eO61LoK.jpeg HTTP/1.1" 304 0 "https://spite.fr/" "Mozilla/5.0 (Linux; Android 10; K) AppleWebKit/537.36 (KHTML, like Gecko) Chrome/129.0.0.0 Mobile Safari/537.36"
172.58.133.162 - - [16/Oct/2024:00:58:36 +0000] "GET /media/images/IMG_2708.jpeg HTTP/1.1" 304 0 "https://spite.fr/" "Mozilla/5.0 (Linux; Android 10; K) AppleWebKit/537.36 (KHTML, like Gecko) Chrome/129.0.0.0 Mobile Safari/537.36"
172.58.133.162 - - [16/Oct/2024:00:58:37 +0000] "GET /media/images/1000026953.png HTTP/1.1" 304 0 "https://spite.fr/" "Mozilla/5.0 (Linux; Android 10; K) AppleWebKit/537.36 (KHTML, like Gecko) Chrome/129.0.0.0 Mobile Safari/537.36"
172.58.133.162 - - [16/Oct/2024:00:58:38 +0000] "GET /media/images/IMG_3957.jpeg HTTP/1.1" 304 0 "https://spite.fr/" "Mozilla/5.0 (Linux; Android 10; K) AppleWebKit/537.36 (KHTML, like Gecko) Chrome/129.0.0.0 Mobile Safari/537.36"
1.34.61.180 - - [16/Oct/2024:00:58:55 +0000] "GET / HTTP/1.0" 200 612 "-" "Mozilla/5.0 (Linux; U; Android 4.0.3; ko-kr; LG-L160L Build/IML74K) AppleWebkit/534.30 (KHTML, like Gecko) Version/4.0 Mobile Safari/534.30"
72.231.28.79 - - [16/Oct/2024:00:59:17 +0000] "GET /media/images/1000026900_OhgEpKW.jpg HTTP/1.1" 200 22429 "https://spite.fr/?page=3" "Mozilla/5.0 (Windows NT 10.0; Win64; x64) AppleWebKit/537.36 (KHTML, like Gecko) Chrome/128.0.0.0 Safari/537.36 OPR/114.0.0.0"
72.231.28.79 - - [16/Oct/2024:00:59:19 +0000] "GET /media/images/1000026944.jpg HTTP/1.1" 200 256896 "https://spite.fr/?page=3" "Mozilla/5.0 (Windows NT 10.0; Win64; x64) AppleWebKit/537.36 (KHTML, like Gecko) Chrome/128.0.0.0 Safari/537.36 OPR/114.0.0.0"
172.58.128.193 - - [16/Oct/2024:00:59:27 +0000] "GET /media/images/IMG_3962.jpeg HTTP/1.1" 200 1545652 "https://spite.fr/" "Mozilla/5.0 (Linux; Android 10; K) AppleWebKit/537.36 (KHTML, like Gecko) Chrome/129.0.0.0 Mobile Safari/537.36"
72.231.28.79 - - [16/Oct/2024:00:59:40 +0000] "GET /media/images/1000026934.png HTTP/1.1" 200 1507264 "https://spite.fr/?page=3" "Mozilla/5.0 (Windows NT 10.0; Win64; x64) AppleWebKit/537.36 (KHTML, like Gecko) Chrome/128.0.0.0 Safari/537.36 OPR/114.0.0.0"
107.116.89.44 - - [16/Oct/2024:00:59:43 +0000] "POST /post/new HTTP/1.1" 302 0 "https://spite.fr/post/new" "Mozilla/5.0 (Android 13; Mobile; rv:131.0) Gecko/131.0 Firefox/131.0"
172.58.128.193 - - [16/Oct/2024:00:59:50 +0000] "GET /media/images/IMG_3961.jpeg HTTP/1.1" 200 2701565 "https://spite.fr/" "Mozilla/5.0 (Linux; Android 10; K) AppleWebKit/537.36 (KHTML, like Gecko) Chrome/129.0.0.0 Mobile Safari/537.36"
107.116.89.44 - - [16/Oct/2024:00:59:55 +0000] "GET / HTTP/1.1" 200 7980 "https://spite.fr/post/new" "Mozilla/5.0 (Android 13; Mobile; rv:131.0) Gecko/131.0 Firefox/131.0"
