174.218.83.114 - - [16/Oct/2024:02:50:54 +0000] "GET /post/new HTTP/1.1" 200 2447 "https://spite.fr/?page=1" "Mozilla/5.0 (iPhone; CPU iPhone OS 16_1_1 like Mac OS X) AppleWebKit/605.1.15 (KHTML, like Gecko) Version/16.1 Mobile/15E148 Safari/604.1"
172.56.163.21 - - [16/Oct/2024:02:50:54 +0000] "GET /media/images/Screenshot_2024-10-15_at_10.39.34PM.png HTTP/1.1" 304 0 "https://spite.fr/?page=1" "Mozilla/5.0 (iPhone; CPU iPhone OS 18_0 like Mac OS X) AppleWebKit/605.1.15 (KHTML, like Gecko) Version/18.0 Mobile/15E148 Safari/604.1"
75.220.176.126 - - [16/Oct/2024:02:51:02 +0000] "GET / HTTP/1.1" 200 9115 "https://spite.fr/post/7222/" "Mozilla/5.0 (Macintosh; Intel Mac OS X 10_15_7) AppleWebKit/605.1.15 (KHTML, like Gecko) Version/17.5 Safari/605.1.15"
75.220.176.126 - - [16/Oct/2024:02:51:03 +0000] "GET /media/images/Screenshot_2024-10-15_at_10.48.18PM.png HTTP/1.1" 304 0 "https://spite.fr/" "Mozilla/5.0 (Macintosh; Intel Mac OS X 10_15_7) AppleWebKit/605.1.15 (KHTML, like Gecko) Version/17.5 Safari/605.1.15"
75.220.176.126 - - [16/Oct/2024:02:51:04 +0000] "GET /media/images/Screenshot_2024-10-15_at_10.39.34PM.png HTTP/1.1" 304 0 "https://spite.fr/" "Mozilla/5.0 (Macintosh; Intel Mac OS X 10_15_7) AppleWebKit/605.1.15 (KHTML, like Gecko) Version/17.5 Safari/605.1.15"
174.218.83.114 - - [16/Oct/2024:02:51:11 +0000] "POST /post/new HTTP/1.1" 302 0 "https://spite.fr/post/new" "Mozilla/5.0 (iPhone; CPU iPhone OS 16_1_1 like Mac OS X) AppleWebKit/605.1.15 (KHTML, like Gecko) Version/16.1 Mobile/15E148 Safari/604.1"
14.200.134.87 - - [16/Oct/2024:02:51:21 +0000] "GET /post/new HTTP/1.1" 499 0 "https://spite.fr/" "Mozilla/5.0 (Macintosh; Intel Mac OS X 10.15; rv:128.0) Gecko/20100101 Firefox/128.0"
172.225.251.90 - - [16/Oct/2024:02:51:28 +0000] "GET / HTTP/1.1" 301 178 "-" "Mozilla/5.0 (iPhone; CPU iPhone OS 17_6_1 like Mac OS X) AppleWebKit/605.1.15 (KHTML, like Gecko) Version/17.6 Mobile/15E148 Safari/604.1"
14.200.134.87 - - [16/Oct/2024:02:51:30 +0000] "GET /post/new HTTP/1.1" 499 0 "https://spite.fr/" "Mozilla/5.0 (Macintosh; Intel Mac OS X 10.15; rv:128.0) Gecko/20100101 Firefox/128.0"
174.218.83.114 - - [16/Oct/2024:02:51:31 +0000] "GET / HTTP/1.1" 200 8498 "https://spite.fr/post/new" "Mozilla/5.0 (iPhone; CPU iPhone OS 16_1_1 like Mac OS X) AppleWebKit/605.1.15 (KHTML, like Gecko) Version/16.1 Mobile/15E148 Safari/604.1"
108.53.179.125 - - [16/Oct/2024:02:51:31 +0000] "GET / HTTP/1.1" 200 8498 "-" "Mozilla/5.0 (iPhone; CPU iPhone OS 17_6_1 like Mac OS X) AppleWebKit/605.1.15 (KHTML, like Gecko) Version/17.6 Mobile/15E148 Safari/604.1"
108.53.179.125 - - [16/Oct/2024:02:51:31 +0000] "GET /static/css/styles.css HTTP/1.1" 200 7777 "https://spite.fr/" "Mozilla/5.0 (iPhone; CPU iPhone OS 17_6_1 like Mac OS X) AppleWebKit/605.1.15 (KHTML, like Gecko) Version/17.6 Mobile/15E148 Safari/604.1"
108.53.179.125 - - [16/Oct/2024:02:51:31 +0000] "GET /static/js/load_more.js HTTP/1.1" 200 1287 "https://spite.fr/" "Mozilla/5.0 (iPhone; CPU iPhone OS 17_6_1 like Mac OS X) AppleWebKit/605.1.15 (KHTML, like Gecko) Version/17.6 Mobile/15E148 Safari/604.1"
108.53.179.125 - - [16/Oct/2024:02:51:31 +0000] "GET /static/media/spite-logo.png HTTP/1.1" 200 19027 "https://spite.fr/" "Mozilla/5.0 (iPhone; CPU iPhone OS 17_6_1 like Mac OS X) AppleWebKit/605.1.15 (KHTML, like Gecko) Version/17.6 Mobile/15E148 Safari/604.1"
108.53.179.125 - - [16/Oct/2024:02:51:31 +0000] "GET /static/media/anon.jpg HTTP/1.1" 200 9983 "https://spite.fr/" "Mozilla/5.0 (iPhone; CPU iPhone OS 17_6_1 like Mac OS X) AppleWebKit/605.1.15 (KHTML, like Gecko) Version/17.6 Mobile/15E148 Safari/604.1"
108.53.179.125 - - [16/Oct/2024:02:51:32 +0000] "GET /static/media/spitemagazine.gif HTTP/1.1" 200 849136 "https://spite.fr/" "Mozilla/5.0 (iPhone; CPU iPhone OS 17_6_1 like Mac OS X) AppleWebKit/605.1.15 (KHTML, like Gecko) Version/17.6 Mobile/15E148 Safari/604.1"
108.53.179.125 - - [16/Oct/2024:02:51:32 +0000] "GET /static/favicon.ico HTTP/1.1" 404 134 "https://spite.fr/" "Mozilla/5.0 (iPhone; CPU iPhone OS 17_6_1 like Mac OS X) AppleWebKit/605.1.15 (KHTML, like Gecko) Version/17.6 Mobile/15E148 Safari/604.1"
108.53.179.125 - - [16/Oct/2024:02:51:32 +0000] "GET /media/images/IMG_3923.jpeg HTTP/1.1" 200 685441 "https://spite.fr/" "Mozilla/5.0 (iPhone; CPU iPhone OS 17_6_1 like Mac OS X) AppleWebKit/605.1.15 (KHTML, like Gecko) Version/17.6 Mobile/15E148 Safari/604.1"
14.200.134.87 - - [16/Oct/2024:02:51:32 +0000] "GET /post/new HTTP/1.1" 200 2445 "https://spite.fr/" "Mozilla/5.0 (Macintosh; Intel Mac OS X 10.15; rv:128.0) Gecko/20100101 Firefox/128.0"
108.53.179.125 - - [16/Oct/2024:02:51:34 +0000] "GET /post/new HTTP/1.1" 200 2451 "https://spite.fr/" "Mozilla/5.0 (iPhone; CPU iPhone OS 17_6_1 like Mac OS X) AppleWebKit/605.1.15 (KHTML, like Gecko) Version/17.6 Mobile/15E148 Safari/604.1"
108.53.179.125 - - [16/Oct/2024:02:51:38 +0000] "GET /media/images/Screenshot_2024-10-15_at_10.48.18PM.png HTTP/1.1" 200 273130 "https://spite.fr/" "Mozilla/5.0 (iPhone; CPU iPhone OS 17_6_1 like Mac OS X) AppleWebKit/605.1.15 (KHTML, like Gecko) Version/17.6 Mobile/15E148 Safari/604.1"
108.53.179.125 - - [16/Oct/2024:02:51:40 +0000] "GET /media/images/Screenshot_2024-10-15_at_10.39.34PM.png HTTP/1.1" 200 445621 "https://spite.fr/" "Mozilla/5.0 (iPhone; CPU iPhone OS 17_6_1 like Mac OS X) AppleWebKit/605.1.15 (KHTML, like Gecko) Version/17.6 Mobile/15E148 Safari/604.1"
174.218.83.114 - - [16/Oct/2024:02:51:50 +0000] "GET /media/images/Screenshot_2024-10-15_at_10.48.18PM.png HTTP/1.1" 200 273130 "https://spite.fr/" "Mozilla/5.0 (iPhone; CPU iPhone OS 16_1_1 like Mac OS X) AppleWebKit/605.1.15 (KHTML, like Gecko) Version/16.1 Mobile/15E148 Safari/604.1"
174.218.83.114 - - [16/Oct/2024:02:51:51 +0000] "GET /media/images/Screenshot_2024-10-15_at_10.39.34PM.png HTTP/1.1" 304 0 "https://spite.fr/" "Mozilla/5.0 (iPhone; CPU iPhone OS 16_1_1 like Mac OS X) AppleWebKit/605.1.15 (KHTML, like Gecko) Version/16.1 Mobile/15E148 Safari/604.1"
14.200.134.87 - - [16/Oct/2024:02:52:00 +0000] "POST /post/new HTTP/1.1" 302 0 "https://spite.fr/post/new" "Mozilla/5.0 (Macintosh; Intel Mac OS X 10.15; rv:128.0) Gecko/20100101 Firefox/128.0"
14.200.134.87 - - [16/Oct/2024:02:52:12 +0000] "GET / HTTP/1.1" 200 8468 "https://spite.fr/post/new" "Mozilla/5.0 (Macintosh; Intel Mac OS X 10.15; rv:128.0) Gecko/20100101 Firefox/128.0"
14.200.134.87 - - [16/Oct/2024:02:52:12 +0000] "GET /static/favicon.ico HTTP/1.1" 404 134 "https://spite.fr/" "Mozilla/5.0 (Macintosh; Intel Mac OS X 10.15; rv:128.0) Gecko/20100101 Firefox/128.0"
23.243.40.150 - - [16/Oct/2024:02:52:14 +0000] "GET / HTTP/1.1" 200 8468 "-" "Mozilla/5.0 (Macintosh; Intel Mac OS X 10_15_7) AppleWebKit/605.1.15 (KHTML, like Gecko) Version/15.6.1 Safari/605.1.15"
23.243.40.150 - - [16/Oct/2024:02:52:15 +0000] "GET /static/css/styles.css HTTP/1.1" 200 7777 "https://spite.fr/" "Mozilla/5.0 (Macintosh; Intel Mac OS X 10_15_7) AppleWebKit/605.1.15 (KHTML, like Gecko) Version/15.6.1 Safari/605.1.15"
23.243.40.150 - - [16/Oct/2024:02:52:15 +0000] "GET /static/media/spite-logo.png HTTP/1.1" 200 19027 "https://spite.fr/" "Mozilla/5.0 (Macintosh; Intel Mac OS X 10_15_7) AppleWebKit/605.1.15 (KHTML, like Gecko) Version/15.6.1 Safari/605.1.15"
23.243.40.150 - - [16/Oct/2024:02:52:15 +0000] "GET /static/js/load_more.js HTTP/1.1" 200 1287 "https://spite.fr/" "Mozilla/5.0 (Macintosh; Intel Mac OS X 10_15_7) AppleWebKit/605.1.15 (KHTML, like Gecko) Version/15.6.1 Safari/605.1.15"
23.243.40.150 - - [16/Oct/2024:02:52:16 +0000] "GET /static/media/spitemagazine.gif HTTP/1.1" 200 849136 "https://spite.fr/" "Mozilla/5.0 (Macintosh; Intel Mac OS X 10_15_7) AppleWebKit/605.1.15 (KHTML, like Gecko) Version/15.6.1 Safari/605.1.15"
23.243.40.150 - - [16/Oct/2024:02:52:16 +0000] "GET /media/images/IMG_3923.jpeg HTTP/1.1" 200 685441 "https://spite.fr/" "Mozilla/5.0 (Macintosh; Intel Mac OS X 10_15_7) AppleWebKit/605.1.15 (KHTML, like Gecko) Version/15.6.1 Safari/605.1.15"
172.56.163.21 - - [16/Oct/2024:02:52:31 +0000] "GET /media/images/Screenshot_2024-10-15_at_10.39.34PM.png HTTP/1.1" 304 0 "https://spite.fr/?page=1" "Mozilla/5.0 (iPhone; CPU iPhone OS 18_0 like Mac OS X) AppleWebKit/605.1.15 (KHTML, like Gecko) Version/18.0 Mobile/15E148 Safari/604.1"
172.56.163.21 - - [16/Oct/2024:02:52:36 +0000] "GET /?page=2 HTTP/1.1" 200 7996 "https://spite.fr/?page=1" "Mozilla/5.0 (iPhone; CPU iPhone OS 18_0 like Mac OS X) AppleWebKit/605.1.15 (KHTML, like Gecko) Version/18.0 Mobile/15E148 Safari/604.1"
172.56.163.21 - - [16/Oct/2024:02:52:38 +0000] "GET /media/images/IMG_3962.jpeg HTTP/1.1" 200 1545652 "https://spite.fr/?page=2" "Mozilla/5.0 (iPhone; CPU iPhone OS 18_0 like Mac OS X) AppleWebKit/605.1.15 (KHTML, like Gecko) Version/18.0 Mobile/15E148 Safari/604.1"
172.56.163.21 - - [16/Oct/2024:02:52:38 +0000] "GET /media/images/IMG_3961.jpeg HTTP/1.1" 304 0 "https://spite.fr/?page=2" "Mozilla/5.0 (iPhone; CPU iPhone OS 18_0 like Mac OS X) AppleWebKit/605.1.15 (KHTML, like Gecko) Version/18.0 Mobile/15E148 Safari/604.1"
172.56.163.21 - - [16/Oct/2024:02:52:38 +0000] "GET /media/images/IMG_3959.jpeg HTTP/1.1" 304 0 "https://spite.fr/?page=2" "Mozilla/5.0 (iPhone; CPU iPhone OS 18_0 like Mac OS X) AppleWebKit/605.1.15 (KHTML, like Gecko) Version/18.0 Mobile/15E148 Safari/604.1"
172.56.163.21 - - [16/Oct/2024:02:52:38 +0000] "GET /media/images/IMG_2708_eO61LoK.jpeg HTTP/1.1" 304 0 "https://spite.fr/?page=2" "Mozilla/5.0 (iPhone; CPU iPhone OS 18_0 like Mac OS X) AppleWebKit/605.1.15 (KHTML, like Gecko) Version/18.0 Mobile/15E148 Safari/604.1"
172.56.163.21 - - [16/Oct/2024:02:52:38 +0000] "GET /media/images/IMG_2708.jpeg HTTP/1.1" 304 0 "https://spite.fr/?page=2" "Mozilla/5.0 (iPhone; CPU iPhone OS 18_0 like Mac OS X) AppleWebKit/605.1.15 (KHTML, like Gecko) Version/18.0 Mobile/15E148 Safari/604.1"
172.56.163.21 - - [16/Oct/2024:02:52:40 +0000] "GET /media/images/1000026953.png HTTP/1.1" 304 0 "https://spite.fr/?page=2" "Mozilla/5.0 (iPhone; CPU iPhone OS 18_0 like Mac OS X) AppleWebKit/605.1.15 (KHTML, like Gecko) Version/18.0 Mobile/15E148 Safari/604.1"
172.56.163.21 - - [16/Oct/2024:02:52:41 +0000] "GET /media/images/IMG_3957.jpeg HTTP/1.1" 304 0 "https://spite.fr/?page=2" "Mozilla/5.0 (iPhone; CPU iPhone OS 18_0 like Mac OS X) AppleWebKit/605.1.15 (KHTML, like Gecko) Version/18.0 Mobile/15E148 Safari/604.1"
172.56.163.21 - - [16/Oct/2024:02:52:49 +0000] "GET /?page=3 HTTP/1.1" 200 8901 "https://spite.fr/?page=2" "Mozilla/5.0 (iPhone; CPU iPhone OS 18_0 like Mac OS X) AppleWebKit/605.1.15 (KHTML, like Gecko) Version/18.0 Mobile/15E148 Safari/604.1"
14.200.134.87 - - [16/Oct/2024:02:52:53 +0000] "GET /media/images/Screenshot_2024-10-15_at_10.48.18PM.png HTTP/1.1" 304 0 "https://spite.fr/" "Mozilla/5.0 (Macintosh; Intel Mac OS X 10.15; rv:128.0) Gecko/20100101 Firefox/128.0"
108.53.179.125 - - [16/Oct/2024:02:52:55 +0000] "GET /post/7219/ HTTP/1.1" 200 1964 "-" "Mozilla/5.0 (iPhone; CPU iPhone OS 17_6_1 like Mac OS X) AppleWebKit/605.1.15 (KHTML, like Gecko) Version/17.6 Mobile/15E148 Safari/604.1"
108.53.179.125 - - [16/Oct/2024:02:52:55 +0000] "GET /static/css/styles.css HTTP/1.1" 200 7777 "https://spite.fr/post/7219/" "Mozilla/5.0 (iPhone; CPU iPhone OS 17_6_1 like Mac OS X) AppleWebKit/605.1.15 (KHTML, like Gecko) Version/17.6 Mobile/15E148 Safari/604.1"
108.53.179.125 - - [16/Oct/2024:02:52:55 +0000] "GET /static/media/spite-logo.png HTTP/1.1" 200 19027 "https://spite.fr/post/7219/" "Mozilla/5.0 (iPhone; CPU iPhone OS 17_6_1 like Mac OS X) AppleWebKit/605.1.15 (KHTML, like Gecko) Version/17.6 Mobile/15E148 Safari/604.1"
23.243.40.150 - - [16/Oct/2024:02:52:58 +0000] "GET /post/7222/ HTTP/1.1" 200 2262 "-" "Mozilla/5.0 (Macintosh; Intel Mac OS X 10_15_7) AppleWebKit/605.1.15 (KHTML, like Gecko) Version/15.6.1 Safari/605.1.15"
23.243.40.150 - - [16/Oct/2024:02:52:59 +0000] "GET /media/images/Screenshot_2024-10-15_at_10.48.18PM.png HTTP/1.1" 200 273130 "https://spite.fr/post/7222/" "Mozilla/5.0 (Macintosh; Intel Mac OS X 10_15_7) AppleWebKit/605.1.15 (KHTML, like Gecko) Version/15.6.1 Safari/605.1.15"
14.200.134.87 - - [16/Oct/2024:02:52:59 +0000] "GET /media/images/Screenshot_2024-10-15_at_10.39.34PM.png HTTP/1.1" 304 0 "https://spite.fr/" "Mozilla/5.0 (Macintosh; Intel Mac OS X 10.15; rv:128.0) Gecko/20100101 Firefox/128.0"
14.200.134.87 - - [16/Oct/2024:02:53:13 +0000] "GET / HTTP/1.1" 200 8468 "https://spite.fr/post/new" "Mozilla/5.0 (Macintosh; Intel Mac OS X 10.15; rv:128.0) Gecko/20100101 Firefox/128.0"
66.249.79.32 - - [16/Oct/2024:02:53:22 +0000] "GET /post/271/reply/ HTTP/1.1" 200 2477 "-" "Mozilla/5.0 (Linux; Android 6.0.1; Nexus 5X Build/MMB29P) AppleWebKit/537.36 (KHTML, like Gecko) Chrome/129.0.6668.89 Mobile Safari/537.36 (compatible; Googlebot/2.1; +http://www.google.com/bot.html)"
23.243.40.150 - - [16/Oct/2024:02:53:37 +0000] "GET /post/7220/ HTTP/1.1" 200 2209 "-" "Mozilla/5.0 (Macintosh; Intel Mac OS X 10_15_7) AppleWebKit/605.1.15 (KHTML, like Gecko) Version/15.6.1 Safari/605.1.15"
23.243.40.150 - - [16/Oct/2024:02:53:37 +0000] "GET /media/images/Screenshot_2024-10-15_at_10.39.34PM.png HTTP/1.1" 200 445621 "https://spite.fr/post/7220/" "Mozilla/5.0 (Macintosh; Intel Mac OS X 10_15_7) AppleWebKit/605.1.15 (KHTML, like Gecko) Version/15.6.1 Safari/605.1.15"
66.249.79.33 - - [16/Oct/2024:02:54:07 +0000] "GET /post/6805/ HTTP/1.1" 200 2003 "-" "Mozilla/5.0 (Linux; Android 6.0.1; Nexus 5X Build/MMB29P) AppleWebKit/537.36 (KHTML, like Gecko) Chrome/129.0.6668.89 Mobile Safari/537.36 (compatible; Googlebot/2.1; +http://www.google.com/bot.html)"
23.243.40.150 - - [16/Oct/2024:02:54:10 +0000] "GET /post/7219/ HTTP/1.1" 200 1964 "https://spite.fr/" "Mozilla/5.0 (Macintosh; Intel Mac OS X 10_15_7) AppleWebKit/605.1.15 (KHTML, like Gecko) Version/15.6.1 Safari/605.1.15"
14.200.134.87 - - [16/Oct/2024:02:54:36 +0000] "GET / HTTP/1.1" 200 8468 "https://spite.fr/post/new" "Mozilla/5.0 (Macintosh; Intel Mac OS X 10.15; rv:128.0) Gecko/20100101 Firefox/128.0"
14.200.134.87 - - [16/Oct/2024:02:54:37 +0000] "GET /media/images/Screenshot_2024-10-15_at_10.48.18PM.png HTTP/1.1" 304 0 "https://spite.fr/" "Mozilla/5.0 (Macintosh; Intel Mac OS X 10.15; rv:128.0) Gecko/20100101 Firefox/128.0"
14.200.134.87 - - [16/Oct/2024:02:54:37 +0000] "GET /media/images/Screenshot_2024-10-15_at_10.39.34PM.png HTTP/1.1" 304 0 "https://spite.fr/" "Mozilla/5.0 (Macintosh; Intel Mac OS X 10.15; rv:128.0) Gecko/20100101 Firefox/128.0"
14.200.134.87 - - [16/Oct/2024:02:54:37 +0000] "GET /static/favicon.ico HTTP/1.1" 404 134 "https://spite.fr/" "Mozilla/5.0 (Macintosh; Intel Mac OS X 10.15; rv:128.0) Gecko/20100101 Firefox/128.0"
174.109.131.12 - - [16/Oct/2024:02:55:03 +0000] "GET / HTTP/1.1" 200 8468 "-" "Mozilla/5.0 (iPhone; CPU iPhone OS 17_6_1 like Mac OS X) AppleWebKit/605.1.15 (KHTML, like Gecko) Version/17.6 Mobile/15E148 Safari/604.1"
174.109.131.12 - - [16/Oct/2024:02:55:05 +0000] "GET /media/images/Screenshot_2024-10-15_at_10.48.18PM.png HTTP/1.1" 200 273130 "https://spite.fr/" "Mozilla/5.0 (iPhone; CPU iPhone OS 17_6_1 like Mac OS X) AppleWebKit/605.1.15 (KHTML, like Gecko) Version/17.6 Mobile/15E148 Safari/604.1"
23.243.40.150 - - [16/Oct/2024:02:55:15 +0000] "GET /post/7218/ HTTP/1.1" 200 2019 "https://spite.fr/" "Mozilla/5.0 (Macintosh; Intel Mac OS X 10_15_7) AppleWebKit/605.1.15 (KHTML, like Gecko) Version/15.6.1 Safari/605.1.15"
173.50.167.181 - - [16/Oct/2024:02:55:18 +0000] "GET /?fbclid=PAZXh0bgNhZW0CMTEAAaY7XxcRt_6TiTfMcGGXVGgFD0dBFWc-6GRSI9VFKBwv61PRogLTXuI-M_s_aem_DjM00HSg7IXT5Y-A3frd8Q HTTP/1.1" 200 8469 "https://l.instagram.com/" "Mozilla/5.0 (iPhone; CPU iPhone OS 17_6_1 like Mac OS X) AppleWebKit/605.1.15 (KHTML, like Gecko) Mobile/21G93 Instagram 352.2.0.36.89 (iPhone14,5; iOS 17_6_1; en_US; en-US; scale=3.00; 1170x2532; 650375967; IABMV/1)"
174.109.131.12 - - [16/Oct/2024:02:55:21 +0000] "GET /media/images/Screenshot_2024-10-15_at_10.39.34PM.png HTTP/1.1" 200 445621 "https://spite.fr/" "Mozilla/5.0 (iPhone; CPU iPhone OS 17_6_1 like Mac OS X) AppleWebKit/605.1.15 (KHTML, like Gecko) Version/17.6 Mobile/15E148 Safari/604.1"
173.50.167.181 - - [16/Oct/2024:02:55:22 +0000] "GET /media/images/Screenshot_2024-10-15_at_10.48.18PM.png HTTP/1.1" 200 273130 "https://spite.fr/?fbclid=PAZXh0bgNhZW0CMTEAAaY7XxcRt_6TiTfMcGGXVGgFD0dBFWc-6GRSI9VFKBwv61PRogLTXuI-M_s_aem_DjM00HSg7IXT5Y-A3frd8Q" "Mozilla/5.0 (iPhone; CPU iPhone OS 17_6_1 like Mac OS X) AppleWebKit/605.1.15 (KHTML, like Gecko) Mobile/21G93 Instagram 352.2.0.36.89 (iPhone14,5; iOS 17_6_1; en_US; en-US; scale=3.00; 1170x2532; 650375967; IABMV/1)"
108.53.179.125 - - [16/Oct/2024:02:55:22 +0000] "GET /media/images/IMG_3964_mgoDl2k.jpeg HTTP/1.1" 200 3772753 "https://spite.fr/" "Mozilla/5.0 (iPhone; CPU iPhone OS 17_6_1 like Mac OS X) AppleWebKit/605.1.15 (KHTML, like Gecko) Version/17.6 Mobile/15E148 Safari/604.1"
173.50.167.181 - - [16/Oct/2024:02:55:30 +0000] "GET /media/images/Screenshot_2024-10-15_at_10.39.34PM.png HTTP/1.1" 200 445621 "https://spite.fr/?fbclid=PAZXh0bgNhZW0CMTEAAaY7XxcRt_6TiTfMcGGXVGgFD0dBFWc-6GRSI9VFKBwv61PRogLTXuI-M_s_aem_DjM00HSg7IXT5Y-A3frd8Q" "Mozilla/5.0 (iPhone; CPU iPhone OS 17_6_1 like Mac OS X) AppleWebKit/605.1.15 (KHTML, like Gecko) Mobile/21G93 Instagram 352.2.0.36.89 (iPhone14,5; iOS 17_6_1; en_US; en-US; scale=3.00; 1170x2532; 650375967; IABMV/1)"
108.53.179.125 - - [16/Oct/2024:02:55:43 +0000] "GET /?page=357 HTTP/1.1" 200 11802 "https://spite.fr/" "Mozilla/5.0 (iPhone; CPU iPhone OS 17_6_1 like Mac OS X) AppleWebKit/605.1.15 (KHTML, like Gecko) Version/17.6 Mobile/15E148 Safari/604.1"
108.53.179.125 - - [16/Oct/2024:02:55:43 +0000] "GET /static/media/anon.jpg HTTP/1.1" 200 9983 "https://spite.fr/?page=357" "Mozilla/5.0 (iPhone; CPU iPhone OS 17_6_1 like Mac OS X) AppleWebKit/605.1.15 (KHTML, like Gecko) Version/17.6 Mobile/15E148 Safari/604.1"
108.53.179.125 - - [16/Oct/2024:02:55:44 +0000] "GET /media/images/IMG_3923.jpeg HTTP/1.1" 200 685441 "https://spite.fr/?page=357" "Mozilla/5.0 (iPhone; CPU iPhone OS 17_6_1 like Mac OS X) AppleWebKit/605.1.15 (KHTML, like Gecko) Version/17.6 Mobile/15E148 Safari/604.1"
108.53.179.125 - - [16/Oct/2024:02:55:44 +0000] "GET /static/media/spitemagazine.gif HTTP/1.1" 200 849136 "https://spite.fr/?page=357" "Mozilla/5.0 (iPhone; CPU iPhone OS 17_6_1 like Mac OS X) AppleWebKit/605.1.15 (KHTML, like Gecko) Version/17.6 Mobile/15E148 Safari/604.1"
108.53.179.125 - - [16/Oct/2024:02:55:46 +0000] "GET /media/images/IMG_9101.jpeg HTTP/1.1" 200 3005797 "https://spite.fr/?page=357" "Mozilla/5.0 (iPhone; CPU iPhone OS 17_6_1 like Mac OS X) AppleWebKit/605.1.15 (KHTML, like Gecko) Version/17.6 Mobile/15E148 Safari/604.1"
108.53.179.125 - - [16/Oct/2024:02:55:48 +0000] "GET /media/images/IMG_1254.jpeg HTTP/1.1" 200 972070 "https://spite.fr/?page=357" "Mozilla/5.0 (iPhone; CPU iPhone OS 17_6_1 like Mac OS X) AppleWebKit/605.1.15 (KHTML, like Gecko) Version/17.6 Mobile/15E148 Safari/604.1"
108.53.179.125 - - [16/Oct/2024:02:55:49 +0000] "GET /media/images/Screenshot_20240822_202151.jpg HTTP/1.1" 200 235768 "https://spite.fr/?page=357" "Mozilla/5.0 (iPhone; CPU iPhone OS 17_6_1 like Mac OS X) AppleWebKit/605.1.15 (KHTML, like Gecko) Version/17.6 Mobile/15E148 Safari/604.1"
96.246.148.20 - - [16/Oct/2024:02:55:53 +0000] "GET /?fbclid=PAZXh0bgNhZW0CMTEAAaY3mWCGNBFPtpU_9vC1FOG7jxGIDdSjESKTHSPwF3s98GFE2SWEooitlk8_aem__GOrQdpgzOXm34OY2p9i9A HTTP/1.1" 301 178 "https://l.instagram.com/" "Mozilla/5.0 (iPhone; CPU iPhone OS 17_6_1 like Mac OS X) AppleWebKit/605.1.15 (KHTML, like Gecko) Mobile/21G93 Instagram 352.2.0.36.89 (iPhone14,7; iOS 17_6_1; en_US; en-US; scale=3.00; 1170x2532; 650375967) NW/3"
96.246.148.20 - - [16/Oct/2024:02:55:54 +0000] "GET /?fbclid=PAZXh0bgNhZW0CMTEAAaY3mWCGNBFPtpU_9vC1FOG7jxGIDdSjESKTHSPwF3s98GFE2SWEooitlk8_aem__GOrQdpgzOXm34OY2p9i9A HTTP/1.1" 200 8466 "https://l.instagram.com/" "Mozilla/5.0 (iPhone; CPU iPhone OS 17_6_1 like Mac OS X) AppleWebKit/605.1.15 (KHTML, like Gecko) Mobile/21G93 Instagram 352.2.0.36.89 (iPhone14,7; iOS 17_6_1; en_US; en-US; scale=3.00; 1170x2532; 650375967) NW/3"
96.246.148.20 - - [16/Oct/2024:02:55:58 +0000] "GET /media/images/Screenshot_2024-10-15_at_10.48.18PM.png HTTP/1.1" 200 273130 "https://spite.fr/?fbclid=PAZXh0bgNhZW0CMTEAAaY3mWCGNBFPtpU_9vC1FOG7jxGIDdSjESKTHSPwF3s98GFE2SWEooitlk8_aem__GOrQdpgzOXm34OY2p9i9A" "Mozilla/5.0 (iPhone; CPU iPhone OS 17_6_1 like Mac OS X) AppleWebKit/605.1.15 (KHTML, like Gecko) Mobile/21G93 Instagram 352.2.0.36.89 (iPhone14,7; iOS 17_6_1; en_US; en-US; scale=3.00; 1170x2532; 650375967; IABMV/1)"
96.246.148.20 - - [16/Oct/2024:02:56:03 +0000] "GET /media/images/Screenshot_2024-10-15_at_10.39.34PM.png HTTP/1.1" 200 445621 "https://spite.fr/?fbclid=PAZXh0bgNhZW0CMTEAAaY3mWCGNBFPtpU_9vC1FOG7jxGIDdSjESKTHSPwF3s98GFE2SWEooitlk8_aem__GOrQdpgzOXm34OY2p9i9A" "Mozilla/5.0 (iPhone; CPU iPhone OS 17_6_1 like Mac OS X) AppleWebKit/605.1.15 (KHTML, like Gecko) Mobile/21G93 Instagram 352.2.0.36.89 (iPhone14,7; iOS 17_6_1; en_US; en-US; scale=3.00; 1170x2532; 650375967; IABMV/1)"
98.239.104.91 - - [16/Oct/2024:02:56:40 +0000] "GET / HTTP/1.1" 200 8468 "https://spite.fr/post/new" "Mozilla/5.0 (Android 13; Mobile; rv:131.0) Gecko/131.0 Firefox/131.0"
98.239.104.91 - - [16/Oct/2024:02:56:41 +0000] "GET /static/js/load_more.js HTTP/1.1" 200 1287 "https://spite.fr/" "Mozilla/5.0 (Android 13; Mobile; rv:131.0) Gecko/131.0 Firefox/131.0"
98.239.104.91 - - [16/Oct/2024:02:56:41 +0000] "GET /media/images/Screenshot_2024-10-15_at_10.48.18PM.png HTTP/1.1" 200 273130 "https://spite.fr/" "Mozilla/5.0 (Android 13; Mobile; rv:131.0) Gecko/131.0 Firefox/131.0"
98.239.104.91 - - [16/Oct/2024:02:56:41 +0000] "GET /media/images/Screenshot_2024-10-15_at_10.39.34PM.png HTTP/1.1" 200 445621 "https://spite.fr/" "Mozilla/5.0 (Android 13; Mobile; rv:131.0) Gecko/131.0 Firefox/131.0"
98.239.104.91 - - [16/Oct/2024:02:56:41 +0000] "GET /static/favicon.ico HTTP/1.1" 404 134 "-" "Mozilla/5.0 (Android 13; Mobile; rv:131.0) Gecko/131.0 Firefox/131.0"
98.239.104.91 - - [16/Oct/2024:02:56:41 +0000] "GET /media/images/IMG_3964_mgoDl2k.jpeg HTTP/1.1" 200 3772753 "https://spite.fr/" "Mozilla/5.0 (Android 13; Mobile; rv:131.0) Gecko/131.0 Firefox/131.0"
96.246.148.20 - - [16/Oct/2024:02:56:58 +0000] "GET /media/images/IMG_3964_mgoDl2k.jpeg HTTP/1.1" 200 3772753 "https://spite.fr/?fbclid=PAZXh0bgNhZW0CMTEAAaY3mWCGNBFPtpU_9vC1FOG7jxGIDdSjESKTHSPwF3s98GFE2SWEooitlk8_aem__GOrQdpgzOXm34OY2p9i9A" "Mozilla/5.0 (iPhone; CPU iPhone OS 17_6_1 like Mac OS X) AppleWebKit/605.1.15 (KHTML, like Gecko) Mobile/21G93 Instagram 352.2.0.36.89 (iPhone14,7; iOS 17_6_1; en_US; en-US; scale=3.00; 1170x2532; 650375967; IABMV/1)"
74.72.33.34 - - [16/Oct/2024:02:57:05 +0000] "GET /media/images/IMG_2213.jpeg HTTP/1.1" 304 0 "https://spite.fr/" "Mozilla/5.0 (iPhone; CPU iPhone OS 17_6_1 like Mac OS X) AppleWebKit/605.1.15 (KHTML, like Gecko) Version/17.6 Mobile/15E148 Safari/604.1"
74.72.33.34 - - [16/Oct/2024:02:57:07 +0000] "GET / HTTP/1.1" 200 8468 "https://spite.fr/" "Mozilla/5.0 (iPhone; CPU iPhone OS 17_6_1 like Mac OS X) AppleWebKit/605.1.15 (KHTML, like Gecko) Version/17.6 Mobile/15E148 Safari/604.1"
74.72.33.34 - - [16/Oct/2024:02:57:09 +0000] "GET /media/images/Screenshot_2024-10-15_at_10.48.18PM.png HTTP/1.1" 200 273130 "https://spite.fr/" "Mozilla/5.0 (iPhone; CPU iPhone OS 17_6_1 like Mac OS X) AppleWebKit/605.1.15 (KHTML, like Gecko) Version/17.6 Mobile/15E148 Safari/604.1"
96.246.148.20 - - [16/Oct/2024:02:57:13 +0000] "GET /?page=2 HTTP/1.1" 200 7996 "https://spite.fr/?fbclid=PAZXh0bgNhZW0CMTEAAaY3mWCGNBFPtpU_9vC1FOG7jxGIDdSjESKTHSPwF3s98GFE2SWEooitlk8_aem__GOrQdpgzOXm34OY2p9i9A" "Mozilla/5.0 (iPhone; CPU iPhone OS 17_6_1 like Mac OS X) AppleWebKit/605.1.15 (KHTML, like Gecko) Mobile/21G93 Instagram 352.2.0.36.89 (iPhone14,7; iOS 17_6_1; en_US; en-US; scale=3.00; 1170x2532; 650375967; IABMV/1)"
74.72.33.34 - - [16/Oct/2024:02:57:15 +0000] "GET /media/images/Screenshot_2024-10-15_at_10.39.34PM.png HTTP/1.1" 200 445621 "https://spite.fr/" "Mozilla/5.0 (iPhone; CPU iPhone OS 17_6_1 like Mac OS X) AppleWebKit/605.1.15 (KHTML, like Gecko) Version/17.6 Mobile/15E148 Safari/604.1"
96.246.148.20 - - [16/Oct/2024:02:57:17 +0000] "GET /media/images/IMG_3963.jpeg HTTP/1.1" 200 3598158 "https://spite.fr/?page=2" "Mozilla/5.0 (iPhone; CPU iPhone OS 17_6_1 like Mac OS X) AppleWebKit/605.1.15 (KHTML, like Gecko) Mobile/21G93 Instagram 352.2.0.36.89 (iPhone14,7; iOS 17_6_1; en_US; en-US; scale=3.00; 1170x2532; 650375967; IABMV/1)"
14.200.134.87 - - [16/Oct/2024:02:57:17 +0000] "GET / HTTP/1.1" 200 8468 "https://spite.fr/post/new" "Mozilla/5.0 (Macintosh; Intel Mac OS X 10.15; rv:128.0) Gecko/20100101 Firefox/128.0"
96.246.148.20 - - [16/Oct/2024:02:57:18 +0000] "GET /media/images/IMG_3962.jpeg HTTP/1.1" 200 1545652 "https://spite.fr/?page=2" "Mozilla/5.0 (iPhone; CPU iPhone OS 17_6_1 like Mac OS X) AppleWebKit/605.1.15 (KHTML, like Gecko) Mobile/21G93 Instagram 352.2.0.36.89 (iPhone14,7; iOS 17_6_1; en_US; en-US; scale=3.00; 1170x2532; 650375967; IABMV/1)"
14.200.134.87 - - [16/Oct/2024:02:57:18 +0000] "GET /media/images/Screenshot_2024-10-15_at_10.39.34PM.png HTTP/1.1" 304 0 "https://spite.fr/" "Mozilla/5.0 (Macintosh; Intel Mac OS X 10.15; rv:128.0) Gecko/20100101 Firefox/128.0"
14.200.134.87 - - [16/Oct/2024:02:57:18 +0000] "GET /media/images/Screenshot_2024-10-15_at_10.48.18PM.png HTTP/1.1" 304 0 "https://spite.fr/" "Mozilla/5.0 (Macintosh; Intel Mac OS X 10.15; rv:128.0) Gecko/20100101 Firefox/128.0"
14.200.134.87 - - [16/Oct/2024:02:57:18 +0000] "GET /static/favicon.ico HTTP/1.1" 404 134 "https://spite.fr/" "Mozilla/5.0 (Macintosh; Intel Mac OS X 10.15; rv:128.0) Gecko/20100101 Firefox/128.0"
75.220.176.126 - - [16/Oct/2024:02:57:23 +0000] "GET / HTTP/1.1" 200 8468 "https://spite.fr/post/7222/" "Mozilla/5.0 (Macintosh; Intel Mac OS X 10_15_7) AppleWebKit/605.1.15 (KHTML, like Gecko) Version/17.5 Safari/605.1.15"
75.220.176.126 - - [16/Oct/2024:02:57:25 +0000] "GET /media/images/Screenshot_2024-10-15_at_10.48.18PM.png HTTP/1.1" 304 0 "https://spite.fr/" "Mozilla/5.0 (Macintosh; Intel Mac OS X 10_15_7) AppleWebKit/605.1.15 (KHTML, like Gecko) Version/17.5 Safari/605.1.15"
75.220.176.126 - - [16/Oct/2024:02:57:26 +0000] "GET /media/images/Screenshot_2024-10-15_at_10.39.34PM.png HTTP/1.1" 304 0 "https://spite.fr/" "Mozilla/5.0 (Macintosh; Intel Mac OS X 10_15_7) AppleWebKit/605.1.15 (KHTML, like Gecko) Version/17.5 Safari/605.1.15"
96.246.148.20 - - [16/Oct/2024:02:57:34 +0000] "GET /media/images/IMG_3961.jpeg HTTP/1.1" 200 2701565 "https://spite.fr/?page=2" "Mozilla/5.0 (iPhone; CPU iPhone OS 17_6_1 like Mac OS X) AppleWebKit/605.1.15 (KHTML, like Gecko) Mobile/21G93 Instagram 352.2.0.36.89 (iPhone14,7; iOS 17_6_1; en_US; en-US; scale=3.00; 1170x2532; 650375967; IABMV/1)"
96.246.148.20 - - [16/Oct/2024:02:57:36 +0000] "GET /media/images/IMG_3959.jpeg HTTP/1.1" 200 2093342 "https://spite.fr/?page=2" "Mozilla/5.0 (iPhone; CPU iPhone OS 17_6_1 like Mac OS X) AppleWebKit/605.1.15 (KHTML, like Gecko) Mobile/21G93 Instagram 352.2.0.36.89 (iPhone14,7; iOS 17_6_1; en_US; en-US; scale=3.00; 1170x2532; 650375967; IABMV/1)"
96.246.148.20 - - [16/Oct/2024:02:57:43 +0000] "GET /media/images/IMG_2708_eO61LoK.jpeg HTTP/1.1" 200 6085067 "https://spite.fr/?page=2" "Mozilla/5.0 (iPhone; CPU iPhone OS 17_6_1 like Mac OS X) AppleWebKit/605.1.15 (KHTML, like Gecko) Mobile/21G93 Instagram 352.2.0.36.89 (iPhone14,7; iOS 17_6_1; en_US; en-US; scale=3.00; 1170x2532; 650375967; IABMV/1)"
96.246.148.20 - - [16/Oct/2024:02:57:44 +0000] "GET /media/images/1000026953.png HTTP/1.1" 200 525965 "https://spite.fr/?page=2" "Mozilla/5.0 (iPhone; CPU iPhone OS 17_6_1 like Mac OS X) AppleWebKit/605.1.15 (KHTML, like Gecko) Mobile/21G93 Instagram 352.2.0.36.89 (iPhone14,7; iOS 17_6_1; en_US; en-US; scale=3.00; 1170x2532; 650375967; IABMV/1)"
96.246.148.20 - - [16/Oct/2024:02:57:45 +0000] "GET /media/images/IMG_2708.jpeg HTTP/1.1" 200 6085067 "https://spite.fr/?page=2" "Mozilla/5.0 (iPhone; CPU iPhone OS 17_6_1 like Mac OS X) AppleWebKit/605.1.15 (KHTML, like Gecko) Mobile/21G93 Instagram 352.2.0.36.89 (iPhone14,7; iOS 17_6_1; en_US; en-US; scale=3.00; 1170x2532; 650375967; IABMV/1)"
66.249.79.34 - - [16/Oct/2024:02:57:49 +0000] "GET /post/2200/reply/ HTTP/1.1" 200 2477 "-" "Mozilla/5.0 (Linux; Android 6.0.1; Nexus 5X Build/MMB29P) AppleWebKit/537.36 (KHTML, like Gecko) Chrome/129.0.6668.89 Mobile Safari/537.36 (compatible; Googlebot/2.1; +http://www.google.com/bot.html)"
96.246.148.20 - - [16/Oct/2024:02:57:59 +0000] "GET /media/images/IMG_3957.jpeg HTTP/1.1" 200 2343026 "https://spite.fr/?page=2" "Mozilla/5.0 (iPhone; CPU iPhone OS 17_6_1 like Mac OS X) AppleWebKit/605.1.15 (KHTML, like Gecko) Mobile/21G93 Instagram 352.2.0.36.89 (iPhone14,7; iOS 17_6_1; en_US; en-US; scale=3.00; 1170x2532; 650375967; IABMV/1)"
74.72.33.34 - - [16/Oct/2024:02:57:59 +0000] "GET /media/images/IMG_3964_mgoDl2k.jpeg HTTP/1.1" 200 3772753 "https://spite.fr/" "Mozilla/5.0 (iPhone; CPU iPhone OS 17_6_1 like Mac OS X) AppleWebKit/605.1.15 (KHTML, like Gecko) Version/17.6 Mobile/15E148 Safari/604.1"
96.246.148.20 - - [16/Oct/2024:02:58:02 +0000] "GET /?page=3 HTTP/1.1" 200 8901 "https://spite.fr/?page=2" "Mozilla/5.0 (iPhone; CPU iPhone OS 17_6_1 like Mac OS X) AppleWebKit/605.1.15 (KHTML, like Gecko) Mobile/21G93 Instagram 352.2.0.36.89 (iPhone14,7; iOS 17_6_1; en_US; en-US; scale=3.00; 1170x2532; 650375967; IABMV/1)"
74.72.33.34 - - [16/Oct/2024:02:58:03 +0000] "GET /?page=2 HTTP/1.1" 200 7996 "https://spite.fr/" "Mozilla/5.0 (iPhone; CPU iPhone OS 17_6_1 like Mac OS X) AppleWebKit/605.1.15 (KHTML, like Gecko) Version/17.6 Mobile/15E148 Safari/604.1"
74.72.33.34 - - [16/Oct/2024:02:58:05 +0000] "GET /media/images/IMG_3963.jpeg HTTP/1.1" 200 3598158 "https://spite.fr/?page=2" "Mozilla/5.0 (iPhone; CPU iPhone OS 17_6_1 like Mac OS X) AppleWebKit/605.1.15 (KHTML, like Gecko) Version/17.6 Mobile/15E148 Safari/604.1"
74.72.33.34 - - [16/Oct/2024:02:58:05 +0000] "GET /media/images/IMG_3962.jpeg HTTP/1.1" 200 1545652 "https://spite.fr/?page=2" "Mozilla/5.0 (iPhone; CPU iPhone OS 17_6_1 like Mac OS X) AppleWebKit/605.1.15 (KHTML, like Gecko) Version/17.6 Mobile/15E148 Safari/604.1"
74.72.33.34 - - [16/Oct/2024:02:58:15 +0000] "GET /media/images/IMG_3961.jpeg HTTP/1.1" 200 2701565 "https://spite.fr/?page=2" "Mozilla/5.0 (iPhone; CPU iPhone OS 17_6_1 like Mac OS X) AppleWebKit/605.1.15 (KHTML, like Gecko) Version/17.6 Mobile/15E148 Safari/604.1"
74.72.33.34 - - [16/Oct/2024:02:58:16 +0000] "GET /media/images/IMG_3959.jpeg HTTP/1.1" 200 2093342 "https://spite.fr/?page=2" "Mozilla/5.0 (iPhone; CPU iPhone OS 17_6_1 like Mac OS X) AppleWebKit/605.1.15 (KHTML, like Gecko) Version/17.6 Mobile/15E148 Safari/604.1"
14.200.134.87 - - [16/Oct/2024:02:58:18 +0000] "GET / HTTP/1.1" 200 8468 "https://spite.fr/post/new" "Mozilla/5.0 (Macintosh; Intel Mac OS X 10.15; rv:128.0) Gecko/20100101 Firefox/128.0"
96.246.148.20 - - [16/Oct/2024:02:58:18 +0000] "GET /media/images/IMG_2213.jpeg HTTP/1.1" 200 1651858 "https://spite.fr/?page=3" "Mozilla/5.0 (iPhone; CPU iPhone OS 17_6_1 like Mac OS X) AppleWebKit/605.1.15 (KHTML, like Gecko) Mobile/21G93 Instagram 352.2.0.36.89 (iPhone14,7; iOS 17_6_1; en_US; en-US; scale=3.00; 1170x2532; 650375967; IABMV/1)"
14.200.134.87 - - [16/Oct/2024:02:58:18 +0000] "GET /media/images/Screenshot_2024-10-15_at_10.48.18PM.png HTTP/1.1" 304 0 "https://spite.fr/" "Mozilla/5.0 (Macintosh; Intel Mac OS X 10.15; rv:128.0) Gecko/20100101 Firefox/128.0"
14.200.134.87 - - [16/Oct/2024:02:58:18 +0000] "GET /static/favicon.ico HTTP/1.1" 404 134 "https://spite.fr/" "Mozilla/5.0 (Macintosh; Intel Mac OS X 10.15; rv:128.0) Gecko/20100101 Firefox/128.0"
14.200.134.87 - - [16/Oct/2024:02:58:19 +0000] "GET / HTTP/1.1" 200 8468 "https://spite.fr/post/new" "Mozilla/5.0 (Macintosh; Intel Mac OS X 10.15; rv:128.0) Gecko/20100101 Firefox/128.0"
216.147.127.46 - - [16/Oct/2024:02:58:24 +0000] "GET /?page=2 HTTP/1.1" 200 7996 "-" "Mozilla/5.0 (iPhone; CPU iPhone OS 17_6_1 like Mac OS X) AppleWebKit/605.1.15 (KHTML, like Gecko) Version/17.6 Mobile/15E148 Safari/604.1"
216.147.127.46 - - [16/Oct/2024:02:58:24 +0000] "GET /media/images/IMG_3923.jpeg HTTP/1.1" 304 0 "https://spite.fr/?page=2" "Mozilla/5.0 (iPhone; CPU iPhone OS 17_6_1 like Mac OS X) AppleWebKit/605.1.15 (KHTML, like Gecko) Version/17.6 Mobile/15E148 Safari/604.1"
96.246.148.20 - - [16/Oct/2024:02:58:27 +0000] "GET /media/images/1000026900_xD0BF66.jpg HTTP/1.1" 200 22429 "https://spite.fr/?page=3" "Mozilla/5.0 (iPhone; CPU iPhone OS 17_6_1 like Mac OS X) AppleWebKit/605.1.15 (KHTML, like Gecko) Mobile/21G93 Instagram 352.2.0.36.89 (iPhone14,7; iOS 17_6_1; en_US; en-US; scale=3.00; 1170x2532; 650375967; IABMV/1)"
96.246.148.20 - - [16/Oct/2024:02:58:29 +0000] "GET /media/images/d0d816af0cd349959c90a1a02bb3f3dc.webp HTTP/1.1" 200 107622 "https://spite.fr/?page=3" "Mozilla/5.0 (iPhone; CPU iPhone OS 17_6_1 like Mac OS X) AppleWebKit/605.1.15 (KHTML, like Gecko) Mobile/21G93 Instagram 352.2.0.36.89 (iPhone14,7; iOS 17_6_1; en_US; en-US; scale=3.00; 1170x2532; 650375967; IABMV/1)"
96.246.148.20 - - [16/Oct/2024:02:58:31 +0000] "GET /media/images/1000026950.webp HTTP/1.1" 200 63048 "https://spite.fr/?page=3" "Mozilla/5.0 (iPhone; CPU iPhone OS 17_6_1 like Mac OS X) AppleWebKit/605.1.15 (KHTML, like Gecko) Mobile/21G93 Instagram 352.2.0.36.89 (iPhone14,7; iOS 17_6_1; en_US; en-US; scale=3.00; 1170x2532; 650375967; IABMV/1)"
74.72.33.34 - - [16/Oct/2024:02:58:35 +0000] "GET /media/images/IMG_2708_eO61LoK.jpeg HTTP/1.1" 200 6085067 "https://spite.fr/?page=2" "Mozilla/5.0 (iPhone; CPU iPhone OS 17_6_1 like Mac OS X) AppleWebKit/605.1.15 (KHTML, like Gecko) Version/17.6 Mobile/15E148 Safari/604.1"
74.72.33.34 - - [16/Oct/2024:02:58:35 +0000] "GET /media/images/IMG_2708.jpeg HTTP/1.1" 200 6085067 "https://spite.fr/?page=2" "Mozilla/5.0 (iPhone; CPU iPhone OS 17_6_1 like Mac OS X) AppleWebKit/605.1.15 (KHTML, like Gecko) Version/17.6 Mobile/15E148 Safari/604.1"
74.72.33.34 - - [16/Oct/2024:02:58:38 +0000] "GET /media/images/1000026953.png HTTP/1.1" 200 525965 "https://spite.fr/?page=2" "Mozilla/5.0 (iPhone; CPU iPhone OS 17_6_1 like Mac OS X) AppleWebKit/605.1.15 (KHTML, like Gecko) Version/17.6 Mobile/15E148 Safari/604.1"
74.72.33.34 - - [16/Oct/2024:02:58:48 +0000] "GET /media/images/IMG_3957.jpeg HTTP/1.1" 200 2343026 "https://spite.fr/?page=2" "Mozilla/5.0 (iPhone; CPU iPhone OS 17_6_1 like Mac OS X) AppleWebKit/605.1.15 (KHTML, like Gecko) Version/17.6 Mobile/15E148 Safari/604.1"
74.72.33.34 - - [16/Oct/2024:02:58:52 +0000] "GET /?page=3 HTTP/1.1" 200 8901 "https://spite.fr/?page=2" "Mozilla/5.0 (iPhone; CPU iPhone OS 17_6_1 like Mac OS X) AppleWebKit/605.1.15 (KHTML, like Gecko) Version/17.6 Mobile/15E148 Safari/604.1"
96.246.148.20 - - [16/Oct/2024:02:58:53 +0000] "GET /media/images/nicki.jpg HTTP/1.1" 200 2275445 "https://spite.fr/?page=3" "Mozilla/5.0 (iPhone; CPU iPhone OS 17_6_1 like Mac OS X) AppleWebKit/605.1.15 (KHTML, like Gecko) Mobile/21G93 Instagram 352.2.0.36.89 (iPhone14,7; iOS 17_6_1; en_US; en-US; scale=3.00; 1170x2532; 650375967; IABMV/1)"
74.72.33.34 - - [16/Oct/2024:02:58:59 +0000] "GET /media/images/IMG_2213.jpeg HTTP/1.1" 200 1651858 "https://spite.fr/?page=3" "Mozilla/5.0 (iPhone; CPU iPhone OS 17_6_1 like Mac OS X) AppleWebKit/605.1.15 (KHTML, like Gecko) Version/17.6 Mobile/15E148 Safari/604.1"
96.246.148.20 - - [16/Oct/2024:02:59:13 +0000] "GET /?page=4 HTTP/1.1" 200 8228 "https://spite.fr/?page=3" "Mozilla/5.0 (iPhone; CPU iPhone OS 17_6_1 like Mac OS X) AppleWebKit/605.1.15 (KHTML, like Gecko) Mobile/21G93 Instagram 352.2.0.36.89 (iPhone14,7; iOS 17_6_1; en_US; en-US; scale=3.00; 1170x2532; 650375967; IABMV/1)"
96.246.148.20 - - [16/Oct/2024:02:59:23 +0000] "GET /media/images/1000026900_OhgEpKW.jpg HTTP/1.1" 200 22429 "https://spite.fr/?page=4" "Mozilla/5.0 (iPhone; CPU iPhone OS 17_6_1 like Mac OS X) AppleWebKit/605.1.15 (KHTML, like Gecko) Mobile/21G93 Instagram 352.2.0.36.89 (iPhone14,7; iOS 17_6_1; en_US; en-US; scale=3.00; 1170x2532; 650375967; IABMV/1)"
96.246.148.20 - - [16/Oct/2024:02:59:30 +0000] "GET /media/images/1000026944.jpg HTTP/1.1" 200 256896 "https://spite.fr/?page=4" "Mozilla/5.0 (iPhone; CPU iPhone OS 17_6_1 like Mac OS X) AppleWebKit/605.1.15 (KHTML, like Gecko) Mobile/21G93 Instagram 352.2.0.36.89 (iPhone14,7; iOS 17_6_1; en_US; en-US; scale=3.00; 1170x2532; 650375967; IABMV/1)"
96.246.148.20 - - [16/Oct/2024:02:59:34 +0000] "GET /media/images/1000026934.png HTTP/1.1" 200 1507264 "https://spite.fr/?page=4" "Mozilla/5.0 (iPhone; CPU iPhone OS 17_6_1 like Mac OS X) AppleWebKit/605.1.15 (KHTML, like Gecko) Mobile/21G93 Instagram 352.2.0.36.89 (iPhone14,7; iOS 17_6_1; en_US; en-US; scale=3.00; 1170x2532; 650375967; IABMV/1)"
96.246.148.20 - - [16/Oct/2024:02:59:36 +0000] "GET /media/images/43F5BC3F-35AC-4138-BF2E-2DFE6162C5A8.png HTTP/1.1" 200 243147 "https://spite.fr/?page=4" "Mozilla/5.0 (iPhone; CPU iPhone OS 17_6_1 like Mac OS X) AppleWebKit/605.1.15 (KHTML, like Gecko) Mobile/21G93 Instagram 352.2.0.36.89 (iPhone14,7; iOS 17_6_1; en_US; en-US; scale=3.00; 1170x2532; 650375967; IABMV/1)"
96.246.148.20 - - [16/Oct/2024:02:59:37 +0000] "GET /media/images/1000026930.jpg HTTP/1.1" 200 278074 "https://spite.fr/?page=4" "Mozilla/5.0 (iPhone; CPU iPhone OS 17_6_1 like Mac OS X) AppleWebKit/605.1.15 (KHTML, like Gecko) Mobile/21G93 Instagram 352.2.0.36.89 (iPhone14,7; iOS 17_6_1; en_US; en-US; scale=3.00; 1170x2532; 650375967; IABMV/1)"
96.246.148.20 - - [16/Oct/2024:02:59:39 +0000] "GET /media/images/75711BD8-B0BD-49AA-916B-A9EF05138652.png HTTP/1.1" 200 2692311 "https://spite.fr/?page=4" "Mozilla/5.0 (iPhone; CPU iPhone OS 17_6_1 like Mac OS X) AppleWebKit/605.1.15 (KHTML, like Gecko) Mobile/21G93 Instagram 352.2.0.36.89 (iPhone14,7; iOS 17_6_1; en_US; en-US; scale=3.00; 1170x2532; 650375967; IABMV/1)"
96.246.148.20 - - [16/Oct/2024:02:59:40 +0000] "GET /media/images/1000026900_pHcgKgO.jpg HTTP/1.1" 200 22429 "https://spite.fr/?page=4" "Mozilla/5.0 (iPhone; CPU iPhone OS 17_6_1 like Mac OS X) AppleWebKit/605.1.15 (KHTML, like Gecko) Mobile/21G93 Instagram 352.2.0.36.89 (iPhone14,7; iOS 17_6_1; en_US; en-US; scale=3.00; 1170x2532; 650375967; IABMV/1)"
96.246.148.20 - - [16/Oct/2024:02:59:42 +0000] "GET /media/images/1000006207.jpg HTTP/1.1" 200 21225 "https://spite.fr/?page=4" "Mozilla/5.0 (iPhone; CPU iPhone OS 17_6_1 like Mac OS X) AppleWebKit/605.1.15 (KHTML, like Gecko) Mobile/21G93 Instagram 352.2.0.36.89 (iPhone14,7; iOS 17_6_1; en_US; en-US; scale=3.00; 1170x2532; 650375967; IABMV/1)"
96.246.148.20 - - [16/Oct/2024:02:59:44 +0000] "GET /media/images/IMG_1737_tz43oBW.webp HTTP/1.1" 200 273966 "https://spite.fr/?page=4" "Mozilla/5.0 (iPhone; CPU iPhone OS 17_6_1 like Mac OS X) AppleWebKit/605.1.15 (KHTML, like Gecko) Mobile/21G93 Instagram 352.2.0.36.89 (iPhone14,7; iOS 17_6_1; en_US; en-US; scale=3.00; 1170x2532; 650375967; IABMV/1)"
96.246.148.20 - - [16/Oct/2024:02:59:50 +0000] "GET /?page=5 HTTP/1.1" 200 8416 "https://spite.fr/?page=4" "Mozilla/5.0 (iPhone; CPU iPhone OS 17_6_1 like Mac OS X) AppleWebKit/605.1.15 (KHTML, like Gecko) Mobile/21G93 Instagram 352.2.0.36.89 (iPhone14,7; iOS 17_6_1; en_US; en-US; scale=3.00; 1170x2532; 650375967; IABMV/1)"
14.200.134.87 - - [16/Oct/2024:02:59:59 +0000] "GET / HTTP/1.1" 200 8468 "https://spite.fr/post/new" "Mozilla/5.0 (Macintosh; Intel Mac OS X 10.15; rv:128.0) Gecko/20100101 Firefox/128.0"
14.200.134.87 - - [16/Oct/2024:03:00:00 +0000] "GET /media/images/Screenshot_2024-10-15_at_10.48.18PM.png HTTP/1.1" 304 0 "https://spite.fr/" "Mozilla/5.0 (Macintosh; Intel Mac OS X 10.15; rv:128.0) Gecko/20100101 Firefox/128.0"
14.200.134.87 - - [16/Oct/2024:03:00:00 +0000] "GET /media/images/Screenshot_2024-10-15_at_10.39.34PM.png HTTP/1.1" 304 0 "https://spite.fr/" "Mozilla/5.0 (Macintosh; Intel Mac OS X 10.15; rv:128.0) Gecko/20100101 Firefox/128.0"
14.200.134.87 - - [16/Oct/2024:03:00:00 +0000] "GET /static/favicon.ico HTTP/1.1" 404 134 "https://spite.fr/" "Mozilla/5.0 (Macintosh; Intel Mac OS X 10.15; rv:128.0) Gecko/20100101 Firefox/128.0"
91.238.181.22 - - [16/Oct/2024:03:00:13 +0000] "\x03\x00\x00/*\xE0\x00\x00\x00\x00\x00Cookie: mstshash=Administr" 400 166 "-" "-"
47.91.91.123 - - [16/Oct/2024:03:00:36 +0000] "\x16\x03\x01\x00{\x01\x00\x00w\x03\x03B\xA6\xBA\xCBaO~\xBE\x8F\xD5 \x19\xF6k\xD4\xF1\xFDG\xE2\x0F.j\xA62\x91\x13*\x02\xE6\xEE0?\x00\x00\x1A\xC0/\xC0+\xC0\x11\xC0\x07\xC0\x13\xC0\x09\xC0\x14\xC0" 400 166 "-" "-"
98.239.104.91 - - [16/Oct/2024:03:00:42 +0000] "GET / HTTP/1.1" 200 8468 "https://spite.fr/post/new" "Mozilla/5.0 (Android 13; Mobile; rv:131.0) Gecko/131.0 Firefox/131.0"
98.239.104.91 - - [16/Oct/2024:03:00:43 +0000] "GET /static/js/load_more.js HTTP/1.1" 200 1287 "https://spite.fr/" "Mozilla/5.0 (Android 13; Mobile; rv:131.0) Gecko/131.0 Firefox/131.0"
98.239.104.91 - - [16/Oct/2024:03:00:43 +0000] "GET /media/images/Screenshot_2024-10-15_at_10.39.34PM.png HTTP/1.1" 200 445621 "https://spite.fr/" "Mozilla/5.0 (Android 13; Mobile; rv:131.0) Gecko/131.0 Firefox/131.0"
98.239.104.91 - - [16/Oct/2024:03:00:43 +0000] "GET /media/images/Screenshot_2024-10-15_at_10.48.18PM.png HTTP/1.1" 200 273130 "https://spite.fr/" "Mozilla/5.0 (Android 13; Mobile; rv:131.0) Gecko/131.0 Firefox/131.0"
24.102.75.102 - - [16/Oct/2024:03:00:49 +0000] "GET / HTTP/1.1" 200 8468 "-" "Mozilla/5.0 (Macintosh; Intel Mac OS X 10_15_7) AppleWebKit/537.36 (KHTML, like Gecko) Chrome/129.0.0.0 Safari/537.36"
24.102.75.102 - - [16/Oct/2024:03:00:49 +0000] "GET /static/media/spite-logo.png HTTP/1.1" 200 19027 "https://spite.fr/" "Mozilla/5.0 (Macintosh; Intel Mac OS X 10_15_7) AppleWebKit/537.36 (KHTML, like Gecko) Chrome/129.0.0.0 Safari/537.36"
24.102.75.102 - - [16/Oct/2024:03:00:49 +0000] "GET /media/images/IMG_3923.jpeg HTTP/1.1" 200 685441 "https://spite.fr/" "Mozilla/5.0 (Macintosh; Intel Mac OS X 10_15_7) AppleWebKit/537.36 (KHTML, like Gecko) Chrome/129.0.0.0 Safari/537.36"
24.102.75.102 - - [16/Oct/2024:03:00:49 +0000] "GET /static/media/spitemagazine.gif HTTP/1.1" 200 849136 "https://spite.fr/" "Mozilla/5.0 (Macintosh; Intel Mac OS X 10_15_7) AppleWebKit/537.36 (KHTML, like Gecko) Chrome/129.0.0.0 Safari/537.36"
96.246.148.20 - - [16/Oct/2024:03:00:49 +0000] "GET /?page=6 HTTP/1.1" 200 7236 "https://spite.fr/?page=5" "Mozilla/5.0 (iPhone; CPU iPhone OS 17_6_1 like Mac OS X) AppleWebKit/605.1.15 (KHTML, like Gecko) Mobile/21G93 Instagram 352.2.0.36.89 (iPhone14,7; iOS 17_6_1; en_US; en-US; scale=3.00; 1170x2532; 650375967; IABMV/1)"
24.102.75.102 - - [16/Oct/2024:03:00:49 +0000] "GET /static/favicon.ico HTTP/1.1" 404 197 "https://spite.fr/" "Mozilla/5.0 (Macintosh; Intel Mac OS X 10_15_7) AppleWebKit/537.36 (KHTML, like Gecko) Chrome/129.0.0.0 Safari/537.36"
24.102.75.102 - - [16/Oct/2024:03:00:50 +0000] "GET /media/images/Screenshot_2024-10-15_at_10.48.18PM.png HTTP/1.1" 200 273130 "https://spite.fr/" "Mozilla/5.0 (Macintosh; Intel Mac OS X 10_15_7) AppleWebKit/537.36 (KHTML, like Gecko) Chrome/129.0.0.0 Safari/537.36"
24.102.75.102 - - [16/Oct/2024:03:00:50 +0000] "GET /media/images/Screenshot_2024-10-15_at_10.39.34PM.png HTTP/1.1" 200 445621 "https://spite.fr/" "Mozilla/5.0 (Macintosh; Intel Mac OS X 10_15_7) AppleWebKit/537.36 (KHTML, like Gecko) Chrome/129.0.0.0 Safari/537.36"
96.246.148.20 - - [16/Oct/2024:03:00:51 +0000] "GET /media/images/IMG_9753.jpeg HTTP/1.1" 200 327062 "https://spite.fr/?page=6" "Mozilla/5.0 (iPhone; CPU iPhone OS 17_6_1 like Mac OS X) AppleWebKit/605.1.15 (KHTML, like Gecko) Mobile/21G93 Instagram 352.2.0.36.89 (iPhone14,7; iOS 17_6_1; en_US; en-US; scale=3.00; 1170x2532; 650375967; IABMV/1)"
96.246.148.20 - - [16/Oct/2024:03:00:56 +0000] "GET /media/images/IMG_9534_xcFlK9i.webp HTTP/1.1" 200 273966 "https://spite.fr/?page=6" "Mozilla/5.0 (iPhone; CPU iPhone OS 17_6_1 like Mac OS X) AppleWebKit/605.1.15 (KHTML, like Gecko) Mobile/21G93 Instagram 352.2.0.36.89 (iPhone14,7; iOS 17_6_1; en_US; en-US; scale=3.00; 1170x2532; 650375967; IABMV/1)"
96.246.148.20 - - [16/Oct/2024:03:01:00 +0000] "GET /media/images/IMG_9751.gif HTTP/1.1" 200 76856 "https://spite.fr/?page=6" "Mozilla/5.0 (iPhone; CPU iPhone OS 17_6_1 like Mac OS X) AppleWebKit/605.1.15 (KHTML, like Gecko) Mobile/21G93 Instagram 352.2.0.36.89 (iPhone14,7; iOS 17_6_1; en_US; en-US; scale=3.00; 1170x2532; 650375967; IABMV/1)"
96.246.148.20 - - [16/Oct/2024:03:01:01 +0000] "GET /media/images/IMG_8289.jpeg HTTP/1.1" 200 104242 "https://spite.fr/?page=6" "Mozilla/5.0 (iPhone; CPU iPhone OS 17_6_1 like Mac OS X) AppleWebKit/605.1.15 (KHTML, like Gecko) Mobile/21G93 Instagram 352.2.0.36.89 (iPhone14,7; iOS 17_6_1; en_US; en-US; scale=3.00; 1170x2532; 650375967; IABMV/1)"
96.246.148.20 - - [16/Oct/2024:03:01:26 +0000] "GET /?page=7 HTTP/1.1" 200 8806 "https://spite.fr/?page=6" "Mozilla/5.0 (iPhone; CPU iPhone OS 17_6_1 like Mac OS X) AppleWebKit/605.1.15 (KHTML, like Gecko) Mobile/21G93 Instagram 352.2.0.36.89 (iPhone14,7; iOS 17_6_1; en_US; en-US; scale=3.00; 1170x2532; 650375967; IABMV/1)"
96.246.148.20 - - [16/Oct/2024:03:01:28 +0000] "GET /media/images/351BB41A-47E2-4704-98D2-D5A4AF9DD9DB.jpeg HTTP/1.1" 200 84208 "https://spite.fr/?page=7" "Mozilla/5.0 (iPhone; CPU iPhone OS 17_6_1 like Mac OS X) AppleWebKit/605.1.15 (KHTML, like Gecko) Mobile/21G93 Instagram 352.2.0.36.89 (iPhone14,7; iOS 17_6_1; en_US; en-US; scale=3.00; 1170x2532; 650375967; IABMV/1)"
24.102.75.102 - - [16/Oct/2024:03:01:31 +0000] "GET /media/images/IMG_3964_mgoDl2k.jpeg HTTP/1.1" 200 3772753 "https://spite.fr/" "Mozilla/5.0 (Macintosh; Intel Mac OS X 10_15_7) AppleWebKit/537.36 (KHTML, like Gecko) Chrome/129.0.0.0 Safari/537.36"
96.246.148.20 - - [16/Oct/2024:03:01:38 +0000] "GET /media/images/6EB611FF-E20B-4C2C-9D6C-B7EBBD9D81F6_0EvkV9R.jpeg HTTP/1.1" 200 84551 "https://spite.fr/?page=7" "Mozilla/5.0 (iPhone; CPU iPhone OS 17_6_1 like Mac OS X) AppleWebKit/605.1.15 (KHTML, like Gecko) Mobile/21G93 Instagram 352.2.0.36.89 (iPhone14,7; iOS 17_6_1; en_US; en-US; scale=3.00; 1170x2532; 650375967; IABMV/1)"
24.102.75.102 - - [16/Oct/2024:03:01:41 +0000] "GET /?page=2 HTTP/1.1" 200 7996 "https://spite.fr/" "Mozilla/5.0 (Macintosh; Intel Mac OS X 10_15_7) AppleWebKit/537.36 (KHTML, like Gecko) Chrome/129.0.0.0 Safari/537.36"
24.102.75.102 - - [16/Oct/2024:03:01:44 +0000] "GET /media/images/IMG_3963.jpeg HTTP/1.1" 200 3598158 "https://spite.fr/?page=2" "Mozilla/5.0 (Macintosh; Intel Mac OS X 10_15_7) AppleWebKit/537.36 (KHTML, like Gecko) Chrome/129.0.0.0 Safari/537.36"
24.102.75.102 - - [16/Oct/2024:03:01:44 +0000] "GET /media/images/IMG_3962.jpeg HTTP/1.1" 200 1545652 "https://spite.fr/?page=2" "Mozilla/5.0 (Macintosh; Intel Mac OS X 10_15_7) AppleWebKit/537.36 (KHTML, like Gecko) Chrome/129.0.0.0 Safari/537.36"
24.102.75.102 - - [16/Oct/2024:03:01:44 +0000] "GET /media/images/IMG_3959.jpeg HTTP/1.1" 200 2093342 "https://spite.fr/?page=2" "Mozilla/5.0 (Macintosh; Intel Mac OS X 10_15_7) AppleWebKit/537.36 (KHTML, like Gecko) Chrome/129.0.0.0 Safari/537.36"
96.246.148.20 - - [16/Oct/2024:03:01:44 +0000] "GET /media/images/6EB611FF-E20B-4C2C-9D6C-B7EBBD9D81F6.jpeg HTTP/1.1" 200 84551 "https://spite.fr/?page=7" "Mozilla/5.0 (iPhone; CPU iPhone OS 17_6_1 like Mac OS X) AppleWebKit/605.1.15 (KHTML, like Gecko) Mobile/21G93 Instagram 352.2.0.36.89 (iPhone14,7; iOS 17_6_1; en_US; en-US; scale=3.00; 1170x2532; 650375967; IABMV/1)"
24.102.75.102 - - [16/Oct/2024:03:01:45 +0000] "GET /media/images/IMG_3961.jpeg HTTP/1.1" 200 2701565 "https://spite.fr/?page=2" "Mozilla/5.0 (Macintosh; Intel Mac OS X 10_15_7) AppleWebKit/537.36 (KHTML, like Gecko) Chrome/129.0.0.0 Safari/537.36"
147.45.112.147 - - [16/Oct/2024:03:01:46 +0000] "\x03\x00\x00/*\xE0\x00\x00\x00\x00\x00Cookie: mstshash=Administr" 400 166 "-" "-"
96.246.148.20 - - [16/Oct/2024:03:01:49 +0000] "GET /media/images/ab67616d0000b2736bd8e0a79b85e9622a8e85c3.jpg HTTP/1.1" 200 133568 "https://spite.fr/?page=7" "Mozilla/5.0 (iPhone; CPU iPhone OS 17_6_1 like Mac OS X) AppleWebKit/605.1.15 (KHTML, like Gecko) Mobile/21G93 Instagram 352.2.0.36.89 (iPhone14,7; iOS 17_6_1; en_US; en-US; scale=3.00; 1170x2532; 650375967; IABMV/1)"
96.246.148.20 - - [16/Oct/2024:03:01:53 +0000] "GET /media/images/Screenshot_2024-10-15_at_9.31.13AM.png HTTP/1.1" 200 1788474 "https://spite.fr/?page=7" "Mozilla/5.0 (iPhone; CPU iPhone OS 17_6_1 like Mac OS X) AppleWebKit/605.1.15 (KHTML, like Gecko) Mobile/21G93 Instagram 352.2.0.36.89 (iPhone14,7; iOS 17_6_1; en_US; en-US; scale=3.00; 1170x2532; 650375967; IABMV/1)"
24.102.75.102 - - [16/Oct/2024:03:02:01 +0000] "GET /media/images/IMG_2708_eO61LoK.jpeg HTTP/1.1" 200 6085067 "https://spite.fr/?page=2" "Mozilla/5.0 (Macintosh; Intel Mac OS X 10_15_7) AppleWebKit/537.36 (KHTML, like Gecko) Chrome/129.0.0.0 Safari/537.36"
24.102.75.102 - - [16/Oct/2024:03:02:01 +0000] "GET /media/images/IMG_2708.jpeg HTTP/1.1" 200 6085067 "https://spite.fr/?page=2" "Mozilla/5.0 (Macintosh; Intel Mac OS X 10_15_7) AppleWebKit/537.36 (KHTML, like Gecko) Chrome/129.0.0.0 Safari/537.36"
24.102.75.102 - - [16/Oct/2024:03:02:02 +0000] "GET /media/images/1000026953.png HTTP/1.1" 200 525965 "https://spite.fr/?page=2" "Mozilla/5.0 (Macintosh; Intel Mac OS X 10_15_7) AppleWebKit/537.36 (KHTML, like Gecko) Chrome/129.0.0.0 Safari/537.36"
96.246.148.20 - - [16/Oct/2024:03:02:10 +0000] "GET /?page=8 HTTP/1.1" 200 7968 "https://spite.fr/?page=7" "Mozilla/5.0 (iPhone; CPU iPhone OS 17_6_1 like Mac OS X) AppleWebKit/605.1.15 (KHTML, like Gecko) Mobile/21G93 Instagram 352.2.0.36.89 (iPhone14,7; iOS 17_6_1; en_US; en-US; scale=3.00; 1170x2532; 650375967; IABMV/1)"
96.246.148.20 - - [16/Oct/2024:03:02:12 +0000] "GET /media/images/inbound1958429938846029125.jpg HTTP/1.1" 200 259940 "https://spite.fr/?page=8" "Mozilla/5.0 (iPhone; CPU iPhone OS 17_6_1 like Mac OS X) AppleWebKit/605.1.15 (KHTML, like Gecko) Mobile/21G93 Instagram 352.2.0.36.89 (iPhone14,7; iOS 17_6_1; en_US; en-US; scale=3.00; 1170x2532; 650375967; IABMV/1)"
