172.58.128.193 - - [16/Oct/2024:01:28:26 +0000] "GET /media/images/1000006140.jpg HTTP/1.1" 304 0 "https://spite.fr/search/?csrfmiddlewaretoken=EukhMyJvogRnKTs3MyInmXjyG7EwbIF9hNbjWxajSjfencIMKB63f6CLQ4NvgyMA&query=Wigger+minji" "Mozilla/5.0 (Linux; Android 10; K) AppleWebKit/537.36 (KHTML, like Gecko) Chrome/129.0.0.0 Mobile Safari/537.36"
172.58.128.193 - - [16/Oct/2024:01:28:26 +0000] "GET /media/images/1000006143.gif HTTP/1.1" 304 0 "https://spite.fr/search/?csrfmiddlewaretoken=EukhMyJvogRnKTs3MyInmXjyG7EwbIF9hNbjWxajSjfencIMKB63f6CLQ4NvgyMA&query=Wigger+minji" "Mozilla/5.0 (Linux; Android 10; K) AppleWebKit/537.36 (KHTML, like Gecko) Chrome/129.0.0.0 Mobile Safari/537.36"
172.58.128.193 - - [16/Oct/2024:01:28:26 +0000] "GET /media/images/1000006141.gif HTTP/1.1" 304 0 "https://spite.fr/search/?csrfmiddlewaretoken=EukhMyJvogRnKTs3MyInmXjyG7EwbIF9hNbjWxajSjfencIMKB63f6CLQ4NvgyMA&query=Wigger+minji" "Mozilla/5.0 (Linux; Android 10; K) AppleWebKit/537.36 (KHTML, like Gecko) Chrome/129.0.0.0 Mobile Safari/537.36"
47.245.117.221 - - [16/Oct/2024:01:28:26 +0000] "POST /resolve HTTP/1.1" 404 179 "-" "Go-http-client/1.1"
47.245.117.221 - - [16/Oct/2024:01:28:26 +0000] "GET /resolve?name=example.com&type=A HTTP/1.1" 404 179 "-" "Go-http-client/1.1"
172.58.128.193 - - [16/Oct/2024:01:28:26 +0000] "GET /media/images/1000006149.gif HTTP/1.1" 200 4445614 "https://spite.fr/search/?csrfmiddlewaretoken=EukhMyJvogRnKTs3MyInmXjyG7EwbIF9hNbjWxajSjfencIMKB63f6CLQ4NvgyMA&query=Wigger+minji" "Mozilla/5.0 (Linux; Android 10; K) AppleWebKit/537.36 (KHTML, like Gecko) Chrome/129.0.0.0 Mobile Safari/537.36"
47.245.117.221 - - [16/Oct/2024:01:28:26 +0000] "GET /resolve?dns=8fQBAAABAAAAAAAAB2V4YW1wbGUDY29tAAABAAE HTTP/1.1" 404 179 "-" "Go-http-client/1.1"
47.245.117.221 - - [16/Oct/2024:01:28:26 +0000] "POST /resolve HTTP/1.1" 404 179 "-" "Go-http-client/1.1"
47.245.117.221 - - [16/Oct/2024:01:28:27 +0000] "GET /resolve?name=example.com&type=A HTTP/1.1" 404 179 "-" "Go-http-client/1.1"
47.245.117.221 - - [16/Oct/2024:01:28:28 +0000] "GET /?dns=wdcBAAABAAAAAAAAB2V4YW1wbGUDY29tAAABAAE HTTP/1.1" 200 43806 "-" "Go-http-client/1.1"
47.245.117.221 - - [16/Oct/2024:01:28:29 +0000] "POST / HTTP/1.1" 403 1866 "-" "Go-http-client/1.1"
47.245.117.221 - - [16/Oct/2024:01:28:31 +0000] "GET /?name=example.com&type=A HTTP/1.1" 200 43806 "-" "Go-http-client/1.1"
47.245.117.221 - - [16/Oct/2024:01:28:33 +0000] "GET /?dns=Q44BAAABAAAAAAAAB2V4YW1wbGUDY29tAAABAAE HTTP/1.1" 200 43806 "-" "Go-http-client/1.1"
47.245.117.221 - - [16/Oct/2024:01:28:34 +0000] "POST / HTTP/1.1" 403 1866 "-" "Go-http-client/1.1"
47.245.117.221 - - [16/Oct/2024:01:28:34 +0000] "GET /?name=example.com&type=A HTTP/1.1" 200 43806 "-" "Go-http-client/1.1"
174.193.48.97 - - [16/Oct/2024:01:28:38 +0000] "GET /?page=123 HTTP/1.1" 200 7341 "https://spite.fr/?page=122" "Mozilla/5.0 (iPhone; CPU iPhone OS 17_6_1 like Mac OS X) AppleWebKit/605.1.15 (KHTML, like Gecko) Version/17.6 Mobile/15E148 Safari/604.1"
174.193.48.97 - - [16/Oct/2024:01:28:40 +0000] "GET /media/images/IMG_9552.jpeg HTTP/1.1" 200 15209 "https://spite.fr/?page=123" "Mozilla/5.0 (iPhone; CPU iPhone OS 17_6_1 like Mac OS X) AppleWebKit/605.1.15 (KHTML, like Gecko) Version/17.6 Mobile/15E148 Safari/604.1"
174.193.48.97 - - [16/Oct/2024:01:28:41 +0000] "GET /media/images/image_QivBYyd.jpg HTTP/1.1" 200 2284640 "https://spite.fr/?page=123" "Mozilla/5.0 (iPhone; CPU iPhone OS 17_6_1 like Mac OS X) AppleWebKit/605.1.15 (KHTML, like Gecko) Version/17.6 Mobile/15E148 Safari/604.1"
174.193.48.97 - - [16/Oct/2024:01:29:16 +0000] "GET /media/images/IMG_1784.png HTTP/1.1" 304 0 "https://spite.fr/?page=123" "Mozilla/5.0 (iPhone; CPU iPhone OS 17_6_1 like Mac OS X) AppleWebKit/605.1.15 (KHTML, like Gecko) Version/17.6 Mobile/15E148 Safari/604.1"
174.197.128.96 - - [16/Oct/2024:01:29:16 +0000] "GET /?fbclid=PAZXh0bgNhZW0CMTEAAaZEp2bHOTfu-VWFtwF_il9RA6_nwlW0N-H00Wk24PVxYoRb5Hk0Uhhc4Ws_aem_IvUekwe4q0Gqtx5SDQVBuw HTTP/1.1" 301 178 "https://l.instagram.com/" "Mozilla/5.0 (iPhone; CPU iPhone OS 17_5_1 like Mac OS X) AppleWebKit/605.1.15 (KHTML, like Gecko) Mobile/21F90 Instagram 350.0.12.33.76 (iPhone13,2; iOS 17_5_1; en_US; en-US; scale=3.00; 1170x2532; 644448061; IABMV/1)"
174.197.128.96 - - [16/Oct/2024:01:29:17 +0000] "GET /?fbclid=PAZXh0bgNhZW0CMTEAAaZEp2bHOTfu-VWFtwF_il9RA6_nwlW0N-H00Wk24PVxYoRb5Hk0Uhhc4Ws_aem_IvUekwe4q0Gqtx5SDQVBuw HTTP/1.1" 200 8197 "https://l.instagram.com/" "Mozilla/5.0 (iPhone; CPU iPhone OS 17_5_1 like Mac OS X) AppleWebKit/605.1.15 (KHTML, like Gecko) Mobile/21F90 Instagram 350.0.12.33.76 (iPhone13,2; iOS 17_5_1; en_US; en-US; scale=3.00; 1170x2532; 644448061; IABMV/1)"
174.197.128.96 - - [16/Oct/2024:01:29:20 +0000] "GET /media/images/IMG_3964_mgoDl2k.jpeg HTTP/1.1" 200 3772753 "https://spite.fr/?fbclid=PAZXh0bgNhZW0CMTEAAaZEp2bHOTfu-VWFtwF_il9RA6_nwlW0N-H00Wk24PVxYoRb5Hk0Uhhc4Ws_aem_IvUekwe4q0Gqtx5SDQVBuw" "Mozilla/5.0 (iPhone; CPU iPhone OS 17_5_1 like Mac OS X) AppleWebKit/605.1.15 (KHTML, like Gecko) Mobile/21F90 Instagram 350.0.12.33.76 (iPhone13,2; iOS 17_5_1; en_US; en-US; scale=3.00; 1170x2532; 644448061; IABMV/1)"
131.106.70.145 - - [16/Oct/2024:01:29:24 +0000] "GET /?page=2 HTTP/1.1" 200 8800 "-" "Mozilla/5.0 (Macintosh; Intel Mac OS X 10_15_7) AppleWebKit/537.36 (KHTML, like Gecko) Chrome/129.0.0.0 Safari/537.36"
131.106.70.145 - - [16/Oct/2024:01:29:24 +0000] "GET /static/media/spitemagazine.gif HTTP/1.1" 200 849136 "https://spite.fr/?page=2" "Mozilla/5.0 (Macintosh; Intel Mac OS X 10_15_7) AppleWebKit/537.36 (KHTML, like Gecko) Chrome/129.0.0.0 Safari/537.36"
131.106.70.145 - - [16/Oct/2024:01:29:24 +0000] "GET /media/images/IMG_3923.jpeg HTTP/1.1" 200 685441 "https://spite.fr/?page=2" "Mozilla/5.0 (Macintosh; Intel Mac OS X 10_15_7) AppleWebKit/537.36 (KHTML, like Gecko) Chrome/129.0.0.0 Safari/537.36"
131.106.70.145 - - [16/Oct/2024:01:29:24 +0000] "GET /media/images/IMG_3957.jpeg HTTP/1.1" 200 2343026 "https://spite.fr/?page=2" "Mozilla/5.0 (Macintosh; Intel Mac OS X 10_15_7) AppleWebKit/537.36 (KHTML, like Gecko) Chrome/129.0.0.0 Safari/537.36"
131.106.70.145 - - [16/Oct/2024:01:29:24 +0000] "GET /media/images/IMG_2213.jpeg HTTP/1.1" 200 1651858 "https://spite.fr/?page=2" "Mozilla/5.0 (Macintosh; Intel Mac OS X 10_15_7) AppleWebKit/537.36 (KHTML, like Gecko) Chrome/129.0.0.0 Safari/537.36"
131.106.70.145 - - [16/Oct/2024:01:29:25 +0000] "GET /media/images/1000026900_xD0BF66.jpg HTTP/1.1" 200 22429 "https://spite.fr/?page=2" "Mozilla/5.0 (Macintosh; Intel Mac OS X 10_15_7) AppleWebKit/537.36 (KHTML, like Gecko) Chrome/129.0.0.0 Safari/537.36"
131.106.70.145 - - [16/Oct/2024:01:29:25 +0000] "GET /media/images/d0d816af0cd349959c90a1a02bb3f3dc.webp HTTP/1.1" 200 107622 "https://spite.fr/?page=2" "Mozilla/5.0 (Macintosh; Intel Mac OS X 10_15_7) AppleWebKit/537.36 (KHTML, like Gecko) Chrome/129.0.0.0 Safari/537.36"
131.106.70.145 - - [16/Oct/2024:01:29:25 +0000] "GET /media/images/1000026950.webp HTTP/1.1" 200 63048 "https://spite.fr/?page=2" "Mozilla/5.0 (Macintosh; Intel Mac OS X 10_15_7) AppleWebKit/537.36 (KHTML, like Gecko) Chrome/129.0.0.0 Safari/537.36"
174.197.128.96 - - [16/Oct/2024:01:29:29 +0000] "GET /media/images/IMG_3963.jpeg HTTP/1.1" 200 3598158 "https://spite.fr/?fbclid=PAZXh0bgNhZW0CMTEAAaZEp2bHOTfu-VWFtwF_il9RA6_nwlW0N-H00Wk24PVxYoRb5Hk0Uhhc4Ws_aem_IvUekwe4q0Gqtx5SDQVBuw" "Mozilla/5.0 (iPhone; CPU iPhone OS 17_5_1 like Mac OS X) AppleWebKit/605.1.15 (KHTML, like Gecko) Mobile/21F90 Instagram 350.0.12.33.76 (iPhone13,2; iOS 17_5_1; en_US; en-US; scale=3.00; 1170x2532; 644448061; IABMV/1)"
174.197.128.96 - - [16/Oct/2024:01:29:29 +0000] "GET /media/images/IMG_3962.jpeg HTTP/1.1" 200 1545652 "https://spite.fr/?fbclid=PAZXh0bgNhZW0CMTEAAaZEp2bHOTfu-VWFtwF_il9RA6_nwlW0N-H00Wk24PVxYoRb5Hk0Uhhc4Ws_aem_IvUekwe4q0Gqtx5SDQVBuw" "Mozilla/5.0 (iPhone; CPU iPhone OS 17_5_1 like Mac OS X) AppleWebKit/605.1.15 (KHTML, like Gecko) Mobile/21F90 Instagram 350.0.12.33.76 (iPhone13,2; iOS 17_5_1; en_US; en-US; scale=3.00; 1170x2532; 644448061; IABMV/1)"
174.193.48.97 - - [16/Oct/2024:01:29:39 +0000] "GET /?page=124 HTTP/1.1" 200 7385 "https://spite.fr/?page=123" "Mozilla/5.0 (iPhone; CPU iPhone OS 17_6_1 like Mac OS X) AppleWebKit/605.1.15 (KHTML, like Gecko) Version/17.6 Mobile/15E148 Safari/604.1"
174.197.128.96 - - [16/Oct/2024:01:29:39 +0000] "GET /media/images/IMG_3961.jpeg HTTP/1.1" 200 2701565 "https://spite.fr/?fbclid=PAZXh0bgNhZW0CMTEAAaZEp2bHOTfu-VWFtwF_il9RA6_nwlW0N-H00Wk24PVxYoRb5Hk0Uhhc4Ws_aem_IvUekwe4q0Gqtx5SDQVBuw" "Mozilla/5.0 (iPhone; CPU iPhone OS 17_5_1 like Mac OS X) AppleWebKit/605.1.15 (KHTML, like Gecko) Mobile/21F90 Instagram 350.0.12.33.76 (iPhone13,2; iOS 17_5_1; en_US; en-US; scale=3.00; 1170x2532; 644448061; IABMV/1)"
174.197.128.96 - - [16/Oct/2024:01:29:40 +0000] "GET /media/images/IMG_3959.jpeg HTTP/1.1" 200 2093342 "https://spite.fr/?fbclid=PAZXh0bgNhZW0CMTEAAaZEp2bHOTfu-VWFtwF_il9RA6_nwlW0N-H00Wk24PVxYoRb5Hk0Uhhc4Ws_aem_IvUekwe4q0Gqtx5SDQVBuw" "Mozilla/5.0 (iPhone; CPU iPhone OS 17_5_1 like Mac OS X) AppleWebKit/605.1.15 (KHTML, like Gecko) Mobile/21F90 Instagram 350.0.12.33.76 (iPhone13,2; iOS 17_5_1; en_US; en-US; scale=3.00; 1170x2532; 644448061; IABMV/1)"
174.197.128.96 - - [16/Oct/2024:01:29:57 +0000] "GET /media/images/IMG_2708_eO61LoK.jpeg HTTP/1.1" 200 6085067 "https://spite.fr/?fbclid=PAZXh0bgNhZW0CMTEAAaZEp2bHOTfu-VWFtwF_il9RA6_nwlW0N-H00Wk24PVxYoRb5Hk0Uhhc4Ws_aem_IvUekwe4q0Gqtx5SDQVBuw" "Mozilla/5.0 (iPhone; CPU iPhone OS 17_5_1 like Mac OS X) AppleWebKit/605.1.15 (KHTML, like Gecko) Mobile/21F90 Instagram 350.0.12.33.76 (iPhone13,2; iOS 17_5_1; en_US; en-US; scale=3.00; 1170x2532; 644448061; IABMV/1)"
174.197.128.96 - - [16/Oct/2024:01:29:58 +0000] "GET /media/images/1000026953.png HTTP/1.1" 200 525965 "https://spite.fr/?fbclid=PAZXh0bgNhZW0CMTEAAaZEp2bHOTfu-VWFtwF_il9RA6_nwlW0N-H00Wk24PVxYoRb5Hk0Uhhc4Ws_aem_IvUekwe4q0Gqtx5SDQVBuw" "Mozilla/5.0 (iPhone; CPU iPhone OS 17_5_1 like Mac OS X) AppleWebKit/605.1.15 (KHTML, like Gecko) Mobile/21F90 Instagram 350.0.12.33.76 (iPhone13,2; iOS 17_5_1; en_US; en-US; scale=3.00; 1170x2532; 644448061; IABMV/1)"
174.197.128.96 - - [16/Oct/2024:01:30:02 +0000] "GET /media/images/IMG_2708.jpeg HTTP/1.1" 200 6085067 "https://spite.fr/?fbclid=PAZXh0bgNhZW0CMTEAAaZEp2bHOTfu-VWFtwF_il9RA6_nwlW0N-H00Wk24PVxYoRb5Hk0Uhhc4Ws_aem_IvUekwe4q0Gqtx5SDQVBuw" "Mozilla/5.0 (iPhone; CPU iPhone OS 17_5_1 like Mac OS X) AppleWebKit/605.1.15 (KHTML, like Gecko) Mobile/21F90 Instagram 350.0.12.33.76 (iPhone13,2; iOS 17_5_1; en_US; en-US; scale=3.00; 1170x2532; 644448061; IABMV/1)"
174.193.48.97 - - [16/Oct/2024:01:30:04 +0000] "GET /?page=125 HTTP/1.1" 200 9802 "https://spite.fr/?page=124" "Mozilla/5.0 (iPhone; CPU iPhone OS 17_6_1 like Mac OS X) AppleWebKit/605.1.15 (KHTML, like Gecko) Version/17.6 Mobile/15E148 Safari/604.1"
174.193.48.97 - - [16/Oct/2024:01:30:06 +0000] "GET /media/images/VAPORGRAM_IMG_1728734239085.png HTTP/1.1" 304 0 "https://spite.fr/?page=125" "Mozilla/5.0 (iPhone; CPU iPhone OS 17_6_1 like Mac OS X) AppleWebKit/605.1.15 (KHTML, like Gecko) Version/17.6 Mobile/15E148 Safari/604.1"
173.68.168.90 - - [16/Oct/2024:01:30:09 +0000] "GET / HTTP/1.1" 200 8198 "-" "Mozilla/5.0 (iPhone; CPU iPhone OS 17_6_1 like Mac OS X) AppleWebKit/605.1.15 (KHTML, like Gecko) Version/17.6 Mobile/15E148 Safari/604.1"
173.68.168.90 - - [16/Oct/2024:01:30:10 +0000] "GET /static/css/styles.css HTTP/1.1" 200 7777 "https://spite.fr/" "Mozilla/5.0 (iPhone; CPU iPhone OS 17_6_1 like Mac OS X) AppleWebKit/605.1.15 (KHTML, like Gecko) Version/17.6 Mobile/15E148 Safari/604.1"
173.68.168.90 - - [16/Oct/2024:01:30:10 +0000] "GET /static/media/spite-logo.png HTTP/1.1" 200 19027 "https://spite.fr/" "Mozilla/5.0 (iPhone; CPU iPhone OS 17_6_1 like Mac OS X) AppleWebKit/605.1.15 (KHTML, like Gecko) Version/17.6 Mobile/15E148 Safari/604.1"
173.68.168.90 - - [16/Oct/2024:01:30:10 +0000] "GET /static/js/load_more.js HTTP/1.1" 200 1287 "https://spite.fr/" "Mozilla/5.0 (iPhone; CPU iPhone OS 17_6_1 like Mac OS X) AppleWebKit/605.1.15 (KHTML, like Gecko) Version/17.6 Mobile/15E148 Safari/604.1"
173.68.168.90 - - [16/Oct/2024:01:30:11 +0000] "GET /static/media/anon.jpg HTTP/1.1" 200 9983 "https://spite.fr/" "Mozilla/5.0 (iPhone; CPU iPhone OS 17_6_1 like Mac OS X) AppleWebKit/605.1.15 (KHTML, like Gecko) Version/17.6 Mobile/15E148 Safari/604.1"
173.68.168.90 - - [16/Oct/2024:01:30:11 +0000] "GET /static/media/spitemagazine.gif HTTP/1.1" 200 849136 "https://spite.fr/" "Mozilla/5.0 (iPhone; CPU iPhone OS 17_6_1 like Mac OS X) AppleWebKit/605.1.15 (KHTML, like Gecko) Version/17.6 Mobile/15E148 Safari/604.1"
173.68.168.90 - - [16/Oct/2024:01:30:11 +0000] "GET /media/images/IMG_3923.jpeg HTTP/1.1" 200 685441 "https://spite.fr/" "Mozilla/5.0 (iPhone; CPU iPhone OS 17_6_1 like Mac OS X) AppleWebKit/605.1.15 (KHTML, like Gecko) Version/17.6 Mobile/15E148 Safari/604.1"
174.193.48.97 - - [16/Oct/2024:01:30:13 +0000] "GET /media/images/IMG_2412.jpeg HTTP/1.1" 304 0 "https://spite.fr/?page=125" "Mozilla/5.0 (iPhone; CPU iPhone OS 17_6_1 like Mac OS X) AppleWebKit/605.1.15 (KHTML, like Gecko) Version/17.6 Mobile/15E148 Safari/604.1"
174.197.128.96 - - [16/Oct/2024:01:30:16 +0000] "GET /?page=2 HTTP/1.1" 200 8800 "https://spite.fr/?fbclid=PAZXh0bgNhZW0CMTEAAaZEp2bHOTfu-VWFtwF_il9RA6_nwlW0N-H00Wk24PVxYoRb5Hk0Uhhc4Ws_aem_IvUekwe4q0Gqtx5SDQVBuw" "Mozilla/5.0 (iPhone; CPU iPhone OS 17_5_1 like Mac OS X) AppleWebKit/605.1.15 (KHTML, like Gecko) Mobile/21F90 Instagram 350.0.12.33.76 (iPhone13,2; iOS 17_5_1; en_US; en-US; scale=3.00; 1170x2532; 644448061; IABMV/1)"
174.193.48.97 - - [16/Oct/2024:01:30:18 +0000] "GET /media/images/IMG_9551.webp HTTP/1.1" 304 0 "https://spite.fr/?page=125" "Mozilla/5.0 (iPhone; CPU iPhone OS 17_6_1 like Mac OS X) AppleWebKit/605.1.15 (KHTML, like Gecko) Version/17.6 Mobile/15E148 Safari/604.1"
174.197.128.96 - - [16/Oct/2024:01:30:19 +0000] "GET /media/images/IMG_3957.jpeg HTTP/1.1" 200 2343026 "https://spite.fr/?page=2" "Mozilla/5.0 (iPhone; CPU iPhone OS 17_5_1 like Mac OS X) AppleWebKit/605.1.15 (KHTML, like Gecko) Mobile/21F90 Instagram 350.0.12.33.76 (iPhone13,2; iOS 17_5_1; en_US; en-US; scale=3.00; 1170x2532; 644448061; IABMV/1)"
174.197.128.96 - - [16/Oct/2024:01:30:30 +0000] "GET /media/images/IMG_2213.jpeg HTTP/1.1" 304 0 "https://spite.fr/?page=2" "Mozilla/5.0 (iPhone; CPU iPhone OS 17_5_1 like Mac OS X) AppleWebKit/605.1.15 (KHTML, like Gecko) Mobile/21F90 Instagram 350.0.12.33.76 (iPhone13,2; iOS 17_5_1; en_US; en-US; scale=3.00; 1170x2532; 644448061; IABMV/1)"
174.197.128.96 - - [16/Oct/2024:01:30:37 +0000] "GET /media/images/1000026900_xD0BF66.jpg HTTP/1.1" 304 0 "https://spite.fr/?page=2" "Mozilla/5.0 (iPhone; CPU iPhone OS 17_5_1 like Mac OS X) AppleWebKit/605.1.15 (KHTML, like Gecko) Mobile/21F90 Instagram 350.0.12.33.76 (iPhone13,2; iOS 17_5_1; en_US; en-US; scale=3.00; 1170x2532; 644448061; IABMV/1)"
174.193.48.97 - - [16/Oct/2024:01:30:37 +0000] "GET /?page=126 HTTP/1.1" 200 8035 "https://spite.fr/?page=125" "Mozilla/5.0 (iPhone; CPU iPhone OS 17_6_1 like Mac OS X) AppleWebKit/605.1.15 (KHTML, like Gecko) Version/17.6 Mobile/15E148 Safari/604.1"
174.197.128.96 - - [16/Oct/2024:01:30:41 +0000] "GET /media/images/d0d816af0cd349959c90a1a02bb3f3dc.webp HTTP/1.1" 304 0 "https://spite.fr/?page=2" "Mozilla/5.0 (iPhone; CPU iPhone OS 17_5_1 like Mac OS X) AppleWebKit/605.1.15 (KHTML, like Gecko) Mobile/21F90 Instagram 350.0.12.33.76 (iPhone13,2; iOS 17_5_1; en_US; en-US; scale=3.00; 1170x2532; 644448061; IABMV/1)"
174.193.48.97 - - [16/Oct/2024:01:30:44 +0000] "GET /media/images/IMG_1773.jpeg HTTP/1.1" 304 0 "https://spite.fr/?page=126" "Mozilla/5.0 (iPhone; CPU iPhone OS 17_6_1 like Mac OS X) AppleWebKit/605.1.15 (KHTML, like Gecko) Version/17.6 Mobile/15E148 Safari/604.1"
174.193.48.97 - - [16/Oct/2024:01:30:44 +0000] "GET /media/images/IMG_9550.jpeg HTTP/1.1" 200 218061 "https://spite.fr/?page=126" "Mozilla/5.0 (iPhone; CPU iPhone OS 17_6_1 like Mac OS X) AppleWebKit/605.1.15 (KHTML, like Gecko) Version/17.6 Mobile/15E148 Safari/604.1"
174.193.48.97 - - [16/Oct/2024:01:30:44 +0000] "GET /media/images/IMG_5470.jpeg HTTP/1.1" 200 106427 "https://spite.fr/?page=126" "Mozilla/5.0 (iPhone; CPU iPhone OS 17_6_1 like Mac OS X) AppleWebKit/605.1.15 (KHTML, like Gecko) Version/17.6 Mobile/15E148 Safari/604.1"
31.94.8.170 - - [16/Oct/2024:01:30:58 +0000] "POST /post/new HTTP/1.1" 302 0 "https://spite.fr/post/new" "Mozilla/5.0 (iPhone; CPU iPhone OS 17_6_1 like Mac OS X) AppleWebKit/605.1.15 (KHTML, like Gecko) Mobile/21G93 Instagram 351.0.1.35.98 (iPhone11,8; iOS 17_6_1; en_GB; en-GB; scale=2.00; 828x1792; 647722782; IABMV/1)"
174.193.48.97 - - [16/Oct/2024:01:31:04 +0000] "GET /media/images/IMG_1190.jpeg HTTP/1.1" 200 656482 "https://spite.fr/?page=126" "Mozilla/5.0 (iPhone; CPU iPhone OS 17_6_1 like Mac OS X) AppleWebKit/605.1.15 (KHTML, like Gecko) Version/17.6 Mobile/15E148 Safari/604.1"
174.193.48.97 - - [16/Oct/2024:01:31:07 +0000] "GET /media/images/IMG_9547.png HTTP/1.1" 200 147095 "https://spite.fr/?page=126" "Mozilla/5.0 (iPhone; CPU iPhone OS 17_6_1 like Mac OS X) AppleWebKit/605.1.15 (KHTML, like Gecko) Version/17.6 Mobile/15E148 Safari/604.1"
174.193.48.97 - - [16/Oct/2024:01:31:10 +0000] "GET /media/images/75976945-D117-4421-BEC6-5C8029A67E26.webp HTTP/1.1" 200 286298 "https://spite.fr/?page=126" "Mozilla/5.0 (iPhone; CPU iPhone OS 17_6_1 like Mac OS X) AppleWebKit/605.1.15 (KHTML, like Gecko) Version/17.6 Mobile/15E148 Safari/604.1"
131.106.70.145 - - [16/Oct/2024:01:31:12 +0000] "GET /?page=3 HTTP/1.1" 200 7852 "https://spite.fr/?page=2" "Mozilla/5.0 (Macintosh; Intel Mac OS X 10_15_7) AppleWebKit/537.36 (KHTML, like Gecko) Chrome/129.0.0.0 Safari/537.36"
131.106.70.145 - - [16/Oct/2024:01:31:13 +0000] "GET /media/images/1000026900_OhgEpKW.jpg HTTP/1.1" 200 22429 "https://spite.fr/?page=3" "Mozilla/5.0 (Macintosh; Intel Mac OS X 10_15_7) AppleWebKit/537.36 (KHTML, like Gecko) Chrome/129.0.0.0 Safari/537.36"
131.106.70.145 - - [16/Oct/2024:01:31:13 +0000] "GET /media/images/1000026944.jpg HTTP/1.1" 200 256896 "https://spite.fr/?page=3" "Mozilla/5.0 (Macintosh; Intel Mac OS X 10_15_7) AppleWebKit/537.36 (KHTML, like Gecko) Chrome/129.0.0.0 Safari/537.36"
131.106.70.145 - - [16/Oct/2024:01:31:13 +0000] "GET /media/images/nicki.jpg HTTP/1.1" 200 2275445 "https://spite.fr/?page=3" "Mozilla/5.0 (Macintosh; Intel Mac OS X 10_15_7) AppleWebKit/537.36 (KHTML, like Gecko) Chrome/129.0.0.0 Safari/537.36"
131.106.70.145 - - [16/Oct/2024:01:31:13 +0000] "GET /media/images/1000026934.png HTTP/1.1" 200 1507264 "https://spite.fr/?page=3" "Mozilla/5.0 (Macintosh; Intel Mac OS X 10_15_7) AppleWebKit/537.36 (KHTML, like Gecko) Chrome/129.0.0.0 Safari/537.36"
131.106.70.145 - - [16/Oct/2024:01:31:13 +0000] "GET /media/images/43F5BC3F-35AC-4138-BF2E-2DFE6162C5A8.png HTTP/1.1" 200 243147 "https://spite.fr/?page=3" "Mozilla/5.0 (Macintosh; Intel Mac OS X 10_15_7) AppleWebKit/537.36 (KHTML, like Gecko) Chrome/129.0.0.0 Safari/537.36"
131.106.70.145 - - [16/Oct/2024:01:31:13 +0000] "GET /media/images/1000026930.jpg HTTP/1.1" 200 278074 "https://spite.fr/?page=3" "Mozilla/5.0 (Macintosh; Intel Mac OS X 10_15_7) AppleWebKit/537.36 (KHTML, like Gecko) Chrome/129.0.0.0 Safari/537.36"
31.94.8.170 - - [16/Oct/2024:01:31:17 +0000] "GET / HTTP/1.1" 200 8243 "https://spite.fr/post/new" "Mozilla/5.0 (iPhone; CPU iPhone OS 17_6_1 like Mac OS X) AppleWebKit/605.1.15 (KHTML, like Gecko) Mobile/21G93 Instagram 351.0.1.35.98 (iPhone11,8; iOS 17_6_1; en_GB; en-GB; scale=2.00; 828x1792; 647722782; IABMV/1)"
31.94.8.170 - - [16/Oct/2024:01:31:29 +0000] "GET /media/images/IMG_3964_mgoDl2k.jpeg HTTP/1.1" 200 3772753 "https://spite.fr/" "Mozilla/5.0 (iPhone; CPU iPhone OS 17_6_1 like Mac OS X) AppleWebKit/605.1.15 (KHTML, like Gecko) Mobile/21G93 Instagram 351.0.1.35.98 (iPhone11,8; iOS 17_6_1; en_GB; en-GB; scale=2.00; 828x1792; 647722782; IABMV/1)"
31.94.8.170 - - [16/Oct/2024:01:31:37 +0000] "GET /post/7210/ HTTP/1.1" 200 2011 "https://spite.fr/" "Mozilla/5.0 (iPhone; CPU iPhone OS 17_6_1 like Mac OS X) AppleWebKit/605.1.15 (KHTML, like Gecko) Mobile/21G93 Instagram 351.0.1.35.98 (iPhone11,8; iOS 17_6_1; en_GB; en-GB; scale=2.00; 828x1792; 647722782; IABMV/1)"
174.193.48.97 - - [16/Oct/2024:01:31:45 +0000] "GET /media/images/IMG_9801.jpeg HTTP/1.1" 304 0 "https://spite.fr/?page=126" "Mozilla/5.0 (iPhone; CPU iPhone OS 17_6_1 like Mac OS X) AppleWebKit/605.1.15 (KHTML, like Gecko) Version/17.6 Mobile/15E148 Safari/604.1"
174.193.48.97 - - [16/Oct/2024:01:31:48 +0000] "GET /media/images/IMG_9545.jpeg HTTP/1.1" 304 0 "https://spite.fr/?page=126" "Mozilla/5.0 (iPhone; CPU iPhone OS 17_6_1 like Mac OS X) AppleWebKit/605.1.15 (KHTML, like Gecko) Version/17.6 Mobile/15E148 Safari/604.1"
172.56.163.194 - - [16/Oct/2024:01:31:58 +0000] "POST /post/new HTTP/1.1" 302 0 "https://spite.fr/post/new" "Mozilla/5.0 (iPhone; CPU iPhone OS 17_6_1 like Mac OS X) AppleWebKit/605.1.15 (KHTML, like Gecko) Mobile/21G93 Instagram 351.0.1.35.98 (iPhone13,2; iOS 17_6_1; en_US; en; scale=3.00; 1170x2532; 647722782; IABMV/1)"
174.225.64.201 - - [16/Oct/2024:01:31:58 +0000] "GET /?fbclid=PAZXh0bgNhZW0CMTEAAaaR60xYUco8d2polNMx2M5I5AWZ-fU0n3w778LBPWRVSIOOUBjM1L4Ubg0_aem_ftusNY4JlDAW6vX_BnWEuA HTTP/1.1" 301 178 "https://l.instagram.com/" "Mozilla/5.0 (Linux; Android 14; SM-G991U Build/UP1A.231005.007; wv) AppleWebKit/537.36 (KHTML, like Gecko) Version/4.0 Chrome/129.0.6668.100 Mobile Safari/537.36 Instagram 352.1.0.41.100 Android (34/14; 480dpi; 1080x2176; samsung; SM-G991U; o1q; qcom; en_US; 650753877)"
174.225.64.201 - - [16/Oct/2024:01:32:18 +0000] "GET /?fbclid=PAZXh0bgNhZW0CMTEAAaaR60xYUco8d2polNMx2M5I5AWZ-fU0n3w778LBPWRVSIOOUBjM1L4Ubg0_aem_ftusNY4JlDAW6vX_BnWEuA HTTP/1.1" 499 0 "https://l.instagram.com/" "Mozilla/5.0 (Linux; Android 14; SM-G991U Build/UP1A.231005.007; wv) AppleWebKit/537.36 (KHTML, like Gecko) Version/4.0 Chrome/129.0.6668.100 Mobile Safari/537.36 Instagram 352.1.0.41.100 Android (34/14; 480dpi; 1080x2176; samsung; SM-G991U; o1q; qcom; en_US; 650753877)"
172.56.163.194 - - [16/Oct/2024:01:32:21 +0000] "GET / HTTP/1.1" 200 8744 "https://spite.fr/post/new" "Mozilla/5.0 (iPhone; CPU iPhone OS 17_6_1 like Mac OS X) AppleWebKit/605.1.15 (KHTML, like Gecko) Mobile/21G93 Instagram 351.0.1.35.98 (iPhone13,2; iOS 17_6_1; en_US; en; scale=3.00; 1170x2532; 647722782; IABMV/1)"
174.225.64.201 - - [16/Oct/2024:01:32:22 +0000] "GET /?fbclid=PAZXh0bgNhZW0CMTEAAaaR60xYUco8d2polNMx2M5I5AWZ-fU0n3w778LBPWRVSIOOUBjM1L4Ubg0_aem_ftusNY4JlDAW6vX_BnWEuA HTTP/1.1" 200 8743 "https://l.instagram.com/" "Mozilla/5.0 (Linux; Android 14; SM-G991U Build/UP1A.231005.007; wv) AppleWebKit/537.36 (KHTML, like Gecko) Version/4.0 Chrome/129.0.6668.100 Mobile Safari/537.36 Instagram 352.1.0.41.100 Android (34/14; 480dpi; 1080x2176; samsung; SM-G991U; o1q; qcom; en_US; 650753877)"
174.225.64.201 - - [16/Oct/2024:01:32:22 +0000] "GET /static/favicon.ico HTTP/1.1" 404 197 "https://spite.fr/?fbclid=PAZXh0bgNhZW0CMTEAAaaR60xYUco8d2polNMx2M5I5AWZ-fU0n3w778LBPWRVSIOOUBjM1L4Ubg0_aem_ftusNY4JlDAW6vX_BnWEuA" "Mozilla/5.0 (Linux; Android 14; SM-G991U Build/UP1A.231005.007; wv) AppleWebKit/537.36 (KHTML, like Gecko) Version/4.0 Chrome/129.0.6668.100 Mobile Safari/537.36 Instagram 352.1.0.41.100 Android (34/14; 480dpi; 1080x2176; samsung; SM-G991U; o1q; qcom; en_US; 650753877)"
174.225.64.201 - - [16/Oct/2024:01:32:23 +0000] "GET /media/images/IMG_3962.jpeg HTTP/1.1" 200 1545652 "https://spite.fr/?fbclid=PAZXh0bgNhZW0CMTEAAaaR60xYUco8d2polNMx2M5I5AWZ-fU0n3w778LBPWRVSIOOUBjM1L4Ubg0_aem_ftusNY4JlDAW6vX_BnWEuA" "Mozilla/5.0 (Linux; Android 14; SM-G991U Build/UP1A.231005.007; wv) AppleWebKit/537.36 (KHTML, like Gecko) Version/4.0 Chrome/129.0.6668.100 Mobile Safari/537.36 Instagram 352.1.0.41.100 Android (34/14; 480dpi; 1080x2176; samsung; SM-G991U; o1q; qcom; en_US; 650753877)"
174.225.64.201 - - [16/Oct/2024:01:32:23 +0000] "GET /media/images/IMG_3961.jpeg HTTP/1.1" 200 2701565 "https://spite.fr/?fbclid=PAZXh0bgNhZW0CMTEAAaaR60xYUco8d2polNMx2M5I5AWZ-fU0n3w778LBPWRVSIOOUBjM1L4Ubg0_aem_ftusNY4JlDAW6vX_BnWEuA" "Mozilla/5.0 (Linux; Android 14; SM-G991U Build/UP1A.231005.007; wv) AppleWebKit/537.36 (KHTML, like Gecko) Version/4.0 Chrome/129.0.6668.100 Mobile Safari/537.36 Instagram 352.1.0.41.100 Android (34/14; 480dpi; 1080x2176; samsung; SM-G991U; o1q; qcom; en_US; 650753877)"
174.225.64.201 - - [16/Oct/2024:01:32:24 +0000] "GET /media/images/IMG_3959.jpeg HTTP/1.1" 200 2093342 "https://spite.fr/?fbclid=PAZXh0bgNhZW0CMTEAAaaR60xYUco8d2polNMx2M5I5AWZ-fU0n3w778LBPWRVSIOOUBjM1L4Ubg0_aem_ftusNY4JlDAW6vX_BnWEuA" "Mozilla/5.0 (Linux; Android 14; SM-G991U Build/UP1A.231005.007; wv) AppleWebKit/537.36 (KHTML, like Gecko) Version/4.0 Chrome/129.0.6668.100 Mobile Safari/537.36 Instagram 352.1.0.41.100 Android (34/14; 480dpi; 1080x2176; samsung; SM-G991U; o1q; qcom; en_US; 650753877)"
174.225.64.201 - - [16/Oct/2024:01:32:24 +0000] "GET /media/images/IMG_3963.jpeg HTTP/1.1" 200 3598158 "https://spite.fr/?fbclid=PAZXh0bgNhZW0CMTEAAaaR60xYUco8d2polNMx2M5I5AWZ-fU0n3w778LBPWRVSIOOUBjM1L4Ubg0_aem_ftusNY4JlDAW6vX_BnWEuA" "Mozilla/5.0 (Linux; Android 14; SM-G991U Build/UP1A.231005.007; wv) AppleWebKit/537.36 (KHTML, like Gecko) Version/4.0 Chrome/129.0.6668.100 Mobile Safari/537.36 Instagram 352.1.0.41.100 Android (34/14; 480dpi; 1080x2176; samsung; SM-G991U; o1q; qcom; en_US; 650753877)"
174.225.64.201 - - [16/Oct/2024:01:32:25 +0000] "GET /media/images/IMG_2708_eO61LoK.jpeg HTTP/1.1" 200 6085067 "https://spite.fr/?fbclid=PAZXh0bgNhZW0CMTEAAaaR60xYUco8d2polNMx2M5I5AWZ-fU0n3w778LBPWRVSIOOUBjM1L4Ubg0_aem_ftusNY4JlDAW6vX_BnWEuA" "Mozilla/5.0 (Linux; Android 14; SM-G991U Build/UP1A.231005.007; wv) AppleWebKit/537.36 (KHTML, like Gecko) Version/4.0 Chrome/129.0.6668.100 Mobile Safari/537.36 Instagram 352.1.0.41.100 Android (34/14; 480dpi; 1080x2176; samsung; SM-G991U; o1q; qcom; en_US; 650753877)"
174.225.64.201 - - [16/Oct/2024:01:32:26 +0000] "GET /media/images/IMG_2708.jpeg HTTP/1.1" 200 6085067 "https://spite.fr/?fbclid=PAZXh0bgNhZW0CMTEAAaaR60xYUco8d2polNMx2M5I5AWZ-fU0n3w778LBPWRVSIOOUBjM1L4Ubg0_aem_ftusNY4JlDAW6vX_BnWEuA" "Mozilla/5.0 (Linux; Android 14; SM-G991U Build/UP1A.231005.007; wv) AppleWebKit/537.36 (KHTML, like Gecko) Version/4.0 Chrome/129.0.6668.100 Mobile Safari/537.36 Instagram 352.1.0.41.100 Android (34/14; 480dpi; 1080x2176; samsung; SM-G991U; o1q; qcom; en_US; 650753877)"
174.225.64.201 - - [16/Oct/2024:01:32:26 +0000] "GET /media/images/IMG_3964_mgoDl2k.jpeg HTTP/1.1" 200 3772753 "https://spite.fr/?fbclid=PAZXh0bgNhZW0CMTEAAaaR60xYUco8d2polNMx2M5I5AWZ-fU0n3w778LBPWRVSIOOUBjM1L4Ubg0_aem_ftusNY4JlDAW6vX_BnWEuA" "Mozilla/5.0 (Linux; Android 14; SM-G991U Build/UP1A.231005.007; wv) AppleWebKit/537.36 (KHTML, like Gecko) Version/4.0 Chrome/129.0.6668.100 Mobile Safari/537.36 Instagram 352.1.0.41.100 Android (34/14; 480dpi; 1080x2176; samsung; SM-G991U; o1q; qcom; en_US; 650753877)"
174.193.48.97 - - [16/Oct/2024:01:32:27 +0000] "GET /?page=127 HTTP/1.1" 200 7754 "https://spite.fr/?page=126" "Mozilla/5.0 (iPhone; CPU iPhone OS 17_6_1 like Mac OS X) AppleWebKit/605.1.15 (KHTML, like Gecko) Version/17.6 Mobile/15E148 Safari/604.1"
174.225.64.201 - - [16/Oct/2024:01:32:47 +0000] "GET /media/images/1000026953.png HTTP/1.1" 200 525965 "https://spite.fr/?fbclid=PAZXh0bgNhZW0CMTEAAaaR60xYUco8d2polNMx2M5I5AWZ-fU0n3w778LBPWRVSIOOUBjM1L4Ubg0_aem_ftusNY4JlDAW6vX_BnWEuA" "Mozilla/5.0 (Linux; Android 14; SM-G991U Build/UP1A.231005.007; wv) AppleWebKit/537.36 (KHTML, like Gecko) Version/4.0 Chrome/129.0.6668.100 Mobile Safari/537.36 Instagram 352.1.0.41.100 Android (34/14; 480dpi; 1080x2176; samsung; SM-G991U; o1q; qcom; en_US; 650753877)"
131.106.70.145 - - [16/Oct/2024:01:32:59 +0000] "GET / HTTP/1.1" 200 8744 "https://spite.fr/?page=3" "Mozilla/5.0 (Macintosh; Intel Mac OS X 10_15_7) AppleWebKit/537.36 (KHTML, like Gecko) Chrome/129.0.0.0 Safari/537.36"
131.106.70.145 - - [16/Oct/2024:01:33:05 +0000] "GET / HTTP/1.1" 200 8744 "-" "WhatsApp/2.23.20.0"
68.199.232.152 - - [16/Oct/2024:01:33:21 +0000] "GET / HTTP/1.1" 200 8744 "-" "Mozilla/5.0 (iPhone; CPU iPhone OS 17_6_1 like Mac OS X) AppleWebKit/605.1.15 (KHTML, like Gecko) Version/17.6 Mobile/15E148 Safari/604.1"
68.199.232.152 - - [16/Oct/2024:01:33:21 +0000] "GET /static/css/styles.css HTTP/1.1" 200 7777 "https://spite.fr/" "Mozilla/5.0 (iPhone; CPU iPhone OS 17_6_1 like Mac OS X) AppleWebKit/605.1.15 (KHTML, like Gecko) Version/17.6 Mobile/15E148 Safari/604.1"
68.199.232.152 - - [16/Oct/2024:01:33:21 +0000] "GET /static/js/load_more.js HTTP/1.1" 200 1287 "https://spite.fr/" "Mozilla/5.0 (iPhone; CPU iPhone OS 17_6_1 like Mac OS X) AppleWebKit/605.1.15 (KHTML, like Gecko) Version/17.6 Mobile/15E148 Safari/604.1"
68.199.232.152 - - [16/Oct/2024:01:33:21 +0000] "GET /static/media/spite-logo.png HTTP/1.1" 200 19027 "https://spite.fr/" "Mozilla/5.0 (iPhone; CPU iPhone OS 17_6_1 like Mac OS X) AppleWebKit/605.1.15 (KHTML, like Gecko) Version/17.6 Mobile/15E148 Safari/604.1"
68.199.232.152 - - [16/Oct/2024:01:33:21 +0000] "GET /static/media/anon.jpg HTTP/1.1" 200 9983 "https://spite.fr/" "Mozilla/5.0 (iPhone; CPU iPhone OS 17_6_1 like Mac OS X) AppleWebKit/605.1.15 (KHTML, like Gecko) Version/17.6 Mobile/15E148 Safari/604.1"
68.199.232.152 - - [16/Oct/2024:01:33:21 +0000] "GET /static/favicon.ico HTTP/1.1" 404 134 "https://spite.fr/" "Mozilla/5.0 (iPhone; CPU iPhone OS 17_6_1 like Mac OS X) AppleWebKit/605.1.15 (KHTML, like Gecko) Version/17.6 Mobile/15E148 Safari/604.1"
68.199.232.152 - - [16/Oct/2024:01:33:21 +0000] "GET /media/images/IMG_3923.jpeg HTTP/1.1" 200 685441 "https://spite.fr/" "Mozilla/5.0 (iPhone; CPU iPhone OS 17_6_1 like Mac OS X) AppleWebKit/605.1.15 (KHTML, like Gecko) Version/17.6 Mobile/15E148 Safari/604.1"
68.199.232.152 - - [16/Oct/2024:01:33:21 +0000] "GET /static/media/spitemagazine.gif HTTP/1.1" 200 849136 "https://spite.fr/" "Mozilla/5.0 (iPhone; CPU iPhone OS 17_6_1 like Mac OS X) AppleWebKit/605.1.15 (KHTML, like Gecko) Version/17.6 Mobile/15E148 Safari/604.1"
68.199.232.152 - - [16/Oct/2024:01:33:33 +0000] "GET /media/images/IMG_3964_mgoDl2k.jpeg HTTP/1.1" 200 3772753 "https://spite.fr/" "Mozilla/5.0 (iPhone; CPU iPhone OS 17_6_1 like Mac OS X) AppleWebKit/605.1.15 (KHTML, like Gecko) Version/17.6 Mobile/15E148 Safari/604.1"
131.106.70.145 - - [16/Oct/2024:01:33:35 +0000] "GET /search/?csrfmiddlewaretoken=8oQLey8RKJg8BsOFINqBiawbTWXmvwOIcPNVFiKQb9kkCD1mhfljwBxx258D4nNj&query=gasda HTTP/1.1" 200 16606 "https://spite.fr/" "Mozilla/5.0 (Macintosh; Intel Mac OS X 10_15_7) AppleWebKit/537.36 (KHTML, like Gecko) Chrome/129.0.0.0 Safari/537.36"
131.106.70.145 - - [16/Oct/2024:01:33:36 +0000] "GET /media/images/inbound2028146463607133133.jpg HTTP/1.1" 200 4712047 "https://spite.fr/search/?csrfmiddlewaretoken=8oQLey8RKJg8BsOFINqBiawbTWXmvwOIcPNVFiKQb9kkCD1mhfljwBxx258D4nNj&query=gasda" "Mozilla/5.0 (Macintosh; Intel Mac OS X 10_15_7) AppleWebKit/537.36 (KHTML, like Gecko) Chrome/129.0.0.0 Safari/537.36"
131.106.70.145 - - [16/Oct/2024:01:33:36 +0000] "GET /media/images/inbound2028146463607133133_Xw43A3e.jpg HTTP/1.1" 200 4712047 "https://spite.fr/search/?csrfmiddlewaretoken=8oQLey8RKJg8BsOFINqBiawbTWXmvwOIcPNVFiKQb9kkCD1mhfljwBxx258D4nNj&query=gasda" "Mozilla/5.0 (Macintosh; Intel Mac OS X 10_15_7) AppleWebKit/537.36 (KHTML, like Gecko) Chrome/129.0.0.0 Safari/537.36"
68.199.232.152 - - [16/Oct/2024:01:33:37 +0000] "GET /media/images/IMG_3963.jpeg HTTP/1.1" 200 3598158 "https://spite.fr/" "Mozilla/5.0 (iPhone; CPU iPhone OS 17_6_1 like Mac OS X) AppleWebKit/605.1.15 (KHTML, like Gecko) Version/17.6 Mobile/15E148 Safari/604.1"
68.199.232.152 - - [16/Oct/2024:01:33:38 +0000] "GET /media/images/IMG_3962.jpeg HTTP/1.1" 200 1545652 "https://spite.fr/" "Mozilla/5.0 (iPhone; CPU iPhone OS 17_6_1 like Mac OS X) AppleWebKit/605.1.15 (KHTML, like Gecko) Version/17.6 Mobile/15E148 Safari/604.1"
68.199.232.152 - - [16/Oct/2024:01:33:40 +0000] "GET /media/images/IMG_3961.jpeg HTTP/1.1" 200 2701565 "https://spite.fr/" "Mozilla/5.0 (iPhone; CPU iPhone OS 17_6_1 like Mac OS X) AppleWebKit/605.1.15 (KHTML, like Gecko) Version/17.6 Mobile/15E148 Safari/604.1"
68.199.232.152 - - [16/Oct/2024:01:33:40 +0000] "GET /media/images/IMG_3959.jpeg HTTP/1.1" 200 2093342 "https://spite.fr/" "Mozilla/5.0 (iPhone; CPU iPhone OS 17_6_1 like Mac OS X) AppleWebKit/605.1.15 (KHTML, like Gecko) Version/17.6 Mobile/15E148 Safari/604.1"
68.199.232.152 - - [16/Oct/2024:01:33:42 +0000] "GET /media/images/IMG_2708_eO61LoK.jpeg HTTP/1.1" 200 6085067 "https://spite.fr/" "Mozilla/5.0 (iPhone; CPU iPhone OS 17_6_1 like Mac OS X) AppleWebKit/605.1.15 (KHTML, like Gecko) Version/17.6 Mobile/15E148 Safari/604.1"
68.199.232.152 - - [16/Oct/2024:01:33:44 +0000] "GET /media/images/1000026953.png HTTP/1.1" 200 525965 "https://spite.fr/" "Mozilla/5.0 (iPhone; CPU iPhone OS 17_6_1 like Mac OS X) AppleWebKit/605.1.15 (KHTML, like Gecko) Version/17.6 Mobile/15E148 Safari/604.1"
68.199.232.152 - - [16/Oct/2024:01:33:44 +0000] "GET /media/images/IMG_2708.jpeg HTTP/1.1" 200 6085067 "https://spite.fr/" "Mozilla/5.0 (iPhone; CPU iPhone OS 17_6_1 like Mac OS X) AppleWebKit/605.1.15 (KHTML, like Gecko) Version/17.6 Mobile/15E148 Safari/604.1"
131.106.70.145 - - [16/Oct/2024:01:34:00 +0000] "GET /search/?csrfmiddlewaretoken=FPSrybAVvl42piecW601ETG5XsJfNsTQ3ytxrgAYOS2uwYCyJqQtJwa7IAokKArr&query=vack HTTP/1.1" 200 54700 "https://spite.fr/search/?csrfmiddlewaretoken=8oQLey8RKJg8BsOFINqBiawbTWXmvwOIcPNVFiKQb9kkCD1mhfljwBxx258D4nNj&query=gasda" "Mozilla/5.0 (Macintosh; Intel Mac OS X 10_15_7) AppleWebKit/537.36 (KHTML, like Gecko) Chrome/129.0.0.0 Safari/537.36"
131.106.70.145 - - [16/Oct/2024:01:34:01 +0000] "GET /media/images/74590478511__1AB3EE2D-06A4-47AF-BB97-EEABDD6BD79D.jpeg HTTP/1.1" 200 2212377 "https://spite.fr/search/?csrfmiddlewaretoken=FPSrybAVvl42piecW601ETG5XsJfNsTQ3ytxrgAYOS2uwYCyJqQtJwa7IAokKArr&query=vack" "Mozilla/5.0 (Macintosh; Intel Mac OS X 10_15_7) AppleWebKit/537.36 (KHTML, like Gecko) Chrome/129.0.0.0 Safari/537.36"
174.193.48.97 - - [16/Oct/2024:01:34:18 +0000] "GET /media/images/IMG_9544.jpeg HTTP/1.1" 304 0 "https://spite.fr/?page=127" "Mozilla/5.0 (iPhone; CPU iPhone OS 17_6_1 like Mac OS X) AppleWebKit/605.1.15 (KHTML, like Gecko) Version/17.6 Mobile/15E148 Safari/604.1"
174.193.48.97 - - [16/Oct/2024:01:34:18 +0000] "GET /media/images/0A374585-0F58-4222-9F64-D88B8C8EFCF5.jpeg HTTP/1.1" 200 361727 "https://spite.fr/?page=127" "Mozilla/5.0 (iPhone; CPU iPhone OS 17_6_1 like Mac OS X) AppleWebKit/605.1.15 (KHTML, like Gecko) Version/17.6 Mobile/15E148 Safari/604.1"
131.106.70.145 - - [16/Oct/2024:01:34:37 +0000] "GET /media/images/fe978da8-e0ed-4e90-b56f-f88fdb399eec.jpeg HTTP/1.1" 200 9342 "https://spite.fr/search/?csrfmiddlewaretoken=FPSrybAVvl42piecW601ETG5XsJfNsTQ3ytxrgAYOS2uwYCyJqQtJwa7IAokKArr&query=vack" "Mozilla/5.0 (Macintosh; Intel Mac OS X 10_15_7) AppleWebKit/537.36 (KHTML, like Gecko) Chrome/129.0.0.0 Safari/537.36"
174.193.48.97 - - [16/Oct/2024:01:34:39 +0000] "GET /media/images/IMG_9543.jpeg HTTP/1.1" 200 35321 "https://spite.fr/?page=127" "Mozilla/5.0 (iPhone; CPU iPhone OS 17_6_1 like Mac OS X) AppleWebKit/605.1.15 (KHTML, like Gecko) Version/17.6 Mobile/15E148 Safari/604.1"
174.193.48.97 - - [16/Oct/2024:01:34:43 +0000] "GET /media/images/IMG_9375.jpeg HTTP/1.1" 200 1689093 "https://spite.fr/?page=127" "Mozilla/5.0 (iPhone; CPU iPhone OS 17_6_1 like Mac OS X) AppleWebKit/605.1.15 (KHTML, like Gecko) Version/17.6 Mobile/15E148 Safari/604.1"
131.106.70.145 - - [16/Oct/2024:01:34:48 +0000] "GET /media/images/IMG_1226.jpeg HTTP/1.1" 200 45987 "https://spite.fr/search/?csrfmiddlewaretoken=FPSrybAVvl42piecW601ETG5XsJfNsTQ3ytxrgAYOS2uwYCyJqQtJwa7IAokKArr&query=vack" "Mozilla/5.0 (Macintosh; Intel Mac OS X 10_15_7) AppleWebKit/537.36 (KHTML, like Gecko) Chrome/129.0.0.0 Safari/537.36"
131.106.70.145 - - [16/Oct/2024:01:34:56 +0000] "GET /media/images/1000041598.jpg HTTP/1.1" 200 17607 "https://spite.fr/search/?csrfmiddlewaretoken=FPSrybAVvl42piecW601ETG5XsJfNsTQ3ytxrgAYOS2uwYCyJqQtJwa7IAokKArr&query=vack" "Mozilla/5.0 (Macintosh; Intel Mac OS X 10_15_7) AppleWebKit/537.36 (KHTML, like Gecko) Chrome/129.0.0.0 Safari/537.36"
131.106.70.145 - - [16/Oct/2024:01:35:06 +0000] "GET /media/images/IMG_2444.jpeg HTTP/1.1" 200 1261205 "https://spite.fr/search/?csrfmiddlewaretoken=FPSrybAVvl42piecW601ETG5XsJfNsTQ3ytxrgAYOS2uwYCyJqQtJwa7IAokKArr&query=vack" "Mozilla/5.0 (Macintosh; Intel Mac OS X 10_15_7) AppleWebKit/537.36 (KHTML, like Gecko) Chrome/129.0.0.0 Safari/537.36"
174.193.48.97 - - [16/Oct/2024:01:35:18 +0000] "GET /?page=128 HTTP/1.1" 200 8295 "https://spite.fr/?page=127" "Mozilla/5.0 (iPhone; CPU iPhone OS 17_6_1 like Mac OS X) AppleWebKit/605.1.15 (KHTML, like Gecko) Version/17.6 Mobile/15E148 Safari/604.1"
131.106.70.145 - - [16/Oct/2024:01:35:21 +0000] "GET /media/images/IMG_1737.webp HTTP/1.1" 200 273966 "https://spite.fr/search/?csrfmiddlewaretoken=FPSrybAVvl42piecW601ETG5XsJfNsTQ3ytxrgAYOS2uwYCyJqQtJwa7IAokKArr&query=vack" "Mozilla/5.0 (Macintosh; Intel Mac OS X 10_15_7) AppleWebKit/537.36 (KHTML, like Gecko) Chrome/129.0.0.0 Safari/537.36"
174.193.48.97 - - [16/Oct/2024:01:35:23 +0000] "GET /media/images/apifqcj0r__87819.jpg HTTP/1.1" 200 154287 "https://spite.fr/?page=128" "Mozilla/5.0 (iPhone; CPU iPhone OS 17_6_1 like Mac OS X) AppleWebKit/605.1.15 (KHTML, like Gecko) Version/17.6 Mobile/15E148 Safari/604.1"
107.122.189.63 - - [16/Oct/2024:01:35:27 +0000] "GET /?fbclid=PAZXh0bgNhZW0CMTEAAaZjAR2FI1qi01QNow0IazWAE1gUcOoJ5-Zxwf_gWwqlHWyiQRySvCq3MtU_aem_SDLurkuT7pWIafgj9hFYXw HTTP/1.1" 301 178 "https://l.instagram.com/" "Mozilla/5.0 (iPhone; CPU iPhone OS 16_6 like Mac OS X) AppleWebKit/605.1.15 (KHTML, like Gecko) Mobile/20G75 Instagram 348.0.4.31.86 (iPhone13,1; iOS 16_6; en_US; en-US; scale=3.00; 1125x2436; 639518546; IABMV/1)"
174.193.48.97 - - [16/Oct/2024:01:35:27 +0000] "GET /media/images/IMG_1737_LKZHGy2.webp HTTP/1.1" 200 273966 "https://spite.fr/?page=128" "Mozilla/5.0 (iPhone; CPU iPhone OS 17_6_1 like Mac OS X) AppleWebKit/605.1.15 (KHTML, like Gecko) Version/17.6 Mobile/15E148 Safari/604.1"
47.230.201.163 - - [16/Oct/2024:01:35:30 +0000] "GET /?fbclid=PAZXh0bgNhZW0CMTEAAaZjAR2FI1qi01QNow0IazWAE1gUcOoJ5-Zxwf_gWwqlHWyiQRySvCq3MtU_aem_SDLurkuT7pWIafgj9hFYXw HTTP/1.1" 200 8741 "https://l.instagram.com/" "Mozilla/5.0 (iPhone; CPU iPhone OS 16_6 like Mac OS X) AppleWebKit/605.1.15 (KHTML, like Gecko) Mobile/20G75 Instagram 348.0.4.31.86 (iPhone13,1; iOS 16_6; en_US; en-US; scale=3.00; 1125x2436; 639518546; IABMV/1)"
47.230.201.163 - - [16/Oct/2024:01:35:30 +0000] "GET /static/css/styles.css HTTP/1.1" 200 7777 "https://spite.fr/?fbclid=PAZXh0bgNhZW0CMTEAAaZjAR2FI1qi01QNow0IazWAE1gUcOoJ5-Zxwf_gWwqlHWyiQRySvCq3MtU_aem_SDLurkuT7pWIafgj9hFYXw" "Mozilla/5.0 (iPhone; CPU iPhone OS 16_6 like Mac OS X) AppleWebKit/605.1.15 (KHTML, like Gecko) Mobile/20G75 Instagram 348.0.4.31.86 (iPhone13,1; iOS 16_6; en_US; en-US; scale=3.00; 1125x2436; 639518546; IABMV/1)"
47.230.201.163 - - [16/Oct/2024:01:35:31 +0000] "GET /static/js/load_more.js HTTP/1.1" 200 1287 "https://spite.fr/?fbclid=PAZXh0bgNhZW0CMTEAAaZjAR2FI1qi01QNow0IazWAE1gUcOoJ5-Zxwf_gWwqlHWyiQRySvCq3MtU_aem_SDLurkuT7pWIafgj9hFYXw" "Mozilla/5.0 (iPhone; CPU iPhone OS 16_6 like Mac OS X) AppleWebKit/605.1.15 (KHTML, like Gecko) Mobile/20G75 Instagram 348.0.4.31.86 (iPhone13,1; iOS 16_6; en_US; en-US; scale=3.00; 1125x2436; 639518546; IABMV/1)"
47.230.201.163 - - [16/Oct/2024:01:35:32 +0000] "GET /static/media/spite-logo.png HTTP/1.1" 200 19027 "https://spite.fr/?fbclid=PAZXh0bgNhZW0CMTEAAaZjAR2FI1qi01QNow0IazWAE1gUcOoJ5-Zxwf_gWwqlHWyiQRySvCq3MtU_aem_SDLurkuT7pWIafgj9hFYXw" "Mozilla/5.0 (iPhone; CPU iPhone OS 16_6 like Mac OS X) AppleWebKit/605.1.15 (KHTML, like Gecko) Mobile/20G75 Instagram 348.0.4.31.86 (iPhone13,1; iOS 16_6; en_US; en-US; scale=3.00; 1125x2436; 639518546; IABMV/1)"
47.230.201.163 - - [16/Oct/2024:01:35:32 +0000] "GET /static/media/anon.jpg HTTP/1.1" 200 9983 "https://spite.fr/?fbclid=PAZXh0bgNhZW0CMTEAAaZjAR2FI1qi01QNow0IazWAE1gUcOoJ5-Zxwf_gWwqlHWyiQRySvCq3MtU_aem_SDLurkuT7pWIafgj9hFYXw" "Mozilla/5.0 (iPhone; CPU iPhone OS 16_6 like Mac OS X) AppleWebKit/605.1.15 (KHTML, like Gecko) Mobile/20G75 Instagram 348.0.4.31.86 (iPhone13,1; iOS 16_6; en_US; en-US; scale=3.00; 1125x2436; 639518546; IABMV/1)"
174.193.48.97 - - [16/Oct/2024:01:35:35 +0000] "GET /?page=129 HTTP/1.1" 200 10438 "https://spite.fr/?page=128" "Mozilla/5.0 (iPhone; CPU iPhone OS 17_6_1 like Mac OS X) AppleWebKit/605.1.15 (KHTML, like Gecko) Version/17.6 Mobile/15E148 Safari/604.1"
174.193.48.97 - - [16/Oct/2024:01:35:36 +0000] "GET /media/images/2E75D04C-FF93-4647-AE24-25797C6D6A58.jpeg HTTP/1.1" 200 378805 "https://spite.fr/?page=129" "Mozilla/5.0 (iPhone; CPU iPhone OS 17_6_1 like Mac OS X) AppleWebKit/605.1.15 (KHTML, like Gecko) Version/17.6 Mobile/15E148 Safari/604.1"
174.193.48.97 - - [16/Oct/2024:01:35:39 +0000] "GET /media/images/IMG_1737.webp HTTP/1.1" 304 0 "https://spite.fr/?page=129" "Mozilla/5.0 (iPhone; CPU iPhone OS 17_6_1 like Mac OS X) AppleWebKit/605.1.15 (KHTML, like Gecko) Version/17.6 Mobile/15E148 Safari/604.1"
174.109.131.12 - - [16/Oct/2024:01:35:43 +0000] "GET / HTTP/1.1" 200 8744 "-" "Mozilla/5.0 (iPhone; CPU iPhone OS 17_6_1 like Mac OS X) AppleWebKit/605.1.15 (KHTML, like Gecko) Version/17.6 Mobile/15E148 Safari/604.1"
131.106.70.145 - - [16/Oct/2024:01:35:44 +0000] "GET /media/images/1000026900_pHcgKgO.jpg HTTP/1.1" 200 22429 "https://spite.fr/search/?csrfmiddlewaretoken=FPSrybAVvl42piecW601ETG5XsJfNsTQ3ytxrgAYOS2uwYCyJqQtJwa7IAokKArr&query=vack" "Mozilla/5.0 (Macintosh; Intel Mac OS X 10_15_7) AppleWebKit/537.36 (KHTML, like Gecko) Chrome/129.0.0.0 Safari/537.36"
47.230.201.163 - - [16/Oct/2024:01:35:53 +0000] "GET /media/images/IMG_3923.jpeg HTTP/1.1" 200 685441 "https://spite.fr/?fbclid=PAZXh0bgNhZW0CMTEAAaZjAR2FI1qi01QNow0IazWAE1gUcOoJ5-Zxwf_gWwqlHWyiQRySvCq3MtU_aem_SDLurkuT7pWIafgj9hFYXw" "Mozilla/5.0 (iPhone; CPU iPhone OS 16_6 like Mac OS X) AppleWebKit/605.1.15 (KHTML, like Gecko) Mobile/20G75 Instagram 348.0.4.31.86 (iPhone13,1; iOS 16_6; en_US; en-US; scale=3.00; 1125x2436; 639518546; IABMV/1)"
47.230.201.163 - - [16/Oct/2024:01:35:54 +0000] "GET /static/media/spitemagazine.gif HTTP/1.1" 200 849136 "https://spite.fr/?fbclid=PAZXh0bgNhZW0CMTEAAaZjAR2FI1qi01QNow0IazWAE1gUcOoJ5-Zxwf_gWwqlHWyiQRySvCq3MtU_aem_SDLurkuT7pWIafgj9hFYXw" "Mozilla/5.0 (iPhone; CPU iPhone OS 16_6 like Mac OS X) AppleWebKit/605.1.15 (KHTML, like Gecko) Mobile/20G75 Instagram 348.0.4.31.86 (iPhone13,1; iOS 16_6; en_US; en-US; scale=3.00; 1125x2436; 639518546; IABMV/1)"
174.109.131.12 - - [16/Oct/2024:01:35:55 +0000] "GET /media/images/IMG_3964_mgoDl2k.jpeg HTTP/1.1" 304 0 "https://spite.fr/" "Mozilla/5.0 (iPhone; CPU iPhone OS 17_6_1 like Mac OS X) AppleWebKit/605.1.15 (KHTML, like Gecko) Version/17.6 Mobile/15E148 Safari/604.1"
131.106.70.145 - - [16/Oct/2024:01:35:57 +0000] "GET /media/images/Screenshot_2024-10-15_at_7.23.40AM.png HTTP/1.1" 200 474247 "https://spite.fr/search/?csrfmiddlewaretoken=FPSrybAVvl42piecW601ETG5XsJfNsTQ3ytxrgAYOS2uwYCyJqQtJwa7IAokKArr&query=vack" "Mozilla/5.0 (Macintosh; Intel Mac OS X 10_15_7) AppleWebKit/537.36 (KHTML, like Gecko) Chrome/129.0.0.0 Safari/537.36"
174.193.48.97 - - [16/Oct/2024:01:36:02 +0000] "GET /?page=130 HTTP/1.1" 200 10012 "https://spite.fr/?page=129" "Mozilla/5.0 (iPhone; CPU iPhone OS 17_6_1 like Mac OS X) AppleWebKit/605.1.15 (KHTML, like Gecko) Version/17.6 Mobile/15E148 Safari/604.1"
131.106.70.145 - - [16/Oct/2024:01:36:03 +0000] "GET /media/images/Screenshot_2024-10-15_at_10.16.04.png HTTP/1.1" 200 119066 "https://spite.fr/search/?csrfmiddlewaretoken=FPSrybAVvl42piecW601ETG5XsJfNsTQ3ytxrgAYOS2uwYCyJqQtJwa7IAokKArr&query=vack" "Mozilla/5.0 (Macintosh; Intel Mac OS X 10_15_7) AppleWebKit/537.36 (KHTML, like Gecko) Chrome/129.0.0.0 Safari/537.36"
174.193.48.97 - - [16/Oct/2024:01:36:04 +0000] "GET /media/images/A6EBEEEB-C3A1-46B0-A6C7-892C3162B521_T1KwMg1.webp HTTP/1.1" 304 0 "https://spite.fr/?page=130" "Mozilla/5.0 (iPhone; CPU iPhone OS 17_6_1 like Mac OS X) AppleWebKit/605.1.15 (KHTML, like Gecko) Version/17.6 Mobile/15E148 Safari/604.1"
131.106.70.145 - - [16/Oct/2024:01:36:04 +0000] "GET /media/images/Screenshot_20241014-133909.png HTTP/1.1" 200 856743 "https://spite.fr/search/?csrfmiddlewaretoken=FPSrybAVvl42piecW601ETG5XsJfNsTQ3ytxrgAYOS2uwYCyJqQtJwa7IAokKArr&query=vack" "Mozilla/5.0 (Macintosh; Intel Mac OS X 10_15_7) AppleWebKit/537.36 (KHTML, like Gecko) Chrome/129.0.0.0 Safari/537.36"
131.106.70.145 - - [16/Oct/2024:01:36:04 +0000] "GET /media/images/Polish_20241014_135352781.png HTTP/1.1" 200 843747 "https://spite.fr/search/?csrfmiddlewaretoken=FPSrybAVvl42piecW601ETG5XsJfNsTQ3ytxrgAYOS2uwYCyJqQtJwa7IAokKArr&query=vack" "Mozilla/5.0 (Macintosh; Intel Mac OS X 10_15_7) AppleWebKit/537.36 (KHTML, like Gecko) Chrome/129.0.0.0 Safari/537.36"
131.106.70.145 - - [16/Oct/2024:01:36:04 +0000] "GET /media/images/Screenshot_2024-10-14_at_5.55.28AM.png HTTP/1.1" 200 496217 "https://spite.fr/search/?csrfmiddlewaretoken=FPSrybAVvl42piecW601ETG5XsJfNsTQ3ytxrgAYOS2uwYCyJqQtJwa7IAokKArr&query=vack" "Mozilla/5.0 (Macintosh; Intel Mac OS X 10_15_7) AppleWebKit/537.36 (KHTML, like Gecko) Chrome/129.0.0.0 Safari/537.36"
131.106.70.145 - - [16/Oct/2024:01:36:05 +0000] "GET /media/images/IMG_9592.png HTTP/1.1" 200 3018030 "https://spite.fr/search/?csrfmiddlewaretoken=FPSrybAVvl42piecW601ETG5XsJfNsTQ3ytxrgAYOS2uwYCyJqQtJwa7IAokKArr&query=vack" "Mozilla/5.0 (Macintosh; Intel Mac OS X 10_15_7) AppleWebKit/537.36 (KHTML, like Gecko) Chrome/129.0.0.0 Safari/537.36"
131.106.70.145 - - [16/Oct/2024:01:36:05 +0000] "GET /media/images/IMG_1737_SrXweUm.webp HTTP/1.1" 200 273966 "https://spite.fr/search/?csrfmiddlewaretoken=FPSrybAVvl42piecW601ETG5XsJfNsTQ3ytxrgAYOS2uwYCyJqQtJwa7IAokKArr&query=vack" "Mozilla/5.0 (Macintosh; Intel Mac OS X 10_15_7) AppleWebKit/537.36 (KHTML, like Gecko) Chrome/129.0.0.0 Safari/537.36"
47.230.201.163 - - [16/Oct/2024:01:36:06 +0000] "GET /media/images/IMG_3964_mgoDl2k.jpeg HTTP/1.1" 200 1916673 "https://spite.fr/?fbclid=PAZXh0bgNhZW0CMTEAAaZjAR2FI1qi01QNow0IazWAE1gUcOoJ5-Zxwf_gWwqlHWyiQRySvCq3MtU_aem_SDLurkuT7pWIafgj9hFYXw" "Mozilla/5.0 (iPhone; CPU iPhone OS 16_6 like Mac OS X) AppleWebKit/605.1.15 (KHTML, like Gecko) Mobile/20G75 Instagram 348.0.4.31.86 (iPhone13,1; iOS 16_6; en_US; en-US; scale=3.00; 1125x2436; 639518546; IABMV/1)"
174.193.48.97 - - [16/Oct/2024:01:36:08 +0000] "GET /media/images/IMG_9542.png HTTP/1.1" 304 0 "https://spite.fr/?page=130" "Mozilla/5.0 (iPhone; CPU iPhone OS 17_6_1 like Mac OS X) AppleWebKit/605.1.15 (KHTML, like Gecko) Version/17.6 Mobile/15E148 Safari/604.1"
174.193.48.97 - - [16/Oct/2024:01:36:10 +0000] "GET /media/images/IMG_1735.jpeg HTTP/1.1" 304 0 "https://spite.fr/?page=130" "Mozilla/5.0 (iPhone; CPU iPhone OS 17_6_1 like Mac OS X) AppleWebKit/605.1.15 (KHTML, like Gecko) Version/17.6 Mobile/15E148 Safari/604.1"
174.193.48.97 - - [16/Oct/2024:01:36:14 +0000] "GET /media/images/IMG_1733.png HTTP/1.1" 304 0 "https://spite.fr/?page=130" "Mozilla/5.0 (iPhone; CPU iPhone OS 17_6_1 like Mac OS X) AppleWebKit/605.1.15 (KHTML, like Gecko) Version/17.6 Mobile/15E148 Safari/604.1"
174.193.48.97 - - [16/Oct/2024:01:36:17 +0000] "GET /media/images/IMG_9540.jpeg HTTP/1.1" 304 0 "https://spite.fr/?page=130" "Mozilla/5.0 (iPhone; CPU iPhone OS 17_6_1 like Mac OS X) AppleWebKit/605.1.15 (KHTML, like Gecko) Version/17.6 Mobile/15E148 Safari/604.1"
131.106.70.145 - - [16/Oct/2024:01:36:17 +0000] "GET /search/?csrfmiddlewaretoken=om6hvb8Qkfbg2zaUDKFVe11y5YcmAjFhM5Hnog8TDM9I9fygq4vnjEvAQ6RrxrdS&query=cassidy HTTP/1.1" 200 14068 "https://spite.fr/search/?csrfmiddlewaretoken=FPSrybAVvl42piecW601ETG5XsJfNsTQ3ytxrgAYOS2uwYCyJqQtJwa7IAokKArr&query=vack" "Mozilla/5.0 (Macintosh; Intel Mac OS X 10_15_7) AppleWebKit/537.36 (KHTML, like Gecko) Chrome/129.0.0.0 Safari/537.36"
174.193.48.97 - - [16/Oct/2024:01:36:28 +0000] "GET /media/images/kas_facts.PNG HTTP/1.1" 304 0 "https://spite.fr/?page=130" "Mozilla/5.0 (iPhone; CPU iPhone OS 17_6_1 like Mac OS X) AppleWebKit/605.1.15 (KHTML, like Gecko) Version/17.6 Mobile/15E148 Safari/604.1"
47.230.201.163 - - [16/Oct/2024:01:36:38 +0000] "GET /media/images/IMG_3963.jpeg HTTP/1.1" 200 3598158 "https://spite.fr/?fbclid=PAZXh0bgNhZW0CMTEAAaZjAR2FI1qi01QNow0IazWAE1gUcOoJ5-Zxwf_gWwqlHWyiQRySvCq3MtU_aem_SDLurkuT7pWIafgj9hFYXw" "Mozilla/5.0 (iPhone; CPU iPhone OS 16_6 like Mac OS X) AppleWebKit/605.1.15 (KHTML, like Gecko) Mobile/20G75 Instagram 348.0.4.31.86 (iPhone13,1; iOS 16_6; en_US; en-US; scale=3.00; 1125x2436; 639518546; IABMV/1)"
47.230.201.163 - - [16/Oct/2024:01:36:44 +0000] "GET /media/images/IMG_3962.jpeg HTTP/1.1" 200 1545652 "https://spite.fr/?fbclid=PAZXh0bgNhZW0CMTEAAaZjAR2FI1qi01QNow0IazWAE1gUcOoJ5-Zxwf_gWwqlHWyiQRySvCq3MtU_aem_SDLurkuT7pWIafgj9hFYXw" "Mozilla/5.0 (iPhone; CPU iPhone OS 16_6 like Mac OS X) AppleWebKit/605.1.15 (KHTML, like Gecko) Mobile/20G75 Instagram 348.0.4.31.86 (iPhone13,1; iOS 16_6; en_US; en-US; scale=3.00; 1125x2436; 639518546; IABMV/1)"
174.193.48.97 - - [16/Oct/2024:01:36:45 +0000] "GET /media/images/CD1B2C15-28BB-413C-B237-DE591E3E4D2E_iBZXcVg.jpeg HTTP/1.1" 304 0 "https://spite.fr/?page=130" "Mozilla/5.0 (iPhone; CPU iPhone OS 17_6_1 like Mac OS X) AppleWebKit/605.1.15 (KHTML, like Gecko) Version/17.6 Mobile/15E148 Safari/604.1"
174.193.48.97 - - [16/Oct/2024:01:37:02 +0000] "GET /?page=131 HTTP/1.1" 200 11316 "https://spite.fr/?page=130" "Mozilla/5.0 (iPhone; CPU iPhone OS 17_6_1 like Mac OS X) AppleWebKit/605.1.15 (KHTML, like Gecko) Version/17.6 Mobile/15E148 Safari/604.1"
174.193.48.97 - - [16/Oct/2024:01:37:04 +0000] "GET /media/images/CD1B2C15-28BB-413C-B237-DE591E3E4D2E.jpeg HTTP/1.1" 304 0 "https://spite.fr/?page=131" "Mozilla/5.0 (iPhone; CPU iPhone OS 17_6_1 like Mac OS X) AppleWebKit/605.1.15 (KHTML, like Gecko) Version/17.6 Mobile/15E148 Safari/604.1"
